110.85.101.81 - - [22/Feb/2014:09:06:05 -0600] "GET /22c016f10/UserPreferences?action=login HTTP/1.1" 200 9535 "http://weblog.cs.uiowa.edu/22c016f10/UserPreferences" "Mozilla/5.0 (iPod; CPU iPhone OS 6_1_3 like Mac OS X) AppleWebKit/536.26 (KHTML, like Gecko) Version/6.0 Mobile/10B329 Safari/8536.25"
110.85.101.81 - - [22/Feb/2014:09:06:06 -0600] "POST /22c016f10/UserPreferences HTTP/1.1" 200 13147 "http://weblog.cs.uiowa.edu/22c016f10/UserPreferences?action=login" "Mozilla/5.0 (iPod; CPU iPhone OS 6_1_3 like Mac OS X) AppleWebKit/536.26 (KHTML, like Gecko) Version/6.0 Mobile/10B329 Safari/8536.25"
220.161.169.240 - - [22/Feb/2014:09:06:15 -0600] "GET /22c016f10/Moving_Property_Lower_Your_Stress_Level_Throughout_Move HTTP/1.1" 404 8174 "http://weblog.cs.uiowa.edu/" "Mozilla/5.0 (iPod; CPU iPhone OS 6_1_3 like Mac OS X) AppleWebKit/536.26 (KHTML, like Gecko) Version/6.0 Mobile/10B329 Safari/8536.25"
220.161.169.240 - - [22/Feb/2014:09:06:16 -0600] "GET /22c016f10/Moving_Property_Lower_Your_Stress_Level_Throughout_Move?action=login HTTP/1.1" 200 6359 "http://weblog.cs.uiowa.edu/22c016f10/Moving_Property_Lower_Your_Stress_Level_Throughout_Move" "Mozilla/5.0 (iPod; CPU iPhone OS 6_1_3 like Mac OS X) AppleWebKit/536.26 (KHTML, like Gecko) Version/6.0 Mobile/10B329 Safari/8536.25"
220.161.169.240 - - [22/Feb/2014:09:06:17 -0600] "GET /22c016f10/UserPreferences HTTP/1.1" 200 13046 "http://weblog.cs.uiowa.edu/22c016f10/Moving_Property_Lower_Your_Stress_Level_Throughout_Move?action=login" "Mozilla/5.0 (iPod; CPU iPhone OS 6_1_3 like Mac OS X) AppleWebKit/536.26 (KHTML, like Gecko) Version/6.0 Mobile/10B329 Safari/8536.25"
173.0.52.61 - - [22/Feb/2014:09:06:18 -0600] "GET /22c016f10/The_Ideal_Way_To_Get_Rid_Of_Your_Belly_Fat HTTP/1.0" 404 7979 "http://weblog.cs.uiowa.edu/" "Mozilla/5.0 (iPod; CPU iPhone OS 6_1_3 like Mac OS X) AppleWebKit/536.26 (KHTML, like Gecko) Version/6.0 Mobile/10B329 Safari/8536.25"
220.161.169.240 - - [22/Feb/2014:09:06:19 -0600] "POST /22c016f10/UserPreferences HTTP/1.1" 200 13094 "http://weblog.cs.uiowa.edu/22c016f10/UserPreferences" "Mozilla/5.0 (iPod; CPU iPhone OS 6_1_3 like Mac OS X) AppleWebKit/536.26 (KHTML, like Gecko) Version/6.0 Mobile/10B329 Safari/8536.25"
173.0.52.61 - - [22/Feb/2014:09:06:19 -0600] "GET /22c016f10/the_ideal_way_to_get_rid_of_your_belly_fat?action=login HTTP/1.0" 200 6294 "http://weblog.cs.uiowa.edu/22c016f10/The_Ideal_Way_To_Get_Rid_Of_Your_Belly_Fat" "Mozilla/5.0 (iPod; CPU iPhone OS 6_1_3 like Mac OS X) AppleWebKit/536.26 (KHTML, like Gecko) Version/6.0 Mobile/10B329 Safari/8536.25"
173.0.52.61 - - [22/Feb/2014:09:06:20 -0600] "GET /22c016f10/userpreferences HTTP/1.0" 404 7879 "http://weblog.cs.uiowa.edu/22c016f10/the_ideal_way_to_get_rid_of_your_belly_fat?action=login" "Mozilla/5.0 (iPod; CPU iPhone OS 6_1_3 like Mac OS X) AppleWebKit/536.26 (KHTML, like Gecko) Version/6.0 Mobile/10B329 Safari/8536.25"
173.0.52.61 - - [22/Feb/2014:09:06:21 -0600] "GET /22c016f10/userpreferences?action=fullsearch&context=180&value=&titlesearch=titles HTTP/1.0" 200 8092 "http://weblog.cs.uiowa.edu/22c016f10/userpreferences" "Mozilla/5.0 (iPod; CPU iPhone OS 6_1_3 like Mac OS X) AppleWebKit/536.26 (KHTML, like Gecko) Version/6.0 Mobile/10B329 Safari/8536.25"
27.159.193.245 - - [22/Feb/2014:09:08:16 -0600] "GET /22c016f10/Gabriella_Psychic_Gets_Most HTTP/1.1" 404 7754 "http://weblog.cs.uiowa.edu/" "Mozilla/5.0 (iPod; CPU iPhone OS 6_1_3 like Mac OS X) AppleWebKit/536.26 (KHTML, like Gecko) Version/6.0 Mobile/10B329 Safari/8536.25"
184.154.149.203 - - [22/Feb/2014:09:08:16 -0600] "GET /22C111f07/22c111/Welcome.html HTTP/1.0" 200 12700 "http://nest.cs.uiowa.edu/" "Mozilla/5.0 (iPod; CPU iPhone OS 6_1_3 like Mac OS X) AppleWebKit/536.26 (KHTML, like Gecko) Version/6.0 Mobile/10B329 Safari/8536.25"
27.159.193.245 - - [22/Feb/2014:09:08:17 -0600] "GET /22c016f10/Gabriella_Psychic_Gets_Most?action=login HTTP/1.1" 200 6219 "http://weblog.cs.uiowa.edu/22c016f10/Gabriella_Psychic_Gets_Most" "Mozilla/5.0 (iPod; CPU iPhone OS 6_1_3 like Mac OS X) AppleWebKit/536.26 (KHTML, like Gecko) Version/6.0 Mobile/10B329 Safari/8536.25"
198.143.143.214 - - [22/Feb/2014:09:08:17 -0600] "GET /22c111/Welcome?action=login HTTP/1.0" 404 212 "http://nest.cs.uiowa.edu/22C111f07/22c111/Welcome.html" "Mozilla/5.0 (iPod; CPU iPhone OS 6_1_3 like Mac OS X) AppleWebKit/536.26 (KHTML, like Gecko) Version/6.0 Mobile/10B329 Safari/8536.25"
27.159.193.245 - - [22/Feb/2014:09:08:18 -0600] "GET /22c016f10/UserPreferences HTTP/1.1" 200 13046 "http://weblog.cs.uiowa.edu/22c016f10/Gabriella_Psychic_Gets_Most?action=login" "Mozilla/5.0 (iPod; CPU iPhone OS 6_1_3 like Mac OS X) AppleWebKit/536.26 (KHTML, like Gecko) Version/6.0 Mobile/10B329 Safari/8536.25"
198.143.143.214 - - [22/Feb/2014:09:08:18 -0600] "GET /22c111/Welcome?action=newaccount HTTP/1.0" 404 212 "http://weblog.cs.uiowa.edu/22c111/Welcome?action=login" "Mozilla/5.0 (iPod; CPU iPhone OS 6_1_3 like Mac OS X) AppleWebKit/536.26 (KHTML, like Gecko) Version/6.0 Mobile/10B329 Safari/8536.25"
27.159.193.245 - - [22/Feb/2014:09:08:19 -0600] "POST /22c016f10/UserPreferences HTTP/1.1" 200 13094 "http://weblog.cs.uiowa.edu/22c016f10/UserPreferences" "Mozilla/5.0 (iPod; CPU iPhone OS 6_1_3 like Mac OS X) AppleWebKit/536.26 (KHTML, like Gecko) Version/6.0 Mobile/10B329 Safari/8536.25"
66.249.73.104 - - [22/Feb/2014:09:11:51 -0600] "GET /sss2011/img/banner_grenoble_by_night.jpg HTTP/1.1" 304 - "-" "Googlebot-Image/1.0"
120.37.235.150 - - [22/Feb/2014:09:13:15 -0600] "GET /22c016f10/UserPreferences HTTP/1.1" 200 13046 "http://weblog.cs.uiowa.edu/" "Mozilla/5.0 (iPod; CPU iPhone OS 6_1_3 like Mac OS X) AppleWebKit/536.26 (KHTML, like Gecko) Version/6.0 Mobile/10B329 Safari/8536.25"
120.37.235.150 - - [22/Feb/2014:09:13:16 -0600] "GET /22c016f10/UserPreferences?action=login HTTP/1.1" 200 9535 "http://weblog.cs.uiowa.edu/22c016f10/UserPreferences" "Mozilla/5.0 (iPod; CPU iPhone OS 6_1_3 like Mac OS X) AppleWebKit/536.26 (KHTML, like Gecko) Version/6.0 Mobile/10B329 Safari/8536.25"
120.37.235.150 - - [22/Feb/2014:09:13:18 -0600] "POST /22c016f10/UserPreferences HTTP/1.1" 200 13147 "http://weblog.cs.uiowa.edu/22c016f10/UserPreferences?action=login" "Mozilla/5.0 (iPod; CPU iPhone OS 6_1_3 like Mac OS X) AppleWebKit/536.26 (KHTML, like Gecko) Version/6.0 Mobile/10B329 Safari/8536.25"
27.159.253.80 - - [22/Feb/2014:09:15:31 -0600] "GET /22c016f10/UserPreferences HTTP/1.1" 200 13046 "http://weblog.cs.uiowa.edu/" "Mozilla/5.0 (iPod; CPU iPhone OS 6_1_3 like Mac OS X) AppleWebKit/536.26 (KHTML, like Gecko) Version/6.0 Mobile/10B329 Safari/8536.25"
27.159.253.80 - - [22/Feb/2014:09:15:32 -0600] "GET /22c016f10/UserPreferences?action=login HTTP/1.1" 200 9535 "http://weblog.cs.uiowa.edu/22c016f10/UserPreferences" "Mozilla/5.0 (iPod; CPU iPhone OS 6_1_3 like Mac OS X) AppleWebKit/536.26 (KHTML, like Gecko) Version/6.0 Mobile/10B329 Safari/8536.25"
27.159.253.80 - - [22/Feb/2014:09:15:34 -0600] "POST /22c016f10/UserPreferences HTTP/1.1" 200 13147 "http://weblog.cs.uiowa.edu/22c016f10/UserPreferences?action=login" "Mozilla/5.0 (iPod; CPU iPhone OS 6_1_3 like Mac OS X) AppleWebKit/536.26 (KHTML, like Gecko) Version/6.0 Mobile/10B329 Safari/8536.25"
27.159.253.80 - - [22/Feb/2014:09:16:21 -0600] "GET /22c016f10/Unsuccessful_Sites:_The_Common_Pitfalls HTTP/1.1" 404 7960 "http://weblog.cs.uiowa.edu/" "Mozilla/5.0 (iPod; CPU iPhone OS 6_1_3 like Mac OS X) AppleWebKit/536.26 (KHTML, like Gecko) Version/6.0 Mobile/10B329 Safari/8536.25"
27.159.253.80 - - [22/Feb/2014:09:16:22 -0600] "GET /22c016f10/Unsuccessful_Sites%3A_The_Common_Pitfalls?action=login HTTP/1.1" 200 6287 "http://weblog.cs.uiowa.edu/22c016f10/Unsuccessful_Sites:_The_Common_Pitfalls" "Mozilla/5.0 (iPod; CPU iPhone OS 6_1_3 like Mac OS X) AppleWebKit/536.26 (KHTML, like Gecko) Version/6.0 Mobile/10B329 Safari/8536.25"
27.159.253.80 - - [22/Feb/2014:09:16:24 -0600] "GET /22c016f10/UserPreferences HTTP/1.1" 200 13046 "http://weblog.cs.uiowa.edu/22c016f10/Unsuccessful_Sites%3A_The_Common_Pitfalls?action=login" "Mozilla/5.0 (iPod; CPU iPhone OS 6_1_3 like Mac OS X) AppleWebKit/536.26 (KHTML, like Gecko) Version/6.0 Mobile/10B329 Safari/8536.25"
27.159.253.80 - - [22/Feb/2014:09:16:25 -0600] "POST /22c016f10/UserPreferences HTTP/1.1" 200 13094 "http://weblog.cs.uiowa.edu/22c016f10/UserPreferences" "Mozilla/5.0 (iPod; CPU iPhone OS 6_1_3 like Mac OS X) AppleWebKit/536.26 (KHTML, like Gecko) Version/6.0 Mobile/10B329 Safari/8536.25"
173.213.80.222 - - [22/Feb/2014:09:16:42 -0600] "GET /22c016f10/Gabriella_Psychic_Gets_Most_Dependable_Award HTTP/1.0" 404 8009 "http://weblog.cs.uiowa.edu/" "Mozilla/5.0 (iPod; CPU iPhone OS 6_1_3 like Mac OS X) AppleWebKit/536.26 (KHTML, like Gecko) Version/6.0 Mobile/10B329 Safari/8536.25"
173.213.80.222 - - [22/Feb/2014:09:16:44 -0600] "GET /22c016f10/Gabriella_Psychic_Gets_Most_Dependable_Award?action=login HTTP/1.0" 200 6304 "http://weblog.cs.uiowa.edu/22c016f10/Gabriella_Psychic_Gets_Most_Dependable_Award" "Mozilla/5.0 (iPod; CPU iPhone OS 6_1_3 like Mac OS X) AppleWebKit/536.26 (KHTML, like Gecko) Version/6.0 Mobile/10B329 Safari/8536.25"
173.213.80.222 - - [22/Feb/2014:09:16:47 -0600] "GET /22c016f10/UserPreferences HTTP/1.0" 200 13046 "http://weblog.cs.uiowa.edu/22c016f10/Gabriella_Psychic_Gets_Most_Dependable_Award?action=login" "Mozilla/5.0 (iPod; CPU iPhone OS 6_1_3 like Mac OS X) AppleWebKit/536.26 (KHTML, like Gecko) Version/6.0 Mobile/10B329 Safari/8536.25"
173.213.80.222 - - [22/Feb/2014:09:16:50 -0600] "POST /22c016f10/UserPreferences HTTP/1.0" 200 13094 "http://weblog.cs.uiowa.edu/22c016f10/UserPreferences" "Mozilla/5.0 (iPod; CPU iPhone OS 6_1_3 like Mac OS X) AppleWebKit/536.26 (KHTML, like Gecko) Version/6.0 Mobile/10B329 Safari/8536.25"
173.44.57.156 - - [22/Feb/2014:09:17:01 -0600] "GET /22c016f10/UserPreferences HTTP/1.0" 200 13046 "http://weblog.cs.uiowa.edu/" "Mozilla/5.0 (iPod; CPU iPhone OS 6_1_3 like Mac OS X) AppleWebKit/536.26 (KHTML, like Gecko) Version/6.0 Mobile/10B329 Safari/8536.25"
173.44.57.156 - - [22/Feb/2014:09:17:02 -0600] "GET /22c016f10/UserPreferences?action=login HTTP/1.0" 200 9535 "http://weblog.cs.uiowa.edu/22c016f10/UserPreferences" "Mozilla/5.0 (iPod; CPU iPhone OS 6_1_3 like Mac OS X) AppleWebKit/536.26 (KHTML, like Gecko) Version/6.0 Mobile/10B329 Safari/8536.25"
173.44.57.156 - - [22/Feb/2014:09:17:03 -0600] "POST /22c016f10/UserPreferences HTTP/1.0" 200 13147 "http://weblog.cs.uiowa.edu/22c016f10/UserPreferences?action=login" "Mozilla/5.0 (iPod; CPU iPhone OS 6_1_3 like Mac OS X) AppleWebKit/536.26 (KHTML, like Gecko) Version/6.0 Mobile/10B329 Safari/8536.25"
95.108.158.237 - - [22/Feb/2014:09:19:14 -0600] "GET /sss2003/image/icon.gif HTTP/1.1" 304 - "-" "Mozilla/5.0 (compatible; YandexImages/3.0; +http://yandex.com/bots)"
27.150.210.61 - - [22/Feb/2014:09:19:37 -0600] "GET /22c016f10/Moving_Property_Lower_Your_Stress_Level_Throughout_Move HTTP/1.1" 404 8174 "http://weblog.cs.uiowa.edu/" "Mozilla/5.0 (iPod; CPU iPhone OS 6_1_3 like Mac OS X) AppleWebKit/536.26 (KHTML, like Gecko) Version/6.0 Mobile/10B329 Safari/8536.25"
27.150.210.61 - - [22/Feb/2014:09:19:40 -0600] "GET /22c016f10/Moving_Property_Lower_Your_Stress_Level_Throughout_Move?action=login HTTP/1.1" 200 6359 "http://weblog.cs.uiowa.edu/22c016f10/Moving_Property_Lower_Your_Stress_Level_Throughout_Move" "Mozilla/5.0 (iPod; CPU iPhone OS 6_1_3 like Mac OS X) AppleWebKit/536.26 (KHTML, like Gecko) Version/6.0 Mobile/10B329 Safari/8536.25"
27.150.210.61 - - [22/Feb/2014:09:19:42 -0600] "GET /22c016f10/UserPreferences HTTP/1.1" 200 13046 "http://weblog.cs.uiowa.edu/22c016f10/Moving_Property_Lower_Your_Stress_Level_Throughout_Move?action=login" "Mozilla/5.0 (iPod; CPU iPhone OS 6_1_3 like Mac OS X) AppleWebKit/536.26 (KHTML, like Gecko) Version/6.0 Mobile/10B329 Safari/8536.25"
27.150.210.61 - - [22/Feb/2014:09:19:44 -0600] "POST /22c016f10/UserPreferences HTTP/1.1" 200 13094 "http://weblog.cs.uiowa.edu/22c016f10/UserPreferences" "Mozilla/5.0 (iPod; CPU iPhone OS 6_1_3 like Mac OS X) AppleWebKit/536.26 (KHTML, like Gecko) Version/6.0 Mobile/10B329 Safari/8536.25"
222.77.200.200 - - [22/Feb/2014:09:20:05 -0600] "GET /22c016f10/Moving_Property_Lower_Your_Stress_Level_Throughout_Move HTTP/1.1" 404 8174 "http://weblog.cs.uiowa.edu/" "Mozilla/5.0 (iPod; CPU iPhone OS 6_1_3 like Mac OS X) AppleWebKit/536.26 (KHTML, like Gecko) Version/6.0 Mobile/10B329 Safari/8536.25"
222.77.200.200 - - [22/Feb/2014:09:20:07 -0600] "GET /22c016f10/Moving_Property_Lower_Your_Stress_Level_Throughout_Move?action=login HTTP/1.1" 200 6359 "http://weblog.cs.uiowa.edu/22c016f10/Moving_Property_Lower_Your_Stress_Level_Throughout_Move" "Mozilla/5.0 (iPod; CPU iPhone OS 6_1_3 like Mac OS X) AppleWebKit/536.26 (KHTML, like Gecko) Version/6.0 Mobile/10B329 Safari/8536.25"
222.77.200.200 - - [22/Feb/2014:09:20:08 -0600] "GET /22c016f10/UserPreferences HTTP/1.1" 200 13046 "http://weblog.cs.uiowa.edu/22c016f10/Moving_Property_Lower_Your_Stress_Level_Throughout_Move?action=login" "Mozilla/5.0 (iPod; CPU iPhone OS 6_1_3 like Mac OS X) AppleWebKit/536.26 (KHTML, like Gecko) Version/6.0 Mobile/10B329 Safari/8536.25"
172.23.117.192 - - [22/Feb/2014:09:20:09 -0600] "GET /cs4980s14/Paper_Presentations?action=AttachFile&do=get&target=scribe-gfs.pdf HTTP/1.1" 200 208267 "http://weblog.cs.uiowa.edu/cs4980s14/Paper_Presentations" "Mozilla/5.0 (Windows NT 6.3; WOW64; rv:27.0) Gecko/20100101 Firefox/27.0"
222.77.200.200 - - [22/Feb/2014:09:20:10 -0600] "POST /22c016f10/UserPreferences HTTP/1.1" 200 13094 "http://weblog.cs.uiowa.edu/22c016f10/UserPreferences" "Mozilla/5.0 (iPod; CPU iPhone OS 6_1_3 like Mac OS X) AppleWebKit/536.26 (KHTML, like Gecko) Version/6.0 Mobile/10B329 Safari/8536.25"
62.210.129.171 - - [22/Feb/2014:09:20:14 -0600] "GET /22c016f10/Breast_Augmentation_Surgery_And_Its_Ins_And_Outs HTTP/1.1" 404 8069 "http://weblog.cs.uiowa.edu/" "Mozilla/5.0 (iPod; CPU iPhone OS 6_1_3 like Mac OS X) AppleWebKit/536.26 (KHTML, like Gecko) Version/6.0 Mobile/10B329 Safari/8536.25"
62.210.129.171 - - [22/Feb/2014:09:20:15 -0600] "GET /22c016f10/Breast_Augmentation_Surgery_And_Its_Ins_And_Outs?action=login HTTP/1.1" 200 6324 "http://weblog.cs.uiowa.edu/22c016f10/Breast_Augmentation_Surgery_And_Its_Ins_And_Outs" "Mozilla/5.0 (iPod; CPU iPhone OS 6_1_3 like Mac OS X) AppleWebKit/536.26 (KHTML, like Gecko) Version/6.0 Mobile/10B329 Safari/8536.25"
62.210.129.171 - - [22/Feb/2014:09:20:15 -0600] "GET /22c016f10/UserPreferences HTTP/1.1" 200 13046 "http://weblog.cs.uiowa.edu/22c016f10/Breast_Augmentation_Surgery_And_Its_Ins_And_Outs?action=login" "Mozilla/5.0 (iPod; CPU iPhone OS 6_1_3 like Mac OS X) AppleWebKit/536.26 (KHTML, like Gecko) Version/6.0 Mobile/10B329 Safari/8536.25"
62.210.129.171 - - [22/Feb/2014:09:20:16 -0600] "POST /22c016f10/UserPreferences HTTP/1.1" 200 13094 "http://weblog.cs.uiowa.edu/22c016f10/UserPreferences" "Mozilla/5.0 (iPod; CPU iPhone OS 6_1_3 like Mac OS X) AppleWebKit/536.26 (KHTML, like Gecko) Version/6.0 Mobile/10B329 Safari/8536.25"
172.23.117.192 - - [22/Feb/2014:09:20:25 -0600] "GET /cs4980s14/Paper_Presentations?action=AttachFile&do=get&target=scribe-dynamo.pdf HTTP/1.1" 200 50284 "http://weblog.cs.uiowa.edu/cs4980s14/Paper_Presentations" "Mozilla/5.0 (Windows NT 6.3; WOW64; rv:27.0) Gecko/20100101 Firefox/27.0"
::1 - - [22/Feb/2014:09:20:31 -0600] "OPTIONS * HTTP/1.0" 200 - "-" "Apache/2.2.17 (Unix) DAV/2 (internal dummy connection)"
27.159.196.229 - - [22/Feb/2014:09:20:37 -0600] "GET /22c016f10/UserPreferences HTTP/1.1" 200 13046 "http://weblog.cs.uiowa.edu/" "Mozilla/5.0 (iPod; CPU iPhone OS 6_1_3 like Mac OS X) AppleWebKit/536.26 (KHTML, like Gecko) Version/6.0 Mobile/10B329 Safari/8536.25"
27.159.196.229 - - [22/Feb/2014:09:20:39 -0600] "GET /22c016f10/UserPreferences?action=login HTTP/1.1" 200 9535 "http://weblog.cs.uiowa.edu/22c016f10/UserPreferences" "Mozilla/5.0 (iPod; CPU iPhone OS 6_1_3 like Mac OS X) AppleWebKit/536.26 (KHTML, like Gecko) Version/6.0 Mobile/10B329 Safari/8536.25"
27.159.196.229 - - [22/Feb/2014:09:20:41 -0600] "POST /22c016f10/UserPreferences HTTP/1.1" 200 13147 "http://weblog.cs.uiowa.edu/22c016f10/UserPreferences?action=login" "Mozilla/5.0 (iPod; CPU iPhone OS 6_1_3 like Mac OS X) AppleWebKit/536.26 (KHTML, like Gecko) Version/6.0 Mobile/10B329 Safari/8536.25"
178.32.53.5 - - [22/Feb/2014:09:22:38 -0600] "GET /22C111f07/22c111/Welcome.html HTTP/1.1" 200 12700 "http://nest.cs.uiowa.edu/" "Mozilla/5.0 (iPod; CPU iPhone OS 6_1_3 like Mac OS X) AppleWebKit/536.26 (KHTML, like Gecko) Version/6.0 Mobile/10B329 Safari/8536.25"
178.32.53.5 - - [22/Feb/2014:09:22:38 -0600] "GET /22c111/Welcome?action=login HTTP/1.1" 404 212 "http://nest.cs.uiowa.edu/22C111f07/22c111/Welcome.html" "Mozilla/5.0 (iPod; CPU iPhone OS 6_1_3 like Mac OS X) AppleWebKit/536.26 (KHTML, like Gecko) Version/6.0 Mobile/10B329 Safari/8536.25"
178.32.53.5 - - [22/Feb/2014:09:22:38 -0600] "GET /22c111/Welcome?action=newaccount HTTP/1.1" 404 212 "http://weblog.cs.uiowa.edu/22c111/Welcome?action=login" "Mozilla/5.0 (iPod; CPU iPhone OS 6_1_3 like Mac OS X) AppleWebKit/536.26 (KHTML, like Gecko) Version/6.0 Mobile/10B329 Safari/8536.25"
66.249.73.104 - - [22/Feb/2014:09:25:57 -0600] "GET /sss2012/submission.html HTTP/1.1" 200 8617 "-" "Mozilla/5.0 (iPhone; CPU iPhone OS 6_0 like Mac OS X) AppleWebKit/536.26 (KHTML, like Gecko) Version/6.0 Mobile/10A5376e Safari/8536.25 (compatible; Googlebot/2.1; +http://www.google.com/bot.html)"
62.210.129.171 - - [22/Feb/2014:09:26:55 -0600] "GET /22c016f10/Breast_Augmentation_Surgery_And_Its_Ins_And_Outs HTTP/1.1" 404 8069 "http://weblog.cs.uiowa.edu/" "Mozilla/5.0 (iPod; CPU iPhone OS 6_1_3 like Mac OS X) AppleWebKit/536.26 (KHTML, like Gecko) Version/6.0 Mobile/10B329 Safari/8536.25"
62.210.129.171 - - [22/Feb/2014:09:26:56 -0600] "GET /22c016f10/Breast_Augmentation_Surgery_And_Its_Ins_And_Outs?action=login HTTP/1.1" 200 6324 "http://weblog.cs.uiowa.edu/22c016f10/Breast_Augmentation_Surgery_And_Its_Ins_And_Outs" "Mozilla/5.0 (iPod; CPU iPhone OS 6_1_3 like Mac OS X) AppleWebKit/536.26 (KHTML, like Gecko) Version/6.0 Mobile/10B329 Safari/8536.25"
62.210.129.171 - - [22/Feb/2014:09:26:56 -0600] "GET /22c016f10/UserPreferences HTTP/1.1" 200 13046 "http://weblog.cs.uiowa.edu/22c016f10/Breast_Augmentation_Surgery_And_Its_Ins_And_Outs?action=login" "Mozilla/5.0 (iPod; CPU iPhone OS 6_1_3 like Mac OS X) AppleWebKit/536.26 (KHTML, like Gecko) Version/6.0 Mobile/10B329 Safari/8536.25"
62.210.129.171 - - [22/Feb/2014:09:26:57 -0600] "POST /22c016f10/UserPreferences HTTP/1.1" 200 13094 "http://weblog.cs.uiowa.edu/22c016f10/UserPreferences" "Mozilla/5.0 (iPod; CPU iPhone OS 6_1_3 like Mac OS X) AppleWebKit/536.26 (KHTML, like Gecko) Version/6.0 Mobile/10B329 Safari/8536.25"
94.23.101.188 - - [22/Feb/2014:09:28:02 -0600] "GET /22C111f07/22c111/Welcome.html HTTP/1.1" 200 12700 "http://nest.cs.uiowa.edu/" "Mozilla/5.0 (iPod; CPU iPhone OS 6_1_3 like Mac OS X) AppleWebKit/536.26 (KHTML, like Gecko) Version/6.0 Mobile/10B329 Safari/8536.25"
94.23.101.188 - - [22/Feb/2014:09:28:03 -0600] "GET /22c111/Welcome?action=login HTTP/1.1" 404 212 "http://nest.cs.uiowa.edu/22C111f07/22c111/Welcome.html" "Mozilla/5.0 (iPod; CPU iPhone OS 6_1_3 like Mac OS X) AppleWebKit/536.26 (KHTML, like Gecko) Version/6.0 Mobile/10B329 Safari/8536.25"
94.23.101.188 - - [22/Feb/2014:09:28:03 -0600] "GET /22c111/Welcome?action=newaccount HTTP/1.1" 404 212 "http://weblog.cs.uiowa.edu/22c111/Welcome?action=login" "Mozilla/5.0 (iPod; CPU iPhone OS 6_1_3 like Mac OS X) AppleWebKit/536.26 (KHTML, like Gecko) Version/6.0 Mobile/10B329 Safari/8536.25"
27.150.211.131 - - [22/Feb/2014:09:28:04 -0600] "GET /22c016f10/UserPreferences HTTP/1.1" 200 13046 "http://weblog.cs.uiowa.edu/" "Mozilla/5.0 (iPod; CPU iPhone OS 6_1_3 like Mac OS X) AppleWebKit/536.26 (KHTML, like Gecko) Version/6.0 Mobile/10B329 Safari/8536.25"
27.150.211.131 - - [22/Feb/2014:09:28:05 -0600] "GET /22c016f10/UserPreferences?action=login HTTP/1.1" 200 9535 "http://weblog.cs.uiowa.edu/22c016f10/UserPreferences" "Mozilla/5.0 (iPod; CPU iPhone OS 6_1_3 like Mac OS X) AppleWebKit/536.26 (KHTML, like Gecko) Version/6.0 Mobile/10B329 Safari/8536.25"
27.150.211.131 - - [22/Feb/2014:09:28:07 -0600] "POST /22c016f10/UserPreferences HTTP/1.1" 200 13147 "http://weblog.cs.uiowa.edu/22c016f10/UserPreferences?action=login" "Mozilla/5.0 (iPod; CPU iPhone OS 6_1_3 like Mac OS X) AppleWebKit/536.26 (KHTML, like Gecko) Version/6.0 Mobile/10B329 Safari/8536.25"
81.157.151.48 - - [22/Feb/2014:09:28:59 -0600] "GET / HTTP/1.1" 200 2732 "-" "Mozilla/5.0 (Macintosh; Intel Mac OS X 10_9_1) AppleWebKit/537.73.11 (KHTML, like Gecko) Version/7.0.1 Safari/537.73.11"
81.157.151.48 - - [22/Feb/2014:09:28:59 -0600] "GET /theme/bootstrap-responsive.css HTTP/1.1" 200 22111 "http://functionalfirstpython.com/" "Mozilla/5.0 (Macintosh; Intel Mac OS X 10_9_1) AppleWebKit/537.73.11 (KHTML, like Gecko) Version/7.0.1 Safari/537.73.11"
81.157.151.48 - - [22/Feb/2014:09:28:59 -0600] "GET /theme/bootstrap.icon-large.css HTTP/1.1" 200 27423 "http://functionalfirstpython.com/" "Mozilla/5.0 (Macintosh; Intel Mac OS X 10_9_1) AppleWebKit/537.73.11 (KHTML, like Gecko) Version/7.0.1 Safari/537.73.11"
81.157.151.48 - - [22/Feb/2014:09:28:59 -0600] "GET /theme/local.css HTTP/1.1" 200 643 "http://functionalfirstpython.com/" "Mozilla/5.0 (Macintosh; Intel Mac OS X 10_9_1) AppleWebKit/537.73.11 (KHTML, like Gecko) Version/7.0.1 Safari/537.73.11"
81.157.151.48 - - [22/Feb/2014:09:28:59 -0600] "GET /theme/bootstrap.min.js HTTP/1.1" 200 28631 "http://functionalfirstpython.com/" "Mozilla/5.0 (Macintosh; Intel Mac OS X 10_9_1) AppleWebKit/537.73.11 (KHTML, like Gecko) Version/7.0.1 Safari/537.73.11"
81.157.151.48 - - [22/Feb/2014:09:28:59 -0600] "GET /theme/bootstrap.css HTTP/1.1" 200 127923 "http://functionalfirstpython.com/" "Mozilla/5.0 (Macintosh; Intel Mac OS X 10_9_1) AppleWebKit/537.73.11 (KHTML, like Gecko) Version/7.0.1 Safari/537.73.11"
81.157.151.48 - - [22/Feb/2014:09:29:02 -0600] "GET /glyphicons/glyphicons_020_home.png HTTP/1.1" 200 1245 "http://functionalfirstpython.com/" "Mozilla/5.0 (Macintosh; Intel Mac OS X 10_9_1) AppleWebKit/537.73.11 (KHTML, like Gecko) Version/7.0.1 Safari/537.73.11"
81.157.151.48 - - [22/Feb/2014:09:29:02 -0600] "GET /glyphicons/glyphicons_279_tablet.png HTTP/1.1" 200 1197 "http://functionalfirstpython.com/" "Mozilla/5.0 (Macintosh; Intel Mac OS X 10_9_1) AppleWebKit/537.73.11 (KHTML, like Gecko) Version/7.0.1 Safari/537.73.11"
81.157.151.48 - - [22/Feb/2014:09:29:02 -0600] "GET /glyphicons/glyphicons_071_book.png HTTP/1.1" 200 1254 "http://functionalfirstpython.com/" "Mozilla/5.0 (Macintosh; Intel Mac OS X 10_9_1) AppleWebKit/537.73.11 (KHTML, like Gecko) Version/7.0.1 Safari/537.73.11"
81.157.151.48 - - [22/Feb/2014:09:29:02 -0600] "GET /glyphicons/glyphicons_181_download_alt.png HTTP/1.1" 200 1289 "http://functionalfirstpython.com/" "Mozilla/5.0 (Macintosh; Intel Mac OS X 10_9_1) AppleWebKit/537.73.11 (KHTML, like Gecko) Version/7.0.1 Safari/537.73.11"
81.157.151.48 - - [22/Feb/2014:09:29:02 -0600] "GET /glyphicons/glyphicons_253_fins.png HTTP/1.1" 200 1523 "http://functionalfirstpython.com/" "Mozilla/5.0 (Macintosh; Intel Mac OS X 10_9_1) AppleWebKit/537.73.11 (KHTML, like Gecko) Version/7.0.1 Safari/537.73.11"
81.157.151.48 - - [22/Feb/2014:09:29:03 -0600] "GET /favicon.ico HTTP/1.1" 200 1357 "http://functionalfirstpython.com/" "Mozilla/5.0 (Macintosh; Intel Mac OS X 10_9_1) AppleWebKit/537.73.11 (KHTML, like Gecko) Version/7.0.1 Safari/537.73.11"
::1 - - [22/Feb/2014:09:29:11 -0600] "OPTIONS * HTTP/1.0" 200 - "-" "Apache/2.2.17 (Unix) DAV/2 (internal dummy connection)"
81.157.151.48 - - [22/Feb/2014:09:29:15 -0600] "GET /steppered/ HTTP/1.1" 200 3895 "http://functionalfirstpython.com/" "Mozilla/5.0 (Macintosh; Intel Mac OS X 10_9_1) AppleWebKit/537.73.11 (KHTML, like Gecko) Version/7.0.1 Safari/537.73.11"
81.157.151.48 - - [22/Feb/2014:09:29:15 -0600] "GET /steppered/theme/bootstrap-responsive.css HTTP/1.1" 200 22111 "http://functionalfirstpython.com/steppered/" "Mozilla/5.0 (Macintosh; Intel Mac OS X 10_9_1) AppleWebKit/537.73.11 (KHTML, like Gecko) Version/7.0.1 Safari/537.73.11"
81.157.151.48 - - [22/Feb/2014:09:29:16 -0600] "GET /steppered/theme/bootstrap.icon-large.css HTTP/1.1" 200 27423 "http://functionalfirstpython.com/steppered/" "Mozilla/5.0 (Macintosh; Intel Mac OS X 10_9_1) AppleWebKit/537.73.11 (KHTML, like Gecko) Version/7.0.1 Safari/537.73.11"
81.157.151.48 - - [22/Feb/2014:09:29:16 -0600] "GET /steppered/theme/local.css HTTP/1.1" 200 549 "http://functionalfirstpython.com/steppered/" "Mozilla/5.0 (Macintosh; Intel Mac OS X 10_9_1) AppleWebKit/537.73.11 (KHTML, like Gecko) Version/7.0.1 Safari/537.73.11"
81.157.151.48 - - [22/Feb/2014:09:29:16 -0600] "GET /steppered/theme/debugger.css HTTP/1.1" 200 1889 "http://functionalfirstpython.com/steppered/" "Mozilla/5.0 (Macintosh; Intel Mac OS X 10_9_1) AppleWebKit/537.73.11 (KHTML, like Gecko) Version/7.0.1 Safari/537.73.11"
81.157.151.48 - - [22/Feb/2014:09:29:16 -0600] "GET /steppered/theme/jquery-ui-1.8.16.custom.css HTTP/1.1" 200 20231 "http://functionalfirstpython.com/steppered/" "Mozilla/5.0 (Macintosh; Intel Mac OS X 10_9_1) AppleWebKit/537.73.11 (KHTML, like Gecko) Version/7.0.1 Safari/537.73.11"
81.157.151.48 - - [22/Feb/2014:09:29:16 -0600] "GET /steppered/theme/bootstrap.min.js HTTP/1.1" 200 28631 "http://functionalfirstpython.com/steppered/" "Mozilla/5.0 (Macintosh; Intel Mac OS X 10_9_1) AppleWebKit/537.73.11 (KHTML, like Gecko) Version/7.0.1 Safari/537.73.11"
81.157.151.48 - - [22/Feb/2014:09:29:15 -0600] "GET /steppered/theme/bootstrap.css HTTP/1.1" 200 127923 "http://functionalfirstpython.com/steppered/" "Mozilla/5.0 (Macintosh; Intel Mac OS X 10_9_1) AppleWebKit/537.73.11 (KHTML, like Gecko) Version/7.0.1 Safari/537.73.11"
81.157.151.48 - - [22/Feb/2014:09:29:16 -0600] "GET /steppered/theme/jquery.js HTTP/1.1" 200 236202 "http://functionalfirstpython.com/steppered/" "Mozilla/5.0 (Macintosh; Intel Mac OS X 10_9_1) AppleWebKit/537.73.11 (KHTML, like Gecko) Version/7.0.1 Safari/537.73.11"
81.157.151.48 - - [22/Feb/2014:09:29:19 -0600] "GET /steppered/theme/debugger.js HTTP/1.1" 200 5619 "http://functionalfirstpython.com/steppered/" "Mozilla/5.0 (Macintosh; Intel Mac OS X 10_9_1) AppleWebKit/537.73.11 (KHTML, like Gecko) Version/7.0.1 Safari/537.73.11"
81.157.151.48 - - [22/Feb/2014:09:29:22 -0600] "GET /steppered/theme/jquery.textarea.js HTTP/1.1" 200 10279 "http://functionalfirstpython.com/steppered/" "Mozilla/5.0 (Macintosh; Intel Mac OS X 10_9_1) AppleWebKit/537.73.11 (KHTML, like Gecko) Version/7.0.1 Safari/537.73.11"
81.157.151.48 - - [22/Feb/2014:09:29:23 -0600] "GET /steppered/theme/jquery.form.js HTTP/1.1" 200 26755 "http://functionalfirstpython.com/steppered/" "Mozilla/5.0 (Macintosh; Intel Mac OS X 10_9_1) AppleWebKit/537.73.11 (KHTML, like Gecko) Version/7.0.1 Safari/537.73.11"
81.157.151.48 - - [22/Feb/2014:09:29:24 -0600] "GET /steppered/theme/jquery-ui-1.8.16.custom.min.js HTTP/1.1" 200 20594 "http://functionalfirstpython.com/steppered/" "Mozilla/5.0 (Macintosh; Intel Mac OS X 10_9_1) AppleWebKit/537.73.11 (KHTML, like Gecko) Version/7.0.1 Safari/537.73.11"
81.157.151.48 - - [22/Feb/2014:09:29:24 -0600] "GET /steppered/glyphicons/glyphicons_020_home.png HTTP/1.1" 200 1245 "http://functionalfirstpython.com/steppered/" "Mozilla/5.0 (Macintosh; Intel Mac OS X 10_9_1) AppleWebKit/537.73.11 (KHTML, like Gecko) Version/7.0.1 Safari/537.73.11"
81.157.151.48 - - [22/Feb/2014:09:29:24 -0600] "GET /steppered/glyphicons/glyphicons_071_book.png HTTP/1.1" 200 1254 "http://functionalfirstpython.com/steppered/" "Mozilla/5.0 (Macintosh; Intel Mac OS X 10_9_1) AppleWebKit/537.73.11 (KHTML, like Gecko) Version/7.0.1 Safari/537.73.11"
81.157.151.48 - - [22/Feb/2014:09:29:24 -0600] "GET /steppered/glyphicons/glyphicons_279_tablet.png HTTP/1.1" 200 1197 "http://functionalfirstpython.com/steppered/" "Mozilla/5.0 (Macintosh; Intel Mac OS X 10_9_1) AppleWebKit/537.73.11 (KHTML, like Gecko) Version/7.0.1 Safari/537.73.11"
81.157.151.48 - - [22/Feb/2014:09:29:24 -0600] "GET /steppered/glyphicons/glyphicons_253_fins.png HTTP/1.1" 200 1523 "http://functionalfirstpython.com/steppered/" "Mozilla/5.0 (Macintosh; Intel Mac OS X 10_9_1) AppleWebKit/537.73.11 (KHTML, like Gecko) Version/7.0.1 Safari/537.73.11"
81.157.151.48 - - [22/Feb/2014:09:29:24 -0600] "GET /steppered/glyphicons/glyphicons_181_download_alt.png HTTP/1.1" 200 1289 "http://functionalfirstpython.com/steppered/" "Mozilla/5.0 (Macintosh; Intel Mac OS X 10_9_1) AppleWebKit/537.73.11 (KHTML, like Gecko) Version/7.0.1 Safari/537.73.11"
::1 - - [22/Feb/2014:09:29:32 -0600] "OPTIONS * HTTP/1.0" 200 - "-" "Apache/2.2.17 (Unix) DAV/2 (internal dummy connection)"
110.85.100.147 - - [22/Feb/2014:09:29:48 -0600] "GET /22c016f10/Gabriella_Psychic_Gets_Most HTTP/1.1" 404 7754 "http://weblog.cs.uiowa.edu/" "Mozilla/5.0 (iPod; CPU iPhone OS 6_1_3 like Mac OS X) AppleWebKit/536.26 (KHTML, like Gecko) Version/6.0 Mobile/10B329 Safari/8536.25"
110.85.100.147 - - [22/Feb/2014:09:29:49 -0600] "GET /22c016f10/Gabriella_Psychic_Gets_Most?action=login HTTP/1.1" 200 6219 "http://weblog.cs.uiowa.edu/22c016f10/Gabriella_Psychic_Gets_Most" "Mozilla/5.0 (iPod; CPU iPhone OS 6_1_3 like Mac OS X) AppleWebKit/536.26 (KHTML, like Gecko) Version/6.0 Mobile/10B329 Safari/8536.25"
110.85.100.147 - - [22/Feb/2014:09:29:51 -0600] "GET /22c016f10/UserPreferences HTTP/1.1" 200 13046 "http://weblog.cs.uiowa.edu/22c016f10/Gabriella_Psychic_Gets_Most?action=login" "Mozilla/5.0 (iPod; CPU iPhone OS 6_1_3 like Mac OS X) AppleWebKit/536.26 (KHTML, like Gecko) Version/6.0 Mobile/10B329 Safari/8536.25"
110.85.100.147 - - [22/Feb/2014:09:29:53 -0600] "POST /22c016f10/UserPreferences HTTP/1.1" 200 13094 "http://weblog.cs.uiowa.edu/22c016f10/UserPreferences" "Mozilla/5.0 (iPod; CPU iPhone OS 6_1_3 like Mac OS X) AppleWebKit/536.26 (KHTML, like Gecko) Version/6.0 Mobile/10B329 Safari/8536.25"
216.152.243.146 - - [22/Feb/2014:09:30:46 -0600] "GET /22c016f10/UserPreferences HTTP/1.1" 200 13046 "http://weblog.cs.uiowa.edu/" "Mozilla/5.0 (iPod; CPU iPhone OS 6_1_3 like Mac OS X) AppleWebKit/536.26 (KHTML, like Gecko) Version/6.0 Mobile/10B329 Safari/8536.25"
216.152.243.146 - - [22/Feb/2014:09:30:46 -0600] "GET /22c016f10/UserPreferences?action=login HTTP/1.1" 200 9535 "http://weblog.cs.uiowa.edu/22c016f10/UserPreferences" "Mozilla/5.0 (iPod; CPU iPhone OS 6_1_3 like Mac OS X) AppleWebKit/536.26 (KHTML, like Gecko) Version/6.0 Mobile/10B329 Safari/8536.25"
216.152.243.146 - - [22/Feb/2014:09:30:47 -0600] "POST /22c016f10/UserPreferences HTTP/1.1" 200 13147 "http://weblog.cs.uiowa.edu/22c016f10/UserPreferences?action=login" "Mozilla/5.0 (iPod; CPU iPhone OS 6_1_3 like Mac OS X) AppleWebKit/536.26 (KHTML, like Gecko) Version/6.0 Mobile/10B329 Safari/8536.25"
217.69.133.246 - - [22/Feb/2014:09:31:59 -0600] "GET /robots.txt HTTP/1.1" 200 26 "-" "Mozilla/5.0 (compatible; Linux x86_64; Mail.RU_Bot/2.0; +http://go.mail.ru/help/robots)"
27.159.208.80 - - [22/Feb/2014:09:33:05 -0600] "GET /22c016f10/Moving_Property_Lower_Your_Stress_Level_Throughout_Move HTTP/1.1" 404 8174 "http://weblog.cs.uiowa.edu/" "Mozilla/5.0 (iPod; CPU iPhone OS 6_1_3 like Mac OS X) AppleWebKit/536.26 (KHTML, like Gecko) Version/6.0 Mobile/10B329 Safari/8536.25"
27.159.208.80 - - [22/Feb/2014:09:33:06 -0600] "GET /22c016f10/Moving_Property_Lower_Your_Stress_Level_Throughout_Move?action=login HTTP/1.1" 200 6359 "http://weblog.cs.uiowa.edu/22c016f10/Moving_Property_Lower_Your_Stress_Level_Throughout_Move" "Mozilla/5.0 (iPod; CPU iPhone OS 6_1_3 like Mac OS X) AppleWebKit/536.26 (KHTML, like Gecko) Version/6.0 Mobile/10B329 Safari/8536.25"
27.159.208.80 - - [22/Feb/2014:09:33:07 -0600] "GET /22c016f10/UserPreferences HTTP/1.1" 200 13046 "http://weblog.cs.uiowa.edu/22c016f10/Moving_Property_Lower_Your_Stress_Level_Throughout_Move?action=login" "Mozilla/5.0 (iPod; CPU iPhone OS 6_1_3 like Mac OS X) AppleWebKit/536.26 (KHTML, like Gecko) Version/6.0 Mobile/10B329 Safari/8536.25"
27.159.208.80 - - [22/Feb/2014:09:33:11 -0600] "POST /22c016f10/UserPreferences HTTP/1.1" 200 13094 "http://weblog.cs.uiowa.edu/22c016f10/UserPreferences" "Mozilla/5.0 (iPod; CPU iPhone OS 6_1_3 like Mac OS X) AppleWebKit/536.26 (KHTML, like Gecko) Version/6.0 Mobile/10B329 Safari/8536.25"
62.210.131.157 - - [22/Feb/2014:09:33:16 -0600] "GET /22c016f10/Zero_Forms_Payday_cash_advances:_Instantaneous__Uncomplicated_Economic_Answers HTTP/1.1" 404 8530 "http://weblog.cs.uiowa.edu/" "Mozilla/5.0 (iPod; CPU iPhone OS 6_1_3 like Mac OS X) AppleWebKit/536.26 (KHTML, like Gecko) Version/6.0 Mobile/10B329 Safari/8536.25"
62.210.131.157 - - [22/Feb/2014:09:33:16 -0600] "GET /22c016f10/Zero_Forms_Payday_cash_advances%3A_Instantaneous_Uncomplicated_Economic_Answers?action=login HTTP/1.1" 200 6477 "http://weblog.cs.uiowa.edu/22c016f10/Zero_Forms_Payday_cash_advances:_Instantaneous__Uncomplicated_Economic_Answers" "Mozilla/5.0 (iPod; CPU iPhone OS 6_1_3 like Mac OS X) AppleWebKit/536.26 (KHTML, like Gecko) Version/6.0 Mobile/10B329 Safari/8536.25"
62.210.131.157 - - [22/Feb/2014:09:33:17 -0600] "GET /22c016f10/UserPreferences HTTP/1.1" 200 13046 "http://weblog.cs.uiowa.edu/22c016f10/Zero_Forms_Payday_cash_advances%3A_Instantaneous_Uncomplicated_Economic_Answers?action=login" "Mozilla/5.0 (iPod; CPU iPhone OS 6_1_3 like Mac OS X) AppleWebKit/536.26 (KHTML, like Gecko) Version/6.0 Mobile/10B329 Safari/8536.25"
62.210.131.157 - - [22/Feb/2014:09:33:18 -0600] "POST /22c016f10/UserPreferences HTTP/1.1" 200 13094 "http://weblog.cs.uiowa.edu/22c016f10/UserPreferences" "Mozilla/5.0 (iPod; CPU iPhone OS 6_1_3 like Mac OS X) AppleWebKit/536.26 (KHTML, like Gecko) Version/6.0 Mobile/10B329 Safari/8536.25"
93.185.229.49 - - [22/Feb/2014:09:33:35 -0600] "GET /22C178s98/manpage/nslookup.html HTTP/1.1" 200 13295 "http://www.secnap.com/support/faqs/dns-setup.html" "Mozilla/5.0 (Windows NT 6.1; WOW64; rv:27.0) Gecko/20100101 Firefox/27.0"
93.185.229.49 - - [22/Feb/2014:09:33:37 -0600] "GET /favicon.ico HTTP/1.1" 200 904 "-" "Mozilla/5.0 (Windows NT 6.1; WOW64; rv:27.0) Gecko/20100101 Firefox/27.0"
208.115.113.83 - - [22/Feb/2014:09:35:56 -0600] "GET /Dagstuhl2000/index.en.phtml HTTP/1.1" 200 12412 "-" "Mozilla/5.0 (compatible; Ezooms/1.0; help@moz.com)"
208.115.113.83 - - [22/Feb/2014:09:35:58 -0600] "GET /sss2006 HTTP/1.1" 301 245 "-" "Mozilla/5.0 (compatible; Ezooms/1.0; help@moz.com)"
208.115.113.83 - - [22/Feb/2014:09:36:00 -0600] "GET /sss2007/pmwiki.php/Main/CallForPapers%3Faction=login.html HTTP/1.1" 200 6065 "-" "Mozilla/5.0 (compatible; Ezooms/1.0; help@moz.com)"
208.115.113.83 - - [22/Feb/2014:09:36:02 -0600] "GET /sss2009/social.html HTTP/1.1" 200 3192 "-" "Mozilla/5.0 (compatible; Ezooms/1.0; help@moz.com)"
81.157.151.48 - - [22/Feb/2014:09:38:43 -0600] "GET /steppered/ HTTP/1.1" 200 3895 "-" "Mozilla/5.0 (Macintosh; Intel Mac OS X 10_9_1) AppleWebKit/537.73.11 (KHTML, like Gecko) Version/7.0.1 Safari/537.73.11"
95.108.158.237 - - [22/Feb/2014:09:40:36 -0600] "GET /sss2009/images/Lyon/tour_rose.jpg HTTP/1.1" 304 - "-" "Mozilla/5.0 (compatible; YandexImages/3.0; +http://yandex.com/bots)"
220.181.108.104 - - [22/Feb/2014:09:41:52 -0600] "GET / HTTP/1.1" 200 2732 "-" "Mozilla/5.0 (compatible; Baiduspider/2.0; +http://www.baidu.com/search/spider.html)"
178.238.235.184 - - [22/Feb/2014:09:48:43 -0600] "GET /sss2013/regsys/form.php HTTP/1.1" 200 11231 "-" "Mozilla/5.0 (compatible; MSIE 10.0; Windows NT 6.1; Trident/6.0)"
66.249.73.104 - - [22/Feb/2014:09:51:23 -0600] "GET /sss2011/img/inria.png HTTP/1.1" 304 - "-" "Googlebot-Image/1.0"
110.85.100.147 - - [22/Feb/2014:09:53:33 -0600] "GET /22c016f10/UserPreferences HTTP/1.1" 200 13046 "http://weblog.cs.uiowa.edu/" "Mozilla/5.0 (iPod; CPU iPhone OS 6_1_3 like Mac OS X) AppleWebKit/536.26 (KHTML, like Gecko) Version/6.0 Mobile/10B329 Safari/8536.25"
110.85.100.147 - - [22/Feb/2014:09:53:34 -0600] "GET /22c016f10/UserPreferences?action=login HTTP/1.1" 200 9535 "http://weblog.cs.uiowa.edu/22c016f10/UserPreferences" "Mozilla/5.0 (iPod; CPU iPhone OS 6_1_3 like Mac OS X) AppleWebKit/536.26 (KHTML, like Gecko) Version/6.0 Mobile/10B329 Safari/8536.25"
110.85.100.147 - - [22/Feb/2014:09:53:36 -0600] "POST /22c016f10/UserPreferences HTTP/1.1" 200 13146 "http://weblog.cs.uiowa.edu/22c016f10/UserPreferences?action=login" "Mozilla/5.0 (iPod; CPU iPhone OS 6_1_3 like Mac OS X) AppleWebKit/536.26 (KHTML, like Gecko) Version/6.0 Mobile/10B329 Safari/8536.25"
66.249.73.104 - - [22/Feb/2014:09:54:57 -0600] "GET /sss2009/thursday_SSS09/Pages/14.html HTTP/1.1" 304 - "-" "Mozilla/5.0 (iPhone; CPU iPhone OS 6_0 like Mac OS X) AppleWebKit/536.26 (KHTML, like Gecko) Version/6.0 Mobile/10A5376e Safari/8536.25 (compatible; Googlebot/2.1; +http://www.google.com/bot.html)"
66.249.73.104 - - [22/Feb/2014:09:57:10 -0600] "GET /sss2005/ HTTP/1.1" 304 - "-" "Mozilla/5.0 (compatible; Googlebot/2.1; +http://www.google.com/bot.html)"
180.76.5.18 - - [22/Feb/2014:09:58:42 -0600] "GET /Dagstuhl2000/ HTTP/1.1" 200 12404 "-" "Mozilla/5.0 (compatible; Baiduspider/2.0; +http://www.baidu.com/search/spider.html)"
200.61.21.75 - - [22/Feb/2014:10:00:30 -0600] "GET /22c016f10/Moving_Property_Lower_Your_Stress_Level_Throughout_Move HTTP/1.0" 404 8174 "http://weblog.cs.uiowa.edu/" "Mozilla/5.0 (iPod; CPU iPhone OS 6_1_3 like Mac OS X) AppleWebKit/536.26 (KHTML, like Gecko) Version/6.0 Mobile/10B329 Safari/8536.25"
5.135.214.239 - - [22/Feb/2014:10:00:34 -0600] "GET /22c016f10/UserPreferences HTTP/1.0" 200 13046 "http://weblog.cs.uiowa.edu/" "Mozilla/5.0 (iPod; CPU iPhone OS 6_1_3 like Mac OS X) AppleWebKit/536.26 (KHTML, like Gecko) Version/6.0 Mobile/10B329 Safari/8536.25"
5.135.214.239 - - [22/Feb/2014:10:00:39 -0600] "GET /22c016f10/UserPreferences?action=login HTTP/1.0" 200 9535 "http://weblog.cs.uiowa.edu/22c016f10/UserPreferences" "Mozilla/5.0 (iPod; CPU iPhone OS 6_1_3 like Mac OS X) AppleWebKit/536.26 (KHTML, like Gecko) Version/6.0 Mobile/10B329 Safari/8536.25"
5.135.214.239 - - [22/Feb/2014:10:00:49 -0600] "GET /22c016f10/UserPreferences HTTP/1.0" 200 13046 "http://weblog.cs.uiowa.edu/22c016f10/UserPreferences?action=login" "Mozilla/5.0 (iPod; CPU iPhone OS 6_1_3 like Mac OS X) AppleWebKit/536.26 (KHTML, like Gecko) Version/6.0 Mobile/10B329 Safari/8536.25"
5.135.214.239 - - [22/Feb/2014:10:00:59 -0600] "POST /22c016f10/UserPreferences HTTP/1.0" 200 13094 "http://weblog.cs.uiowa.edu/22c016f10/UserPreferences" "Mozilla/5.0 (iPod; CPU iPhone OS 6_1_3 like Mac OS X) AppleWebKit/536.26 (KHTML, like Gecko) Version/6.0 Mobile/10B329 Safari/8536.25"
208.80.194.125 - - [22/Feb/2014:10:02:53 -0600] "GET / HTTP/1.0" 200 2534 "-" "Mozilla/5.0 (Windows NT 5.1; U; en) Opera 8.01"
27.150.211.131 - - [22/Feb/2014:10:05:11 -0600] "GET /22c016f10/Moving_Property_Lower_Your_Stress_Level_Throughout_Move HTTP/1.1" 404 8174 "http://weblog.cs.uiowa.edu/" "Mozilla/5.0 (Linux; U; Android 2.2; fr-fr; Desire_A8181 Build/FRF91) App3leWebKit/53.1 (KHTML, like Gecko) Version/4.0 Mobile Safari/533.1"
27.150.211.131 - - [22/Feb/2014:10:05:13 -0600] "GET /22c016f10/Moving_Property_Lower_Your_Stress_Level_Throughout_Move?action=login HTTP/1.1" 200 6359 "http://weblog.cs.uiowa.edu/22c016f10/Moving_Property_Lower_Your_Stress_Level_Throughout_Move" "Mozilla/5.0 (Linux; U; Android 2.2; fr-fr; Desire_A8181 Build/FRF91) App3leWebKit/53.1 (KHTML, like Gecko) Version/4.0 Mobile Safari/533.1"
27.150.211.131 - - [22/Feb/2014:10:05:14 -0600] "GET /22c016f10/UserPreferences HTTP/1.1" 200 13046 "http://weblog.cs.uiowa.edu/22c016f10/Moving_Property_Lower_Your_Stress_Level_Throughout_Move?action=login" "Mozilla/5.0 (Linux; U; Android 2.2; fr-fr; Desire_A8181 Build/FRF91) App3leWebKit/53.1 (KHTML, like Gecko) Version/4.0 Mobile Safari/533.1"
27.150.211.131 - - [22/Feb/2014:10:05:16 -0600] "POST /22c016f10/UserPreferences HTTP/1.1" 200 13094 "http://weblog.cs.uiowa.edu/22c016f10/UserPreferences" "Mozilla/5.0 (Linux; U; Android 2.2; fr-fr; Desire_A8181 Build/FRF91) App3leWebKit/53.1 (KHTML, like Gecko) Version/4.0 Mobile Safari/533.1"
120.43.25.83 - - [22/Feb/2014:10:05:43 -0600] "GET /22c016f10/Breast_Augmentation_Surgery_And_Its_Ins_And_Outs HTTP/1.1" 404 8069 "http://weblog.cs.uiowa.edu/" "Mozilla/5.0 (Linux; U; Android 2.2; fr-fr; Desire_A8181 Build/FRF91) App3leWebKit/53.1 (KHTML, like Gecko) Version/4.0 Mobile Safari/533.1"
120.43.25.83 - - [22/Feb/2014:10:05:45 -0600] "GET /22c016f10/Breast_Augmentation_Surgery_And_Its_Ins_And_Outs?action=login HTTP/1.1" 200 6324 "http://weblog.cs.uiowa.edu/22c016f10/Breast_Augmentation_Surgery_And_Its_Ins_And_Outs" "Mozilla/5.0 (Linux; U; Android 2.2; fr-fr; Desire_A8181 Build/FRF91) App3leWebKit/53.1 (KHTML, like Gecko) Version/4.0 Mobile Safari/533.1"
120.43.25.83 - - [22/Feb/2014:10:05:45 -0600] "GET /22c016f10/UserPreferences HTTP/1.1" 200 13046 "http://weblog.cs.uiowa.edu/22c016f10/Breast_Augmentation_Surgery_And_Its_Ins_And_Outs?action=login" "Mozilla/5.0 (Linux; U; Android 2.2; fr-fr; Desire_A8181 Build/FRF91) App3leWebKit/53.1 (KHTML, like Gecko) Version/4.0 Mobile Safari/533.1"
120.43.25.83 - - [22/Feb/2014:10:05:47 -0600] "POST /22c016f10/UserPreferences HTTP/1.1" 200 13094 "http://weblog.cs.uiowa.edu/22c016f10/UserPreferences" "Mozilla/5.0 (Linux; U; Android 2.2; fr-fr; Desire_A8181 Build/FRF91) App3leWebKit/53.1 (KHTML, like Gecko) Version/4.0 Mobile Safari/533.1"
62.210.131.157 - - [22/Feb/2014:10:06:30 -0600] "GET /22c016f10/UserPreferences HTTP/1.1" 200 13046 "http://weblog.cs.uiowa.edu/" "Mozilla/5.0 (iPod; CPU iPhone OS 6_1_3 like Mac OS X) AppleWebKit/536.26 (KHTML, like Gecko) Version/6.0 Mobile/10B329 Safari/8536.25"
62.210.131.157 - - [22/Feb/2014:10:06:31 -0600] "GET /22c016f10/UserPreferences?action=login HTTP/1.1" 200 9535 "http://weblog.cs.uiowa.edu/22c016f10/UserPreferences" "Mozilla/5.0 (iPod; CPU iPhone OS 6_1_3 like Mac OS X) AppleWebKit/536.26 (KHTML, like Gecko) Version/6.0 Mobile/10B329 Safari/8536.25"
62.210.131.157 - - [22/Feb/2014:10:06:32 -0600] "POST /22c016f10/UserPreferences HTTP/1.1" 200 13147 "http://weblog.cs.uiowa.edu/22c016f10/UserPreferences?action=login" "Mozilla/5.0 (iPod; CPU iPhone OS 6_1_3 like Mac OS X) AppleWebKit/536.26 (KHTML, like Gecko) Version/6.0 Mobile/10B329 Safari/8536.25"
5.10.83.55 - - [22/Feb/2014:10:09:14 -0600] "GET /steppered/?numb003.html HTTP/1.1" 200 3845 "-" "Mozilla/5.0 (compatible; AhrefsBot/5.0; +http://ahrefs.com/robot/)"
117.26.248.200 - - [22/Feb/2014:10:09:28 -0600] "GET /22c016f10/UserPreferences HTTP/1.1" 200 13046 "http://weblog.cs.uiowa.edu/" "Mozilla/5.0 (Linux; U; Android 2.2; fr-fr; Desire_A8181 Build/FRF91) App3leWebKit/53.1 (KHTML, like Gecko) Version/4.0 Mobile Safari/533.1"
117.26.248.200 - - [22/Feb/2014:10:09:29 -0600] "GET /22c016f10/UserPreferences?action=login HTTP/1.1" 200 9535 "http://weblog.cs.uiowa.edu/22c016f10/UserPreferences" "Mozilla/5.0 (Linux; U; Android 2.2; fr-fr; Desire_A8181 Build/FRF91) App3leWebKit/53.1 (KHTML, like Gecko) Version/4.0 Mobile Safari/533.1"
117.26.248.200 - - [22/Feb/2014:10:09:31 -0600] "POST /22c016f10/UserPreferences HTTP/1.1" 200 13147 "http://weblog.cs.uiowa.edu/22c016f10/UserPreferences?action=login" "Mozilla/5.0 (Linux; U; Android 2.2; fr-fr; Desire_A8181 Build/FRF91) App3leWebKit/53.1 (KHTML, like Gecko) Version/4.0 Mobile Safari/533.1"
208.115.111.66 - - [22/Feb/2014:10:09:56 -0600] "GET /robots.txt HTTP/1.1" 404 208 "-" "Mozilla/5.0 (compatible; Ezooms/1.0; help@moz.com)"
208.115.111.66 - - [22/Feb/2014:10:09:56 -0600] "GET /robots.txt HTTP/1.1" 404 208 "-" "Mozilla/5.0 (compatible; Ezooms/1.0; help@moz.com)"
110.85.100.147 - - [22/Feb/2014:10:14:22 -0600] "GET /22c016f10/UserPreferences HTTP/1.1" 200 13046 "http://weblog.cs.uiowa.edu/" "Mozilla/5.0 (Linux; U; Android 2.2; fr-fr; Desire_A8181 Build/FRF91) App3leWebKit/53.1 (KHTML, like Gecko) Version/4.0 Mobile Safari/533.1"
110.85.100.147 - - [22/Feb/2014:10:14:23 -0600] "GET /22c016f10/UserPreferences?action=login HTTP/1.1" 200 9535 "http://weblog.cs.uiowa.edu/22c016f10/UserPreferences" "Mozilla/5.0 (Linux; U; Android 2.2; fr-fr; Desire_A8181 Build/FRF91) App3leWebKit/53.1 (KHTML, like Gecko) Version/4.0 Mobile Safari/533.1"
110.85.100.147 - - [22/Feb/2014:10:14:25 -0600] "POST /22c016f10/UserPreferences HTTP/1.1" 200 13147 "http://weblog.cs.uiowa.edu/22c016f10/UserPreferences?action=login" "Mozilla/5.0 (Linux; U; Android 2.2; fr-fr; Desire_A8181 Build/FRF91) App3leWebKit/53.1 (KHTML, like Gecko) Version/4.0 Mobile Safari/533.1"
220.181.108.81 - - [22/Feb/2014:10:15:47 -0600] "GET / HTTP/1.1" 200 2998 "-" "Mozilla/5.0 (compatible; Baiduspider/2.0; +http://www.baidu.com/search/spider.html)"
180.76.6.29 - - [22/Feb/2014:10:18:54 -0600] "GET /sss2013/program.pdf HTTP/1.1" 200 53175 "-" "Mozilla/5.0 (Windows NT 5.1; rv:6.0.2) Gecko/20100101 Firefox/6.0.2"
27.159.253.80 - - [22/Feb/2014:10:19:52 -0600] "GET /22c016f10/Unsuccessful_Sites:_The_Common_Pitfalls HTTP/1.1" 404 7960 "http://weblog.cs.uiowa.edu/" "Mozilla/5.0 (Linux; U; Android 2.2; fr-fr; Desire_A8181 Build/FRF91) App3leWebKit/53.1 (KHTML, like Gecko) Version/4.0 Mobile Safari/533.1"
27.159.253.80 - - [22/Feb/2014:10:19:53 -0600] "GET /22c016f10/Unsuccessful_Sites%3A_The_Common_Pitfalls?action=login HTTP/1.1" 200 6287 "http://weblog.cs.uiowa.edu/22c016f10/Unsuccessful_Sites:_The_Common_Pitfalls" "Mozilla/5.0 (Linux; U; Android 2.2; fr-fr; Desire_A8181 Build/FRF91) App3leWebKit/53.1 (KHTML, like Gecko) Version/4.0 Mobile Safari/533.1"
27.159.253.80 - - [22/Feb/2014:10:19:54 -0600] "GET /22c016f10/UserPreferences HTTP/1.1" 200 13046 "http://weblog.cs.uiowa.edu/22c016f10/Unsuccessful_Sites%3A_The_Common_Pitfalls?action=login" "Mozilla/5.0 (Linux; U; Android 2.2; fr-fr; Desire_A8181 Build/FRF91) App3leWebKit/53.1 (KHTML, like Gecko) Version/4.0 Mobile Safari/533.1"
27.159.253.80 - - [22/Feb/2014:10:19:55 -0600] "POST /22c016f10/UserPreferences HTTP/1.1" 200 13094 "http://weblog.cs.uiowa.edu/22c016f10/UserPreferences" "Mozilla/5.0 (Linux; U; Android 2.2; fr-fr; Desire_A8181 Build/FRF91) App3leWebKit/53.1 (KHTML, like Gecko) Version/4.0 Mobile Safari/533.1"
222.77.200.200 - - [22/Feb/2014:10:22:23 -0600] "GET /22c016f10/Moving_Property_Lower_Your_Stress_Level_Throughout_Move HTTP/1.1" 404 8174 "http://weblog.cs.uiowa.edu/" "Mozilla/5.0 (Linux; U; Android 2.2; fr-fr; Desire_A8181 Build/FRF91) App3leWebKit/53.1 (KHTML, like Gecko) Version/4.0 Mobile Safari/533.1"
222.77.200.200 - - [22/Feb/2014:10:22:24 -0600] "GET /22c016f10/Moving_Property_Lower_Your_Stress_Level_Throughout_Move?action=login HTTP/1.1" 200 6359 "http://weblog.cs.uiowa.edu/22c016f10/Moving_Property_Lower_Your_Stress_Level_Throughout_Move" "Mozilla/5.0 (Linux; U; Android 2.2; fr-fr; Desire_A8181 Build/FRF91) App3leWebKit/53.1 (KHTML, like Gecko) Version/4.0 Mobile Safari/533.1"
222.77.200.200 - - [22/Feb/2014:10:22:25 -0600] "GET /22c016f10/UserPreferences HTTP/1.1" 200 13046 "http://weblog.cs.uiowa.edu/22c016f10/Moving_Property_Lower_Your_Stress_Level_Throughout_Move?action=login" "Mozilla/5.0 (Linux; U; Android 2.2; fr-fr; Desire_A8181 Build/FRF91) App3leWebKit/53.1 (KHTML, like Gecko) Version/4.0 Mobile Safari/533.1"
222.77.200.200 - - [22/Feb/2014:10:22:27 -0600] "POST /22c016f10/UserPreferences HTTP/1.1" 200 13094 "http://weblog.cs.uiowa.edu/22c016f10/UserPreferences" "Mozilla/5.0 (Linux; U; Android 2.2; fr-fr; Desire_A8181 Build/FRF91) App3leWebKit/53.1 (KHTML, like Gecko) Version/4.0 Mobile Safari/533.1"
66.249.73.104 - - [22/Feb/2014:10:23:57 -0600] "GET /sss2011/track_peer.html HTTP/1.1" 304 - "-" "Mozilla/5.0 (iPhone; CPU iPhone OS 6_0 like Mac OS X) AppleWebKit/536.26 (KHTML, like Gecko) Version/6.0 Mobile/10A5376e Safari/8536.25 (compatible; Googlebot/2.1; +http://www.google.com/bot.html)"
220.161.169.240 - - [22/Feb/2014:10:24:51 -0600] "GET /22c016f10/Moving_Property_Lower_Your_Stress_Level_Throughout_Move HTTP/1.1" 404 8174 "http://weblog.cs.uiowa.edu/" "Mozilla/5.0 (Linux; U; Android 2.2; fr-fr; Desire_A8181 Build/FRF91) App3leWebKit/53.1 (KHTML, like Gecko) Version/4.0 Mobile Safari/533.1"
220.161.169.240 - - [22/Feb/2014:10:24:52 -0600] "GET /22c016f10/Moving_Property_Lower_Your_Stress_Level_Throughout_Move?action=login HTTP/1.1" 200 6359 "http://weblog.cs.uiowa.edu/22c016f10/Moving_Property_Lower_Your_Stress_Level_Throughout_Move" "Mozilla/5.0 (Linux; U; Android 2.2; fr-fr; Desire_A8181 Build/FRF91) App3leWebKit/53.1 (KHTML, like Gecko) Version/4.0 Mobile Safari/533.1"
220.161.169.240 - - [22/Feb/2014:10:24:53 -0600] "GET /22c016f10/UserPreferences HTTP/1.1" 200 13046 "http://weblog.cs.uiowa.edu/22c016f10/Moving_Property_Lower_Your_Stress_Level_Throughout_Move?action=login" "Mozilla/5.0 (Linux; U; Android 2.2; fr-fr; Desire_A8181 Build/FRF91) App3leWebKit/53.1 (KHTML, like Gecko) Version/4.0 Mobile Safari/533.1"
220.161.169.240 - - [22/Feb/2014:10:24:54 -0600] "POST /22c016f10/UserPreferences HTTP/1.1" 200 13094 "http://weblog.cs.uiowa.edu/22c016f10/UserPreferences" "Mozilla/5.0 (Linux; U; Android 2.2; fr-fr; Desire_A8181 Build/FRF91) App3leWebKit/53.1 (KHTML, like Gecko) Version/4.0 Mobile Safari/533.1"
62.210.129.171 - - [22/Feb/2014:10:26:10 -0600] "GET /22c016f10/UserPreferences HTTP/1.1" 200 13046 "http://weblog.cs.uiowa.edu/" "Mozilla/5.0 (iPod; CPU iPhone OS 6_1_3 like Mac OS X) AppleWebKit/536.26 (KHTML, like Gecko) Version/6.0 Mobile/10B329 Safari/8536.25"
62.210.129.171 - - [22/Feb/2014:10:26:11 -0600] "GET /22c016f10/UserPreferences?action=login HTTP/1.1" 200 9535 "http://weblog.cs.uiowa.edu/22c016f10/UserPreferences" "Mozilla/5.0 (iPod; CPU iPhone OS 6_1_3 like Mac OS X) AppleWebKit/536.26 (KHTML, like Gecko) Version/6.0 Mobile/10B329 Safari/8536.25"
62.210.129.171 - - [22/Feb/2014:10:26:12 -0600] "POST /22c016f10/UserPreferences HTTP/1.1" 200 13147 "http://weblog.cs.uiowa.edu/22c016f10/UserPreferences?action=login" "Mozilla/5.0 (iPod; CPU iPhone OS 6_1_3 like Mac OS X) AppleWebKit/536.26 (KHTML, like Gecko) Version/6.0 Mobile/10B329 Safari/8536.25"
