91.207.7.13 - - [22/Feb/2014:15:27:35 -0600] "GET /22c016f10/UserPreferences HTTP/1.1" 200 13046 "http://weblog.cs.uiowa.edu/22c016f10/Zero_Forms_Payday_cash_advances%3A_Instantaneous_Uncomplicated_Economic_Answers?action=login" "Mozilla/5.0 (iPod; CPU iPhone OS 6_1_3 like Mac OS X) AppleWebKit/536.26 (KHTML, like Gecko) Version/6.0 Mobile/10B329 Safari/8536.25"
91.207.7.13 - - [22/Feb/2014:15:27:36 -0600] "POST /22c016f10/UserPreferences HTTP/1.1" 200 13094 "http://weblog.cs.uiowa.edu/22c016f10/UserPreferences" "Mozilla/5.0 (iPod; CPU iPhone OS 6_1_3 like Mac OS X) AppleWebKit/536.26 (KHTML, like Gecko) Version/6.0 Mobile/10B329 Safari/8536.25"
209.236.112.195 - - [22/Feb/2014:15:30:02 -0600] "GET /22c016f10/UserPreferences HTTP/1.1" 200 13046 "http://weblog.cs.uiowa.edu/" "Mozilla/5.0 (iPod; CPU iPhone OS 6_1_3 like Mac OS X) AppleWebKit/536.26 (KHTML, like Gecko) Version/6.0 Mobile/10B329 Safari/8536.25"
89.44.19.116 - - [22/Feb/2014:15:30:07 -0600] "GET /22c016f10/UserPreferences?action=login HTTP/1.0" 200 9535 "http://weblog.cs.uiowa.edu/22c016f10/UserPreferences" "Mozilla/5.0 (iPod; CPU iPhone OS 6_1_3 like Mac OS X) AppleWebKit/536.26 (KHTML, like Gecko) Version/6.0 Mobile/10B329 Safari/8536.25"
89.44.19.116 - - [22/Feb/2014:15:30:38 -0600] "POST /22c016f10/UserPreferences HTTP/1.0" 200 13147 "http://weblog.cs.uiowa.edu/22c016f10/UserPreferences?action=login" "Mozilla/5.0 (iPod; CPU iPhone OS 6_1_3 like Mac OS X) AppleWebKit/536.26 (KHTML, like Gecko) Version/6.0 Mobile/10B329 Safari/8536.25"
66.249.73.165 - - [22/Feb/2014:15:34:24 -0600] "GET /book/repetitionex4 HTTP/1.1" 304 - "-" "Mozilla/5.0 (iPhone; CPU iPhone OS 6_0 like Mac OS X) AppleWebKit/536.26 (KHTML, like Gecko) Version/6.0 Mobile/10A5376e Safari/8536.25 (compatible; Googlebot/2.1; +http://www.google.com/bot.html)"
37.72.189.251 - - [22/Feb/2014:15:35:35 -0600] "GET /22c016f10/The_Ideal_Way_To_Get_Rid_Of_Your_Belly_Fat HTTP/1.0" 404 7979 "http://weblog.cs.uiowa.edu/" "Mozilla/5.0 (iPod; CPU iPhone OS 6_1_3 like Mac OS X) AppleWebKit/536.26 (KHTML, like Gecko) Version/6.0 Mobile/10B329 Safari/8536.25"
37.72.189.251 - - [22/Feb/2014:15:35:38 -0600] "GET /22c016f10/the_ideal_way_to_get_rid_of_your_belly_fat?action=login HTTP/1.0" 200 6294 "http://weblog.cs.uiowa.edu/22c016f10/The_Ideal_Way_To_Get_Rid_Of_Your_Belly_Fat" "Mozilla/5.0 (iPod; CPU iPhone OS 6_1_3 like Mac OS X) AppleWebKit/536.26 (KHTML, like Gecko) Version/6.0 Mobile/10B329 Safari/8536.25"
37.72.189.251 - - [22/Feb/2014:15:35:40 -0600] "GET /22c016f10/userpreferences HTTP/1.0" 404 7879 "http://weblog.cs.uiowa.edu/22c016f10/the_ideal_way_to_get_rid_of_your_belly_fat?action=login" "Mozilla/5.0 (iPod; CPU iPhone OS 6_1_3 like Mac OS X) AppleWebKit/536.26 (KHTML, like Gecko) Version/6.0 Mobile/10B329 Safari/8536.25"
37.72.189.251 - - [22/Feb/2014:15:35:42 -0600] "GET /22c016f10/userpreferences?action=fullsearch&context=180&value=&titlesearch=titles HTTP/1.0" 200 8092 "http://weblog.cs.uiowa.edu/22c016f10/userpreferences" "Mozilla/5.0 (iPod; CPU iPhone OS 6_1_3 like Mac OS X) AppleWebKit/536.26 (KHTML, like Gecko) Version/6.0 Mobile/10B329 Safari/8536.25"
27.159.208.80 - - [22/Feb/2014:15:37:14 -0600] "GET /22c016f10/UserPreferences HTTP/1.1" 200 13046 "http://weblog.cs.uiowa.edu/" "Mozilla/5.0 (Linux; U; Android 2.2; fr-fr; Desire_A8181 Build/FRF91) App3leWebKit/53.1 (KHTML, like Gecko) Version/4.0 Mobile Safari/533.1"
27.159.208.80 - - [22/Feb/2014:15:37:16 -0600] "GET /22c016f10/UserPreferences?action=login HTTP/1.1" 200 9535 "http://weblog.cs.uiowa.edu/22c016f10/UserPreferences" "Mozilla/5.0 (Linux; U; Android 2.2; fr-fr; Desire_A8181 Build/FRF91) App3leWebKit/53.1 (KHTML, like Gecko) Version/4.0 Mobile Safari/533.1"
27.159.208.80 - - [22/Feb/2014:15:37:17 -0600] "POST /22c016f10/UserPreferences HTTP/1.1" 200 13147 "http://weblog.cs.uiowa.edu/22c016f10/UserPreferences?action=login" "Mozilla/5.0 (Linux; U; Android 2.2; fr-fr; Desire_A8181 Build/FRF91) App3leWebKit/53.1 (KHTML, like Gecko) Version/4.0 Mobile Safari/533.1"
91.207.7.13 - - [22/Feb/2014:15:40:15 -0600] "GET /22c016f10/UserPreferences HTTP/1.1" 200 13046 "http://weblog.cs.uiowa.edu/" "Mozilla/5.0 (iPod; CPU iPhone OS 6_1_3 like Mac OS X) AppleWebKit/536.26 (KHTML, like Gecko) Version/6.0 Mobile/10B329 Safari/8536.25"
91.207.7.13 - - [22/Feb/2014:15:40:15 -0600] "GET /22c016f10/UserPreferences?action=login HTTP/1.1" 200 9535 "http://weblog.cs.uiowa.edu/22c016f10/UserPreferences" "Mozilla/5.0 (iPod; CPU iPhone OS 6_1_3 like Mac OS X) AppleWebKit/536.26 (KHTML, like Gecko) Version/6.0 Mobile/10B329 Safari/8536.25"
91.207.7.13 - - [22/Feb/2014:15:40:16 -0600] "POST /22c016f10/UserPreferences HTTP/1.1" 200 13147 "http://weblog.cs.uiowa.edu/22c016f10/UserPreferences?action=login" "Mozilla/5.0 (iPod; CPU iPhone OS 6_1_3 like Mac OS X) AppleWebKit/536.26 (KHTML, like Gecko) Version/6.0 Mobile/10B329 Safari/8536.25"
94.244.143.49 - - [22/Feb/2014:15:42:32 -0600] "GET / HTTP/1.1" 200 2998 "-" "Mozilla/5.0 (X11; Linux i686) AppleWebKit/534.30 (KHTML, like Gecko) Ubuntu/10.04 Chromium/12.0.742.112 Chrome/12.0.742.112 Safari/534.30"
199.30.20.7 - - [22/Feb/2014:15:43:49 -0600] "GET /robots.txt HTTP/1.1" 404 208 "-" "msnbot-media/1.1 (+http://search.msn.com/msnbot.htm)"
199.30.20.7 - - [22/Feb/2014:15:43:49 -0600] "GET /sss2009/organization.html HTTP/1.1" 200 9945 "-" "msnbot-media/1.1 (+http://search.msn.com/msnbot.htm)"
94.23.101.188 - - [22/Feb/2014:15:46:44 -0600] "GET /22C111f07/22c111/Welcome.html HTTP/1.1" 200 12700 "http://nest.cs.uiowa.edu/" "Mozilla/5.0 (iPod; CPU iPhone OS 6_1_3 like Mac OS X) AppleWebKit/536.26 (KHTML, like Gecko) Version/6.0 Mobile/10B329 Safari/8536.25"
94.23.101.188 - - [22/Feb/2014:15:46:44 -0600] "GET /22c111/Welcome?action=login HTTP/1.1" 404 212 "http://nest.cs.uiowa.edu/22C111f07/22c111/Welcome.html" "Mozilla/5.0 (iPod; CPU iPhone OS 6_1_3 like Mac OS X) AppleWebKit/536.26 (KHTML, like Gecko) Version/6.0 Mobile/10B329 Safari/8536.25"
94.23.101.188 - - [22/Feb/2014:15:46:44 -0600] "GET /22c111/Welcome?action=newaccount HTTP/1.1" 404 212 "http://weblog.cs.uiowa.edu/22c111/Welcome?action=login" "Mozilla/5.0 (iPod; CPU iPhone OS 6_1_3 like Mac OS X) AppleWebKit/536.26 (KHTML, like Gecko) Version/6.0 Mobile/10B329 Safari/8536.25"
174.129.228.67 - - [22/Feb/2014:15:48:44 -0600] "GET /robots.txt HTTP/1.0" 404 208 "-" "ia_archiver (+http://www.alexa.com/site/help/webmasters; crawler@alexa.com)"
174.129.228.67 - - [22/Feb/2014:15:48:44 -0600] "GET /flashcards/set001.html HTTP/1.0" 200 16570 "-" "ia_archiver (+http://www.alexa.com/site/help/webmasters; crawler@alexa.com)"
174.129.228.67 - - [22/Feb/2014:15:48:51 -0600] "GET /book/typeex1 HTTP/1.0" 200 5343 "-" "ia_archiver (+http://www.alexa.com/site/help/webmasters; crawler@alexa.com)"
180.76.5.169 - - [22/Feb/2014:15:55:00 -0600] "GET /sss2013/track_p2p.html HTTP/1.1" 304 - "-" "Mozilla/5.0 (compatible; Baiduspider/2.0; +http://www.baidu.com/search/spider.html)"
66.249.73.104 - - [22/Feb/2014:15:55:05 -0600] "GET /sss2003/ HTTP/1.1" 304 - "-" "Mozilla/5.0 (compatible; Googlebot/2.1; +http://www.google.com/bot.html)"
117.26.254.219 - - [22/Feb/2014:15:57:29 -0600] "GET /22c016f10/UserPreferences HTTP/1.1" 200 13046 "http://weblog.cs.uiowa.edu/" "Mozilla/5.0 (Linux; U; Android 2.2; fr-fr; Desire_A8181 Build/FRF91) App3leWebKit/53.1 (KHTML, like Gecko) Version/4.0 Mobile Safari/533.1"
117.26.254.219 - - [22/Feb/2014:15:57:30 -0600] "GET /22c016f10/UserPreferences?action=login HTTP/1.1" 200 9535 "http://weblog.cs.uiowa.edu/22c016f10/UserPreferences" "Mozilla/5.0 (Linux; U; Android 2.2; fr-fr; Desire_A8181 Build/FRF91) App3leWebKit/53.1 (KHTML, like Gecko) Version/4.0 Mobile Safari/533.1"
117.26.254.219 - - [22/Feb/2014:15:57:31 -0600] "POST /22c016f10/UserPreferences HTTP/1.1" 200 13147 "http://weblog.cs.uiowa.edu/22c016f10/UserPreferences?action=login" "Mozilla/5.0 (Linux; U; Android 2.2; fr-fr; Desire_A8181 Build/FRF91) App3leWebKit/53.1 (KHTML, like Gecko) Version/4.0 Mobile Safari/533.1"
204.93.54.178 - - [22/Feb/2014:15:59:12 -0600] "GET /22c016f10/UserPreferences HTTP/1.1" 200 13046 "http://weblog.cs.uiowa.edu/" "Mozilla/5.0 (iPod; CPU iPhone OS 6_1_3 like Mac OS X) AppleWebKit/536.26 (KHTML, like Gecko) Version/6.0 Mobile/10B329 Safari/8536.25"
204.93.54.178 - - [22/Feb/2014:15:59:16 -0600] "GET /22c016f10/UserPreferences?action=login HTTP/1.1" 200 9535 "http://weblog.cs.uiowa.edu/22c016f10/UserPreferences" "Mozilla/5.0 (iPod; CPU iPhone OS 6_1_3 like Mac OS X) AppleWebKit/536.26 (KHTML, like Gecko) Version/6.0 Mobile/10B329 Safari/8536.25"
204.93.54.178 - - [22/Feb/2014:15:59:19 -0600] "POST /22c016f10/UserPreferences HTTP/1.1" 200 13148 "http://weblog.cs.uiowa.edu/22c016f10/UserPreferences?action=login" "Mozilla/5.0 (iPod; CPU iPhone OS 6_1_3 like Mac OS X) AppleWebKit/536.26 (KHTML, like Gecko) Version/6.0 Mobile/10B329 Safari/8536.25"
62.210.129.171 - - [22/Feb/2014:15:59:44 -0600] "GET /22c016f10/Breast_Augmentation_Surgery_And_Its_Ins_And_Outs HTTP/1.1" 404 8069 "http://weblog.cs.uiowa.edu/" "Mozilla/5.0 (iPod; CPU iPhone OS 6_1_3 like Mac OS X) AppleWebKit/536.26 (KHTML, like Gecko) Version/6.0 Mobile/10B329 Safari/8536.25"
62.210.129.171 - - [22/Feb/2014:15:59:45 -0600] "GET /22c016f10/Breast_Augmentation_Surgery_And_Its_Ins_And_Outs?action=login HTTP/1.1" 200 6324 "http://weblog.cs.uiowa.edu/22c016f10/Breast_Augmentation_Surgery_And_Its_Ins_And_Outs" "Mozilla/5.0 (iPod; CPU iPhone OS 6_1_3 like Mac OS X) AppleWebKit/536.26 (KHTML, like Gecko) Version/6.0 Mobile/10B329 Safari/8536.25"
62.210.129.171 - - [22/Feb/2014:15:59:45 -0600] "GET /22c016f10/UserPreferences HTTP/1.1" 200 13046 "http://weblog.cs.uiowa.edu/22c016f10/Breast_Augmentation_Surgery_And_Its_Ins_And_Outs?action=login" "Mozilla/5.0 (iPod; CPU iPhone OS 6_1_3 like Mac OS X) AppleWebKit/536.26 (KHTML, like Gecko) Version/6.0 Mobile/10B329 Safari/8536.25"
62.210.129.171 - - [22/Feb/2014:15:59:46 -0600] "POST /22c016f10/UserPreferences HTTP/1.1" 200 13094 "http://weblog.cs.uiowa.edu/22c016f10/UserPreferences" "Mozilla/5.0 (iPod; CPU iPhone OS 6_1_3 like Mac OS X) AppleWebKit/536.26 (KHTML, like Gecko) Version/6.0 Mobile/10B329 Safari/8536.25"
37.203.212.245 - - [22/Feb/2014:16:00:07 -0600] "GET /22c016f10/UserPreferences HTTP/1.0" 200 13046 "http://weblog.cs.uiowa.edu/" "Mozilla/5.0 (Linux; U; Android 2.2; fr-fr; Desire_A8181 Build/FRF91) App3leWebKit/53.1 (KHTML, like Gecko) Version/4.0 Mobile Safari/533.1"
37.203.212.245 - - [22/Feb/2014:16:00:11 -0600] "GET /22c016f10/UserPreferences?action=login HTTP/1.0" 200 9535 "http://weblog.cs.uiowa.edu/22c016f10/UserPreferences" "Mozilla/5.0 (Linux; U; Android 2.2; fr-fr; Desire_A8181 Build/FRF91) App3leWebKit/53.1 (KHTML, like Gecko) Version/4.0 Mobile Safari/533.1"
37.203.212.245 - - [22/Feb/2014:16:00:15 -0600] "POST /22c016f10/UserPreferences HTTP/1.0" 200 13147 "http://weblog.cs.uiowa.edu/22c016f10/UserPreferences?action=login" "Mozilla/5.0 (Linux; U; Android 2.2; fr-fr; Desire_A8181 Build/FRF91) App3leWebKit/53.1 (KHTML, like Gecko) Version/4.0 Mobile Safari/533.1"
66.249.73.104 - - [22/Feb/2014:16:00:24 -0600] "GET /wss2001/ HTTP/1.1" 304 - "-" "Mozilla/5.0 (iPhone; CPU iPhone OS 6_0 like Mac OS X) AppleWebKit/536.26 (KHTML, like Gecko) Version/6.0 Mobile/10A5376e Safari/8536.25 (compatible; Googlebot/2.1; +http://www.google.com/bot.html)"
5.10.83.58 - - [22/Feb/2014:16:01:58 -0600] "GET /sss2013/program.html HTTP/1.1" 200 12346 "-" "Mozilla/5.0 (compatible; AhrefsBot/5.0; +http://ahrefs.com/robot/)"
95.108.158.237 - - [22/Feb/2014:16:03:28 -0600] "GET /sss2009/wednesday_SSS09/Thumbnails/19.jpg HTTP/1.1" 304 - "-" "Mozilla/5.0 (compatible; YandexImages/3.0; +http://yandex.com/bots)"
208.115.113.83 - - [22/Feb/2014:16:09:05 -0600] "GET /robots.txt HTTP/1.1" 200 26 "-" "Mozilla/5.0 (compatible; Ezooms/1.0; help@moz.com)"
94.23.101.188 - - [22/Feb/2014:16:09:55 -0600] "GET /22C111f07/22c111/Welcome.html HTTP/1.1" 200 12700 "http://nest.cs.uiowa.edu/" "Mozilla/5.0 (iPod; CPU iPhone OS 6_1_3 like Mac OS X) AppleWebKit/536.26 (KHTML, like Gecko) Version/6.0 Mobile/10B329 Safari/8536.25"
94.23.101.188 - - [22/Feb/2014:16:09:55 -0600] "GET /22c111/Welcome?action=login HTTP/1.1" 404 212 "http://nest.cs.uiowa.edu/22C111f07/22c111/Welcome.html" "Mozilla/5.0 (iPod; CPU iPhone OS 6_1_3 like Mac OS X) AppleWebKit/536.26 (KHTML, like Gecko) Version/6.0 Mobile/10B329 Safari/8536.25"
94.23.101.188 - - [22/Feb/2014:16:09:55 -0600] "GET /22c111/Welcome?action=newaccount HTTP/1.1" 404 212 "http://weblog.cs.uiowa.edu/22c111/Welcome?action=login" "Mozilla/5.0 (iPod; CPU iPhone OS 6_1_3 like Mac OS X) AppleWebKit/536.26 (KHTML, like Gecko) Version/6.0 Mobile/10B329 Safari/8536.25"
110.89.26.113 - - [22/Feb/2014:16:10:06 -0600] "GET /22c016f10/Breast_Augmentation_Surgery_And_Its_Ins_And_Outs HTTP/1.1" 404 8069 "http://weblog.cs.uiowa.edu/" "Mozilla/5.0 (Linux; U; Android 2.2; fr-fr; Desire_A8181 Build/FRF91) App3leWebKit/53.1 (KHTML, like Gecko) Version/4.0 Mobile Safari/533.1"
110.89.26.113 - - [22/Feb/2014:16:10:07 -0600] "GET /22c016f10/Breast_Augmentation_Surgery_And_Its_Ins_And_Outs?action=login HTTP/1.1" 200 6324 "http://weblog.cs.uiowa.edu/22c016f10/Breast_Augmentation_Surgery_And_Its_Ins_And_Outs" "Mozilla/5.0 (Linux; U; Android 2.2; fr-fr; Desire_A8181 Build/FRF91) App3leWebKit/53.1 (KHTML, like Gecko) Version/4.0 Mobile Safari/533.1"
110.89.26.113 - - [22/Feb/2014:16:10:08 -0600] "GET /22c016f10/UserPreferences HTTP/1.1" 200 13046 "http://weblog.cs.uiowa.edu/22c016f10/Breast_Augmentation_Surgery_And_Its_Ins_And_Outs?action=login" "Mozilla/5.0 (Linux; U; Android 2.2; fr-fr; Desire_A8181 Build/FRF91) App3leWebKit/53.1 (KHTML, like Gecko) Version/4.0 Mobile Safari/533.1"
110.89.26.113 - - [22/Feb/2014:16:10:09 -0600] "POST /22c016f10/UserPreferences HTTP/1.1" 200 13094 "http://weblog.cs.uiowa.edu/22c016f10/UserPreferences" "Mozilla/5.0 (Linux; U; Android 2.2; fr-fr; Desire_A8181 Build/FRF91) App3leWebKit/53.1 (KHTML, like Gecko) Version/4.0 Mobile Safari/533.1"
46.246.21.241 - - [22/Feb/2014:16:10:38 -0600] "GET /22C111f07/22c111/Welcome.html HTTP/1.1" 200 12700 "http://nest.cs.uiowa.edu/" "Mozilla/5.0 (iPod; CPU iPhone OS 6_1_3 like Mac OS X) AppleWebKit/536.26 (KHTML, like Gecko) Version/6.0 Mobile/10B329 Safari/8536.25"
46.246.21.241 - - [22/Feb/2014:16:10:39 -0600] "GET /22c111/Welcome?action=login HTTP/1.1" 404 212 "http://nest.cs.uiowa.edu/22C111f07/22c111/Welcome.html" "Mozilla/5.0 (iPod; CPU iPhone OS 6_1_3 like Mac OS X) AppleWebKit/536.26 (KHTML, like Gecko) Version/6.0 Mobile/10B329 Safari/8536.25"
46.246.21.241 - - [22/Feb/2014:16:10:39 -0600] "GET /22c111/Welcome?action=newaccount HTTP/1.1" 404 212 "http://weblog.cs.uiowa.edu/22c111/Welcome?action=login" "Mozilla/5.0 (iPod; CPU iPhone OS 6_1_3 like Mac OS X) AppleWebKit/536.26 (KHTML, like Gecko) Version/6.0 Mobile/10B329 Safari/8536.25"
91.207.7.13 - - [22/Feb/2014:16:11:24 -0600] "GET /22c016f10/Zero_Forms_Payday_cash_advances:_Instantaneous__Uncomplicated_Economic_Answers HTTP/1.1" 404 8530 "http://weblog.cs.uiowa.edu/" "Mozilla/5.0 (iPod; CPU iPhone OS 6_1_3 like Mac OS X) AppleWebKit/536.26 (KHTML, like Gecko) Version/6.0 Mobile/10B329 Safari/8536.25"
91.207.7.13 - - [22/Feb/2014:16:11:25 -0600] "GET /22c016f10/Zero_Forms_Payday_cash_advances%3A_Instantaneous_Uncomplicated_Economic_Answers?action=login HTTP/1.1" 200 6477 "http://weblog.cs.uiowa.edu/22c016f10/Zero_Forms_Payday_cash_advances:_Instantaneous__Uncomplicated_Economic_Answers" "Mozilla/5.0 (iPod; CPU iPhone OS 6_1_3 like Mac OS X) AppleWebKit/536.26 (KHTML, like Gecko) Version/6.0 Mobile/10B329 Safari/8536.25"
91.207.7.13 - - [22/Feb/2014:16:11:26 -0600] "GET /22c016f10/UserPreferences HTTP/1.1" 200 13046 "http://weblog.cs.uiowa.edu/22c016f10/Zero_Forms_Payday_cash_advances%3A_Instantaneous_Uncomplicated_Economic_Answers?action=login" "Mozilla/5.0 (iPod; CPU iPhone OS 6_1_3 like Mac OS X) AppleWebKit/536.26 (KHTML, like Gecko) Version/6.0 Mobile/10B329 Safari/8536.25"
91.207.7.13 - - [22/Feb/2014:16:11:27 -0600] "POST /22c016f10/UserPreferences HTTP/1.1" 200 13094 "http://weblog.cs.uiowa.edu/22c016f10/UserPreferences" "Mozilla/5.0 (iPod; CPU iPhone OS 6_1_3 like Mac OS X) AppleWebKit/536.26 (KHTML, like Gecko) Version/6.0 Mobile/10B329 Safari/8536.25"
91.207.7.13 - - [22/Feb/2014:16:12:48 -0600] "GET /22c016f10/UserPreferences HTTP/1.1" 200 13046 "http://weblog.cs.uiowa.edu/" "Mozilla/5.0 (iPod; CPU iPhone OS 6_1_3 like Mac OS X) AppleWebKit/536.26 (KHTML, like Gecko) Version/6.0 Mobile/10B329 Safari/8536.25"
91.207.7.13 - - [22/Feb/2014:16:12:49 -0600] "GET /22c016f10/UserPreferences?action=login HTTP/1.1" 200 9535 "http://weblog.cs.uiowa.edu/22c016f10/UserPreferences" "Mozilla/5.0 (iPod; CPU iPhone OS 6_1_3 like Mac OS X) AppleWebKit/536.26 (KHTML, like Gecko) Version/6.0 Mobile/10B329 Safari/8536.25"
91.207.7.13 - - [22/Feb/2014:16:12:49 -0600] "POST /22c016f10/UserPreferences HTTP/1.1" 200 13147 "http://weblog.cs.uiowa.edu/22c016f10/UserPreferences?action=login" "Mozilla/5.0 (iPod; CPU iPhone OS 6_1_3 like Mac OS X) AppleWebKit/536.26 (KHTML, like Gecko) Version/6.0 Mobile/10B329 Safari/8536.25"
198.50.235.33 - - [22/Feb/2014:16:13:10 -0600] "GET /22c016f10/Zero_Forms_Payday_cash_advances:_Instantaneous__Uncomplicated_Economic_Answers HTTP/1.1" 404 8530 "http://weblog.cs.uiowa.edu/" "Mozilla/5.0 (iPod; CPU iPhone OS 6_1_3 like Mac OS X) AppleWebKit/536.26 (KHTML, like Gecko) Version/6.0 Mobile/10B329 Safari/8536.25"
198.50.235.33 - - [22/Feb/2014:16:13:10 -0600] "GET /22c016f10/Zero_Forms_Payday_cash_advances%3A_Instantaneous_Uncomplicated_Economic_Answers?action=login HTTP/1.1" 200 6477 "http://weblog.cs.uiowa.edu/22c016f10/Zero_Forms_Payday_cash_advances:_Instantaneous__Uncomplicated_Economic_Answers" "Mozilla/5.0 (iPod; CPU iPhone OS 6_1_3 like Mac OS X) AppleWebKit/536.26 (KHTML, like Gecko) Version/6.0 Mobile/10B329 Safari/8536.25"
198.50.235.33 - - [22/Feb/2014:16:13:10 -0600] "GET /22c016f10/UserPreferences HTTP/1.1" 200 13046 "http://weblog.cs.uiowa.edu/22c016f10/Zero_Forms_Payday_cash_advances%3A_Instantaneous_Uncomplicated_Economic_Answers?action=login" "Mozilla/5.0 (iPod; CPU iPhone OS 6_1_3 like Mac OS X) AppleWebKit/536.26 (KHTML, like Gecko) Version/6.0 Mobile/10B329 Safari/8536.25"
198.50.235.33 - - [22/Feb/2014:16:13:10 -0600] "POST /22c016f10/UserPreferences HTTP/1.1" 200 13094 "http://weblog.cs.uiowa.edu/22c016f10/UserPreferences" "Mozilla/5.0 (iPod; CPU iPhone OS 6_1_3 like Mac OS X) AppleWebKit/536.26 (KHTML, like Gecko) Version/6.0 Mobile/10B329 Safari/8536.25"
91.207.7.13 - - [22/Feb/2014:16:13:56 -0600] "GET /22c016f10/UserPreferences HTTP/1.1" 200 13046 "http://weblog.cs.uiowa.edu/" "Mozilla/5.0 (iPod; CPU iPhone OS 6_1_3 like Mac OS X) AppleWebKit/536.26 (KHTML, like Gecko) Version/6.0 Mobile/10B329 Safari/8536.25"
91.207.7.13 - - [22/Feb/2014:16:13:56 -0600] "GET /22c016f10/UserPreferences?action=login HTTP/1.1" 200 9535 "http://weblog.cs.uiowa.edu/22c016f10/UserPreferences" "Mozilla/5.0 (iPod; CPU iPhone OS 6_1_3 like Mac OS X) AppleWebKit/536.26 (KHTML, like Gecko) Version/6.0 Mobile/10B329 Safari/8536.25"
91.207.7.13 - - [22/Feb/2014:16:13:57 -0600] "POST /22c016f10/UserPreferences HTTP/1.1" 200 13146 "http://weblog.cs.uiowa.edu/22c016f10/UserPreferences?action=login" "Mozilla/5.0 (iPod; CPU iPhone OS 6_1_3 like Mac OS X) AppleWebKit/536.26 (KHTML, like Gecko) Version/6.0 Mobile/10B329 Safari/8536.25"
50.2.195.2 - - [22/Feb/2014:16:15:54 -0600] "GET /22c016f10/UserPreferences HTTP/1.0" 200 13046 "http://weblog.cs.uiowa.edu/" "Mozilla/5.0 (iPod; CPU iPhone OS 6_1_3 like Mac OS X) AppleWebKit/536.26 (KHTML, like Gecko) Version/6.0 Mobile/10B329 Safari/8536.25"
50.2.195.2 - - [22/Feb/2014:16:16:11 -0600] "GET /22c016f10/UserPreferences?action=login HTTP/1.0" 200 9535 "http://weblog.cs.uiowa.edu/22c016f10/UserPreferences" "Mozilla/5.0 (iPod; CPU iPhone OS 6_1_3 like Mac OS X) AppleWebKit/536.26 (KHTML, like Gecko) Version/6.0 Mobile/10B329 Safari/8536.25"
94.23.101.188 - - [22/Feb/2014:16:16:14 -0600] "GET /22C111f07/22c111/Welcome.html HTTP/1.1" 200 12700 "http://nest.cs.uiowa.edu/" "Mozilla/5.0 (iPod; CPU iPhone OS 6_1_3 like Mac OS X) AppleWebKit/536.26 (KHTML, like Gecko) Version/6.0 Mobile/10B329 Safari/8536.25"
94.23.101.188 - - [22/Feb/2014:16:16:15 -0600] "GET /22c111/Welcome?action=login HTTP/1.1" 404 212 "http://nest.cs.uiowa.edu/22C111f07/22c111/Welcome.html" "Mozilla/5.0 (iPod; CPU iPhone OS 6_1_3 like Mac OS X) AppleWebKit/536.26 (KHTML, like Gecko) Version/6.0 Mobile/10B329 Safari/8536.25"
94.23.101.188 - - [22/Feb/2014:16:16:15 -0600] "GET /22c111/Welcome?action=newaccount HTTP/1.1" 404 212 "http://weblog.cs.uiowa.edu/22c111/Welcome?action=login" "Mozilla/5.0 (iPod; CPU iPhone OS 6_1_3 like Mac OS X) AppleWebKit/536.26 (KHTML, like Gecko) Version/6.0 Mobile/10B329 Safari/8536.25"
50.2.195.2 - - [22/Feb/2014:16:16:15 -0600] "POST /22c016f10/UserPreferences HTTP/1.0" 200 13146 "http://weblog.cs.uiowa.edu/22c016f10/UserPreferences?action=login" "Mozilla/5.0 (iPod; CPU iPhone OS 6_1_3 like Mac OS X) AppleWebKit/536.26 (KHTML, like Gecko) Version/6.0 Mobile/10B329 Safari/8536.25"
103.31.201.159 - - [22/Feb/2014:16:18:14 -0600] "GET /robots.txt HTTP/1.0" 404 208 "http://www.selfstabilization.org/robots.txt" "Mozilla/4.0 (compatible; MSIE 8.0; Windows NT 5.1; Trident/4.0; .NET CLR 2.0.50727; .NET CLR 3.0.4506.2152; .NET CLR 3.5.30729)"
208.115.113.83 - - [22/Feb/2014:16:19:41 -0600] "GET /robots.txt HTTP/1.1" 404 208 "-" "Mozilla/5.0 (compatible; Ezooms/1.0; help@moz.com)"
208.115.113.83 - - [22/Feb/2014:16:19:41 -0600] "GET /robots.txt HTTP/1.1" 404 208 "-" "Mozilla/5.0 (compatible; Ezooms/1.0; help@moz.com)"
27.159.196.229 - - [22/Feb/2014:16:20:29 -0600] "GET /22c016f10/Moving_Property_Lower_Your_Stress_Level_Throughout_Move HTTP/1.1" 404 8174 "http://weblog.cs.uiowa.edu/" "Mozilla/5.0 (Linux; U; Android 2.2; fr-fr; Desire_A8181 Build/FRF91) App3leWebKit/53.1 (KHTML, like Gecko) Version/4.0 Mobile Safari/533.1"
27.159.196.229 - - [22/Feb/2014:16:20:31 -0600] "GET /22c016f10/Moving_Property_Lower_Your_Stress_Level_Throughout_Move?action=login HTTP/1.1" 200 6359 "http://weblog.cs.uiowa.edu/22c016f10/Moving_Property_Lower_Your_Stress_Level_Throughout_Move" "Mozilla/5.0 (Linux; U; Android 2.2; fr-fr; Desire_A8181 Build/FRF91) App3leWebKit/53.1 (KHTML, like Gecko) Version/4.0 Mobile Safari/533.1"
27.159.196.229 - - [22/Feb/2014:16:20:32 -0600] "GET /22c016f10/UserPreferences HTTP/1.1" 200 13046 "http://weblog.cs.uiowa.edu/22c016f10/Moving_Property_Lower_Your_Stress_Level_Throughout_Move?action=login" "Mozilla/5.0 (Linux; U; Android 2.2; fr-fr; Desire_A8181 Build/FRF91) App3leWebKit/53.1 (KHTML, like Gecko) Version/4.0 Mobile Safari/533.1"
27.159.196.229 - - [22/Feb/2014:16:20:34 -0600] "POST /22c016f10/UserPreferences HTTP/1.1" 200 13094 "http://weblog.cs.uiowa.edu/22c016f10/UserPreferences" "Mozilla/5.0 (Linux; U; Android 2.2; fr-fr; Desire_A8181 Build/FRF91) App3leWebKit/53.1 (KHTML, like Gecko) Version/4.0 Mobile Safari/533.1"
94.23.101.188 - - [22/Feb/2014:16:21:49 -0600] "GET /22C111f07/22c111/Welcome.html HTTP/1.1" 200 12700 "http://nest.cs.uiowa.edu/" "Mozilla/5.0 (iPod; CPU iPhone OS 6_1_3 like Mac OS X) AppleWebKit/536.26 (KHTML, like Gecko) Version/6.0 Mobile/10B329 Safari/8536.25"
94.23.101.188 - - [22/Feb/2014:16:21:49 -0600] "GET /22c111/Welcome?action=login HTTP/1.1" 404 212 "http://nest.cs.uiowa.edu/22C111f07/22c111/Welcome.html" "Mozilla/5.0 (iPod; CPU iPhone OS 6_1_3 like Mac OS X) AppleWebKit/536.26 (KHTML, like Gecko) Version/6.0 Mobile/10B329 Safari/8536.25"
94.23.101.188 - - [22/Feb/2014:16:21:49 -0600] "GET /22c111/Welcome?action=newaccount HTTP/1.1" 404 212 "http://weblog.cs.uiowa.edu/22c111/Welcome?action=login" "Mozilla/5.0 (iPod; CPU iPhone OS 6_1_3 like Mac OS X) AppleWebKit/536.26 (KHTML, like Gecko) Version/6.0 Mobile/10B329 Safari/8536.25"
204.93.54.249 - - [22/Feb/2014:16:23:14 -0600] "GET /22c016f10/UserPreferences HTTP/1.1" 200 13046 "http://weblog.cs.uiowa.edu/" "Mozilla/5.0 (iPod; CPU iPhone OS 6_1_3 like Mac OS X) AppleWebKit/536.26 (KHTML, like Gecko) Version/6.0 Mobile/10B329 Safari/8536.25"
204.93.54.249 - - [22/Feb/2014:16:23:15 -0600] "GET /22c016f10/UserPreferences?action=login HTTP/1.1" 200 9535 "http://weblog.cs.uiowa.edu/22c016f10/UserPreferences" "Mozilla/5.0 (iPod; CPU iPhone OS 6_1_3 like Mac OS X) AppleWebKit/536.26 (KHTML, like Gecko) Version/6.0 Mobile/10B329 Safari/8536.25"
204.93.54.249 - - [22/Feb/2014:16:23:16 -0600] "POST /22c016f10/UserPreferences HTTP/1.1" 200 13148 "http://weblog.cs.uiowa.edu/22c016f10/UserPreferences?action=login" "Mozilla/5.0 (iPod; CPU iPhone OS 6_1_3 like Mac OS X) AppleWebKit/536.26 (KHTML, like Gecko) Version/6.0 Mobile/10B329 Safari/8536.25"
173.254.234.201 - - [22/Feb/2014:16:24:54 -0600] "GET /22c016f10/Zero_Forms_Payday_cash_advances:_Instantaneous__Uncomplicated_Economic_Answers HTTP/1.0" 404 8530 "http://weblog.cs.uiowa.edu/" "Mozilla/5.0 (iPod; CPU iPhone OS 6_1_3 like Mac OS X) AppleWebKit/536.26 (KHTML, like Gecko) Version/6.0 Mobile/10B329 Safari/8536.25"
173.254.234.201 - - [22/Feb/2014:16:24:57 -0600] "GET /22c016f10/Zero_Forms_Payday_cash_advances%3A_Instantaneous_Uncomplicated_Economic_Answers?action=login HTTP/1.0" 200 6477 "http://weblog.cs.uiowa.edu/22c016f10/Zero_Forms_Payday_cash_advances:_Instantaneous__Uncomplicated_Economic_Answers" "Mozilla/5.0 (iPod; CPU iPhone OS 6_1_3 like Mac OS X) AppleWebKit/536.26 (KHTML, like Gecko) Version/6.0 Mobile/10B329 Safari/8536.25"
173.254.234.201 - - [22/Feb/2014:16:25:01 -0600] "GET /22c016f10/UserPreferences HTTP/1.0" 200 13046 "http://weblog.cs.uiowa.edu/22c016f10/Zero_Forms_Payday_cash_advances%3A_Instantaneous_Uncomplicated_Economic_Answers?action=login" "Mozilla/5.0 (iPod; CPU iPhone OS 6_1_3 like Mac OS X) AppleWebKit/536.26 (KHTML, like Gecko) Version/6.0 Mobile/10B329 Safari/8536.25"
173.254.234.201 - - [22/Feb/2014:16:25:06 -0600] "POST /22c016f10/UserPreferences HTTP/1.0" 200 13094 "http://weblog.cs.uiowa.edu/22c016f10/UserPreferences" "Mozilla/5.0 (iPod; CPU iPhone OS 6_1_3 like Mac OS X) AppleWebKit/536.26 (KHTML, like Gecko) Version/6.0 Mobile/10B329 Safari/8536.25"
66.249.73.104 - - [22/Feb/2014:16:26:23 -0600] "GET /Dagstuhl1998/index.en.phtml HTTP/1.1" 200 10858 "-" "Mozilla/5.0 (iPhone; CPU iPhone OS 6_0 like Mac OS X) AppleWebKit/536.26 (KHTML, like Gecko) Version/6.0 Mobile/10A5376e Safari/8536.25 (compatible; Googlebot/2.1; +http://www.google.com/bot.html)"
5.249.161.57 - - [22/Feb/2014:16:30:11 -0600] "GET /22c016f10/Zero_Forms_Payday_cash_advances:_Instantaneous__Uncomplicated_Economic_Answers HTTP/1.1" 404 8530 "http://weblog.cs.uiowa.edu/" "Mozilla/5.0 (iPod; CPU iPhone OS 6_1_3 like Mac OS X) AppleWebKit/536.26 (KHTML, like Gecko) Version/6.0 Mobile/10B329 Safari/8536.25"
94.23.101.188 - - [22/Feb/2014:16:34:28 -0600] "GET /22C111f07/22c111/Welcome.html HTTP/1.1" 200 12700 "http://nest.cs.uiowa.edu/" "Mozilla/5.0 (iPod; CPU iPhone OS 6_1_3 like Mac OS X) AppleWebKit/536.26 (KHTML, like Gecko) Version/6.0 Mobile/10B329 Safari/8536.25"
94.23.101.188 - - [22/Feb/2014:16:34:29 -0600] "GET /22c111/Welcome?action=login HTTP/1.1" 404 212 "http://nest.cs.uiowa.edu/22C111f07/22c111/Welcome.html" "Mozilla/5.0 (iPod; CPU iPhone OS 6_1_3 like Mac OS X) AppleWebKit/536.26 (KHTML, like Gecko) Version/6.0 Mobile/10B329 Safari/8536.25"
94.23.101.188 - - [22/Feb/2014:16:34:29 -0600] "GET /22c111/Welcome?action=newaccount HTTP/1.1" 404 212 "http://weblog.cs.uiowa.edu/22c111/Welcome?action=login" "Mozilla/5.0 (iPod; CPU iPhone OS 6_1_3 like Mac OS X) AppleWebKit/536.26 (KHTML, like Gecko) Version/6.0 Mobile/10B329 Safari/8536.25"
190.5.137.122 - - [22/Feb/2014:16:35:39 -0600] "HEAD / HTTP/1.0" 200 - "-" "-"
190.5.137.122 - - [22/Feb/2014:16:35:39 -0600] "POST /cgi-bin/php?%2D%64+%61%6C%6C%6F%77%5F%75%72%6C%5F%69%6E%63%6C%75%64%65%3D%6F%6E+%2D%64+%73%61%66%65%5F%6D%6F%64%65%3D%6F%66%66+%2D%64+%73%75%68%6F%73%69%6E%2E%73%69%6D%75%6C%61%74%69%6F%6E%3D%6F%6E+%2D%64+%64%69%73%61%62%6C%65%5F%66%75%6E%63%74%69%6F%6E%73%3D%22%22+%2D%64+%6F%70%65%6E%5F%62%61%73%65%64%69%72%3D%6E%6F%6E%65+%2D%64+%61%75%74%6F%5F%70%72%65%70%65%6E%64%5F%66%69%6C%65%3D%70%68%70%3A%2F%2F%69%6E%70%75%74+%2D%64+%63%67%69%2E%66%6F%72%63%65%5F%72%65%64%69%72%65%63%74%3D%30+%2D%64+%63%67%69%2E%72%65%64%69%72%65%63%74%5F%73%74%61%74%75%73%5F%65%6E%76%3D%30+%2D%6E HTTP/1.1" 404 209 "-" "Mozilla/5.0 (iPad; CPU OS 6_0 like Mac OS X) AppleWebKit/536.26(KHTML, like Gecko) Version/6.0 Mobile/10A5355d Safari/8536.25"
190.5.137.122 - - [22/Feb/2014:16:35:39 -0600] "POST /cgi-bin/php5?%2D%64+%61%6C%6C%6F%77%5F%75%72%6C%5F%69%6E%63%6C%75%64%65%3D%6F%6E+%2D%64+%73%61%66%65%5F%6D%6F%64%65%3D%6F%66%66+%2D%64+%73%75%68%6F%73%69%6E%2E%73%69%6D%75%6C%61%74%69%6F%6E%3D%6F%6E+%2D%64+%64%69%73%61%62%6C%65%5F%66%75%6E%63%74%69%6F%6E%73%3D%22%22+%2D%64+%6F%70%65%6E%5F%62%61%73%65%64%69%72%3D%6E%6F%6E%65+%2D%64+%61%75%74%6F%5F%70%72%65%70%65%6E%64%5F%66%69%6C%65%3D%70%68%70%3A%2F%2F%69%6E%70%75%74+%2D%64+%63%67%69%2E%66%6F%72%63%65%5F%72%65%64%69%72%65%63%74%3D%30+%2D%64+%63%67%69%2E%72%65%64%69%72%65%63%74%5F%73%74%61%74%75%73%5F%65%6E%76%3D%30+%2D%6E HTTP/1.1" 404 210 "-" "Mozilla/5.0 (iPad; CPU OS 6_0 like Mac OS X) AppleWebKit/536.26(KHTML, like Gecko) Version/6.0 Mobile/10A5355d Safari/8536.25"
190.5.137.122 - - [22/Feb/2014:16:35:40 -0600] "POST /cgi-bin/php-cgi?%2D%64+%61%6C%6C%6F%77%5F%75%72%6C%5F%69%6E%63%6C%75%64%65%3D%6F%6E+%2D%64+%73%61%66%65%5F%6D%6F%64%65%3D%6F%66%66+%2D%64+%73%75%68%6F%73%69%6E%2E%73%69%6D%75%6C%61%74%69%6F%6E%3D%6F%6E+%2D%64+%64%69%73%61%62%6C%65%5F%66%75%6E%63%74%69%6F%6E%73%3D%22%22+%2D%64+%6F%70%65%6E%5F%62%61%73%65%64%69%72%3D%6E%6F%6E%65+%2D%64+%61%75%74%6F%5F%70%72%65%70%65%6E%64%5F%66%69%6C%65%3D%70%68%70%3A%2F%2F%69%6E%70%75%74+%2D%64+%63%67%69%2E%66%6F%72%63%65%5F%72%65%64%69%72%65%63%74%3D%30+%2D%64+%63%67%69%2E%72%65%64%69%72%65%63%74%5F%73%74%61%74%75%73%5F%65%6E%76%3D%30+%2D%6E HTTP/1.1" 404 213 "-" "Mozilla/5.0 (iPad; CPU OS 6_0 like Mac OS X) AppleWebKit/536.26(KHTML, like Gecko) Version/6.0 Mobile/10A5355d Safari/8536.25"
190.5.137.122 - - [22/Feb/2014:16:35:40 -0600] "POST /cgi-bin/php.cgi?%2D%64+%61%6C%6C%6F%77%5F%75%72%6C%5F%69%6E%63%6C%75%64%65%3D%6F%6E+%2D%64+%73%61%66%65%5F%6D%6F%64%65%3D%6F%66%66+%2D%64+%73%75%68%6F%73%69%6E%2E%73%69%6D%75%6C%61%74%69%6F%6E%3D%6F%6E+%2D%64+%64%69%73%61%62%6C%65%5F%66%75%6E%63%74%69%6F%6E%73%3D%22%22+%2D%64+%6F%70%65%6E%5F%62%61%73%65%64%69%72%3D%6E%6F%6E%65+%2D%64+%61%75%74%6F%5F%70%72%65%70%65%6E%64%5F%66%69%6C%65%3D%70%68%70%3A%2F%2F%69%6E%70%75%74+%2D%64+%63%67%69%2E%66%6F%72%63%65%5F%72%65%64%69%72%65%63%74%3D%30+%2D%64+%63%67%69%2E%72%65%64%69%72%65%63%74%5F%73%74%61%74%75%73%5F%65%6E%76%3D%30+%2D%6E HTTP/1.1" 404 213 "-" "Mozilla/5.0 (iPad; CPU OS 6_0 like Mac OS X) AppleWebKit/536.26(KHTML, like Gecko) Version/6.0 Mobile/10A5355d Safari/8536.25"
190.5.137.122 - - [22/Feb/2014:16:35:40 -0600] "POST /cgi-bin/php4?%2D%64+%61%6C%6C%6F%77%5F%75%72%6C%5F%69%6E%63%6C%75%64%65%3D%6F%6E+%2D%64+%73%61%66%65%5F%6D%6F%64%65%3D%6F%66%66+%2D%64+%73%75%68%6F%73%69%6E%2E%73%69%6D%75%6C%61%74%69%6F%6E%3D%6F%6E+%2D%64+%64%69%73%61%62%6C%65%5F%66%75%6E%63%74%69%6F%6E%73%3D%22%22+%2D%64+%6F%70%65%6E%5F%62%61%73%65%64%69%72%3D%6E%6F%6E%65+%2D%64+%61%75%74%6F%5F%70%72%65%70%65%6E%64%5F%66%69%6C%65%3D%70%68%70%3A%2F%2F%69%6E%70%75%74+%2D%64+%63%67%69%2E%66%6F%72%63%65%5F%72%65%64%69%72%65%63%74%3D%30+%2D%64+%63%67%69%2E%72%65%64%69%72%65%63%74%5F%73%74%61%74%75%73%5F%65%6E%76%3D%30+%2D%6E HTTP/1.1" 404 210 "-" "Mozilla/5.0 (iPad; CPU OS 6_0 like Mac OS X) AppleWebKit/536.26(KHTML, like Gecko) Version/6.0 Mobile/10A5355d Safari/8536.25"
91.207.7.13 - - [22/Feb/2014:16:36:50 -0600] "GET /22c016f10/UserPreferences HTTP/1.1" 200 13046 "http://weblog.cs.uiowa.edu/" "Mozilla/5.0 (iPod; CPU iPhone OS 6_1_3 like Mac OS X) AppleWebKit/536.26 (KHTML, like Gecko) Version/6.0 Mobile/10B329 Safari/8536.25"
91.207.7.13 - - [22/Feb/2014:16:36:52 -0600] "GET /22c016f10/UserPreferences?action=login HTTP/1.1" 200 9535 "http://weblog.cs.uiowa.edu/22c016f10/UserPreferences" "Mozilla/5.0 (iPod; CPU iPhone OS 6_1_3 like Mac OS X) AppleWebKit/536.26 (KHTML, like Gecko) Version/6.0 Mobile/10B329 Safari/8536.25"
91.207.7.13 - - [22/Feb/2014:16:36:52 -0600] "POST /22c016f10/UserPreferences HTTP/1.1" 200 13147 "http://weblog.cs.uiowa.edu/22c016f10/UserPreferences?action=login" "Mozilla/5.0 (iPod; CPU iPhone OS 6_1_3 like Mac OS X) AppleWebKit/536.26 (KHTML, like Gecko) Version/6.0 Mobile/10B329 Safari/8536.25"
110.85.100.147 - - [22/Feb/2014:16:39:22 -0600] "GET /22c016f10/UserPreferences HTTP/1.1" 200 13046 "http://weblog.cs.uiowa.edu/" "Mozilla/5.0 (Linux; U; Android 2.2; fr-fr; Desire_A8181 Build/FRF91) App3leWebKit/53.1 (KHTML, like Gecko) Version/4.0 Mobile Safari/533.1"
110.85.100.147 - - [22/Feb/2014:16:39:23 -0600] "GET /22c016f10/UserPreferences?action=login HTTP/1.1" 200 9535 "http://weblog.cs.uiowa.edu/22c016f10/UserPreferences" "Mozilla/5.0 (Linux; U; Android 2.2; fr-fr; Desire_A8181 Build/FRF91) App3leWebKit/53.1 (KHTML, like Gecko) Version/4.0 Mobile Safari/533.1"
110.85.100.147 - - [22/Feb/2014:16:39:24 -0600] "POST /22c016f10/UserPreferences HTTP/1.1" 200 13147 "http://weblog.cs.uiowa.edu/22c016f10/UserPreferences?action=login" "Mozilla/5.0 (Linux; U; Android 2.2; fr-fr; Desire_A8181 Build/FRF91) App3leWebKit/53.1 (KHTML, like Gecko) Version/4.0 Mobile Safari/533.1"
209.236.112.195 - - [22/Feb/2014:16:39:55 -0600] "GET /22c016f10/Breast_Augmentation_Surgery_And_Its_Ins_And_Outs HTTP/1.1" 404 8069 "http://weblog.cs.uiowa.edu/" "Mozilla/5.0 (iPod; CPU iPhone OS 6_1_3 like Mac OS X) AppleWebKit/536.26 (KHTML, like Gecko) Version/6.0 Mobile/10B329 Safari/8536.25"
188.208.8.167 - - [22/Feb/2014:16:40:01 -0600] "GET /22c016f10/Breast_Augmentation_Surgery_And_Its_Ins_And_Outs?action=login HTTP/1.0" 200 6324 "http://weblog.cs.uiowa.edu/22c016f10/Breast_Augmentation_Surgery_And_Its_Ins_And_Outs" "Mozilla/5.0 (iPod; CPU iPhone OS 6_1_3 like Mac OS X) AppleWebKit/536.26 (KHTML, like Gecko) Version/6.0 Mobile/10B329 Safari/8536.25"
188.208.8.167 - - [22/Feb/2014:16:40:02 -0600] "GET /22c016f10/UserPreferences HTTP/1.0" 200 13046 "http://weblog.cs.uiowa.edu/22c016f10/Breast_Augmentation_Surgery_And_Its_Ins_And_Outs?action=login" "Mozilla/5.0 (iPod; CPU iPhone OS 6_1_3 like Mac OS X) AppleWebKit/536.26 (KHTML, like Gecko) Version/6.0 Mobile/10B329 Safari/8536.25"
188.208.8.167 - - [22/Feb/2014:16:40:04 -0600] "POST /22c016f10/UserPreferences HTTP/1.0" 200 13094 "http://weblog.cs.uiowa.edu/22c016f10/UserPreferences" "Mozilla/5.0 (iPod; CPU iPhone OS 6_1_3 like Mac OS X) AppleWebKit/536.26 (KHTML, like Gecko) Version/6.0 Mobile/10B329 Safari/8536.25"
190.137.206.171 - - [22/Feb/2014:16:41:28 -0600] "GET /22c016f11 HTTP/1.0" 200 14831 "-" "-"
190.137.206.171 - - [22/Feb/2014:16:41:30 -0600] "GET /22c016f11 HTTP/1.0" 200 14831 "-" "-"
190.137.206.171 - - [22/Feb/2014:16:41:32 -0600] "GET /22c016f11 HTTP/1.0" 200 14831 "-" "-"
202.46.62.19 - - [22/Feb/2014:16:41:56 -0600] "GET / HTTP/1.1" 200 2998 "-" "Mozilla/4.0 (compatible; MSIE 7.0; Windows NT 6.0)"
119.63.193.194 - - [22/Feb/2014:16:42:03 -0600] "GET / HTTP/1.1" 200 2998 "-" "Mozilla/4.0 (compatible; MSIE 7.0; Windows NT 6.0)"
178.78.112.205 - - [22/Feb/2014:16:43:09 -0600] "HEAD / HTTP/1.0" 200 - "-" "-"
178.78.112.205 - - [22/Feb/2014:16:43:10 -0600] "POST /cgi-bin/php?%2D%64+%61%6C%6C%6F%77%5F%75%72%6C%5F%69%6E%63%6C%75%64%65%3D%6F%6E+%2D%64+%73%61%66%65%5F%6D%6F%64%65%3D%6F%66%66+%2D%64+%73%75%68%6F%73%69%6E%2E%73%69%6D%75%6C%61%74%69%6F%6E%3D%6F%6E+%2D%64+%64%69%73%61%62%6C%65%5F%66%75%6E%63%74%69%6F%6E%73%3D%22%22+%2D%64+%6F%70%65%6E%5F%62%61%73%65%64%69%72%3D%6E%6F%6E%65+%2D%64+%61%75%74%6F%5F%70%72%65%70%65%6E%64%5F%66%69%6C%65%3D%70%68%70%3A%2F%2F%69%6E%70%75%74+%2D%64+%63%67%69%2E%66%6F%72%63%65%5F%72%65%64%69%72%65%63%74%3D%30+%2D%64+%63%67%69%2E%72%65%64%69%72%65%63%74%5F%73%74%61%74%75%73%5F%65%6E%76%3D%30+%2D%6E HTTP/1.1" 404 209 "-" "Mozilla/5.0 (iPad; CPU OS 6_0 like Mac OS X) AppleWebKit/536.26(KHTML, like Gecko) Version/6.0 Mobile/10A5355d Safari/8536.25"
178.78.112.205 - - [22/Feb/2014:16:43:10 -0600] "POST /cgi-bin/php5?%2D%64+%61%6C%6C%6F%77%5F%75%72%6C%5F%69%6E%63%6C%75%64%65%3D%6F%6E+%2D%64+%73%61%66%65%5F%6D%6F%64%65%3D%6F%66%66+%2D%64+%73%75%68%6F%73%69%6E%2E%73%69%6D%75%6C%61%74%69%6F%6E%3D%6F%6E+%2D%64+%64%69%73%61%62%6C%65%5F%66%75%6E%63%74%69%6F%6E%73%3D%22%22+%2D%64+%6F%70%65%6E%5F%62%61%73%65%64%69%72%3D%6E%6F%6E%65+%2D%64+%61%75%74%6F%5F%70%72%65%70%65%6E%64%5F%66%69%6C%65%3D%70%68%70%3A%2F%2F%69%6E%70%75%74+%2D%64+%63%67%69%2E%66%6F%72%63%65%5F%72%65%64%69%72%65%63%74%3D%30+%2D%64+%63%67%69%2E%72%65%64%69%72%65%63%74%5F%73%74%61%74%75%73%5F%65%6E%76%3D%30+%2D%6E HTTP/1.1" 404 210 "-" "Mozilla/5.0 (iPad; CPU OS 6_0 like Mac OS X) AppleWebKit/536.26(KHTML, like Gecko) Version/6.0 Mobile/10A5355d Safari/8536.25"
178.78.112.205 - - [22/Feb/2014:16:43:10 -0600] "POST /cgi-bin/php-cgi?%2D%64+%61%6C%6C%6F%77%5F%75%72%6C%5F%69%6E%63%6C%75%64%65%3D%6F%6E+%2D%64+%73%61%66%65%5F%6D%6F%64%65%3D%6F%66%66+%2D%64+%73%75%68%6F%73%69%6E%2E%73%69%6D%75%6C%61%74%69%6F%6E%3D%6F%6E+%2D%64+%64%69%73%61%62%6C%65%5F%66%75%6E%63%74%69%6F%6E%73%3D%22%22+%2D%64+%6F%70%65%6E%5F%62%61%73%65%64%69%72%3D%6E%6F%6E%65+%2D%64+%61%75%74%6F%5F%70%72%65%70%65%6E%64%5F%66%69%6C%65%3D%70%68%70%3A%2F%2F%69%6E%70%75%74+%2D%64+%63%67%69%2E%66%6F%72%63%65%5F%72%65%64%69%72%65%63%74%3D%30+%2D%64+%63%67%69%2E%72%65%64%69%72%65%63%74%5F%73%74%61%74%75%73%5F%65%6E%76%3D%30+%2D%6E HTTP/1.1" 404 213 "-" "Mozilla/5.0 (iPad; CPU OS 6_0 like Mac OS X) AppleWebKit/536.26(KHTML, like Gecko) Version/6.0 Mobile/10A5355d Safari/8536.25"
178.78.112.205 - - [22/Feb/2014:16:43:10 -0600] "POST /cgi-bin/php.cgi?%2D%64+%61%6C%6C%6F%77%5F%75%72%6C%5F%69%6E%63%6C%75%64%65%3D%6F%6E+%2D%64+%73%61%66%65%5F%6D%6F%64%65%3D%6F%66%66+%2D%64+%73%75%68%6F%73%69%6E%2E%73%69%6D%75%6C%61%74%69%6F%6E%3D%6F%6E+%2D%64+%64%69%73%61%62%6C%65%5F%66%75%6E%63%74%69%6F%6E%73%3D%22%22+%2D%64+%6F%70%65%6E%5F%62%61%73%65%64%69%72%3D%6E%6F%6E%65+%2D%64+%61%75%74%6F%5F%70%72%65%70%65%6E%64%5F%66%69%6C%65%3D%70%68%70%3A%2F%2F%69%6E%70%75%74+%2D%64+%63%67%69%2E%66%6F%72%63%65%5F%72%65%64%69%72%65%63%74%3D%30+%2D%64+%63%67%69%2E%72%65%64%69%72%65%63%74%5F%73%74%61%74%75%73%5F%65%6E%76%3D%30+%2D%6E HTTP/1.1" 404 213 "-" "Mozilla/5.0 (iPad; CPU OS 6_0 like Mac OS X) AppleWebKit/536.26(KHTML, like Gecko) Version/6.0 Mobile/10A5355d Safari/8536.25"
178.78.112.205 - - [22/Feb/2014:16:43:10 -0600] "POST /cgi-bin/php4?%2D%64+%61%6C%6C%6F%77%5F%75%72%6C%5F%69%6E%63%6C%75%64%65%3D%6F%6E+%2D%64+%73%61%66%65%5F%6D%6F%64%65%3D%6F%66%66+%2D%64+%73%75%68%6F%73%69%6E%2E%73%69%6D%75%6C%61%74%69%6F%6E%3D%6F%6E+%2D%64+%64%69%73%61%62%6C%65%5F%66%75%6E%63%74%69%6F%6E%73%3D%22%22+%2D%64+%6F%70%65%6E%5F%62%61%73%65%64%69%72%3D%6E%6F%6E%65+%2D%64+%61%75%74%6F%5F%70%72%65%70%65%6E%64%5F%66%69%6C%65%3D%70%68%70%3A%2F%2F%69%6E%70%75%74+%2D%64+%63%67%69%2E%66%6F%72%63%65%5F%72%65%64%69%72%65%63%74%3D%30+%2D%64+%63%67%69%2E%72%65%64%69%72%65%63%74%5F%73%74%61%74%75%73%5F%65%6E%76%3D%30+%2D%6E HTTP/1.1" 404 210 "-" "Mozilla/5.0 (iPad; CPU OS 6_0 like Mac OS X) AppleWebKit/536.26(KHTML, like Gecko) Version/6.0 Mobile/10A5355d Safari/8536.25"
::1 - - [22/Feb/2014:16:43:12 -0600] "OPTIONS * HTTP/1.0" 200 - "-" "Apache/2.2.17 (Unix) DAV/2 (internal dummy connection)"
27.159.253.80 - - [22/Feb/2014:16:45:22 -0600] "GET /22c016f10/UserPreferences HTTP/1.1" 200 13046 "http://weblog.cs.uiowa.edu/" "Mozilla/5.0 (Linux; U; Android 2.2; fr-fr; Desire_A8181 Build/FRF91) App3leWebKit/53.1 (KHTML, like Gecko) Version/4.0 Mobile Safari/533.1"
27.159.253.80 - - [22/Feb/2014:16:45:23 -0600] "GET /22c016f10/UserPreferences?action=login HTTP/1.1" 200 9535 "http://weblog.cs.uiowa.edu/22c016f10/UserPreferences" "Mozilla/5.0 (Linux; U; Android 2.2; fr-fr; Desire_A8181 Build/FRF91) App3leWebKit/53.1 (KHTML, like Gecko) Version/4.0 Mobile Safari/533.1"
27.159.253.80 - - [22/Feb/2014:16:45:24 -0600] "POST /22c016f10/UserPreferences HTTP/1.1" 200 13147 "http://weblog.cs.uiowa.edu/22c016f10/UserPreferences?action=login" "Mozilla/5.0 (Linux; U; Android 2.2; fr-fr; Desire_A8181 Build/FRF91) App3leWebKit/53.1 (KHTML, like Gecko) Version/4.0 Mobile Safari/533.1"
95.108.158.237 - - [22/Feb/2014:16:46:11 -0600] "GET /sss2009/tuesday_SSS09/Thumbnails/16.jpg HTTP/1.1" 304 - "-" "Mozilla/5.0 (compatible; YandexImages/3.0; +http://yandex.com/bots)"
5.135.214.232 - - [22/Feb/2014:16:46:35 -0600] "GET /22c016f10/UserPreferences HTTP/1.0" 200 13046 "http://weblog.cs.uiowa.edu/" "Mozilla/5.0 (iPod; CPU iPhone OS 6_1_3 like Mac OS X) AppleWebKit/536.26 (KHTML, like Gecko) Version/6.0 Mobile/10B329 Safari/8536.25"
5.135.214.232 - - [22/Feb/2014:16:46:38 -0600] "GET /22c016f10/UserPreferences?action=login HTTP/1.0" 200 9535 "http://weblog.cs.uiowa.edu/22c016f10/UserPreferences" "Mozilla/5.0 (iPod; CPU iPhone OS 6_1_3 like Mac OS X) AppleWebKit/536.26 (KHTML, like Gecko) Version/6.0 Mobile/10B329 Safari/8536.25"
5.135.214.232 - - [22/Feb/2014:16:46:49 -0600] "GET /22c016f10/UserPreferences HTTP/1.0" 200 13046 "http://weblog.cs.uiowa.edu/22c016f10/UserPreferences?action=login" "Mozilla/5.0 (iPod; CPU iPhone OS 6_1_3 like Mac OS X) AppleWebKit/536.26 (KHTML, like Gecko) Version/6.0 Mobile/10B329 Safari/8536.25"
5.135.214.232 - - [22/Feb/2014:16:46:59 -0600] "POST /22c016f10/UserPreferences HTTP/1.0" 200 13094 "http://weblog.cs.uiowa.edu/22c016f10/UserPreferences" "Mozilla/5.0 (iPod; CPU iPhone OS 6_1_3 like Mac OS X) AppleWebKit/536.26 (KHTML, like Gecko) Version/6.0 Mobile/10B329 Safari/8536.25"
198.143.133.116 - - [22/Feb/2014:16:52:00 -0600] "GET /22c016f10/Zero_Forms_Payday_cash_advances:_Instantaneous__Uncomplicated_Economic_Answers HTTP/1.0" 404 8530 "http://weblog.cs.uiowa.edu/" "Mozilla/5.0 (iPod; CPU iPhone OS 6_1_3 like Mac OS X) AppleWebKit/536.26 (KHTML, like Gecko) Version/6.0 Mobile/10B329 Safari/8536.25"
198.143.133.116 - - [22/Feb/2014:16:52:01 -0600] "GET /22c016f10/Zero_Forms_Payday_cash_advances%3A_Instantaneous_Uncomplicated_Economic_Answers?action=login HTTP/1.0" 200 6477 "http://weblog.cs.uiowa.edu/22c016f10/Zero_Forms_Payday_cash_advances:_Instantaneous__Uncomplicated_Economic_Answers" "Mozilla/5.0 (iPod; CPU iPhone OS 6_1_3 like Mac OS X) AppleWebKit/536.26 (KHTML, like Gecko) Version/6.0 Mobile/10B329 Safari/8536.25"
198.143.133.116 - - [22/Feb/2014:16:52:05 -0600] "GET /22c016f10/UserPreferences HTTP/1.0" 200 13046 "http://weblog.cs.uiowa.edu/22c016f10/Zero_Forms_Payday_cash_advances%3A_Instantaneous_Uncomplicated_Economic_Answers?action=login" "Mozilla/5.0 (iPod; CPU iPhone OS 6_1_3 like Mac OS X) AppleWebKit/536.26 (KHTML, like Gecko) Version/6.0 Mobile/10B329 Safari/8536.25"
66.249.73.104 - - [22/Feb/2014:16:52:07 -0600] "GET /sss2012/accepted.html HTTP/1.1" 200 15428 "-" "Mozilla/5.0 (iPhone; CPU iPhone OS 6_0 like Mac OS X) AppleWebKit/536.26 (KHTML, like Gecko) Version/6.0 Mobile/10A5376e Safari/8536.25 (compatible; Googlebot/2.1; +http://www.google.com/bot.html)"
198.143.133.116 - - [22/Feb/2014:16:52:10 -0600] "POST /22c016f10/UserPreferences HTTP/1.0" 200 13094 "http://weblog.cs.uiowa.edu/22c016f10/UserPreferences" "Mozilla/5.0 (iPod; CPU iPhone OS 6_1_3 like Mac OS X) AppleWebKit/536.26 (KHTML, like Gecko) Version/6.0 Mobile/10B329 Safari/8536.25"
66.249.73.104 - - [22/Feb/2014:16:53:14 -0600] "GET /birs2004/index.html HTTP/1.1" 304 - "-" "Mozilla/5.0 (compatible; Googlebot/2.1; +http://www.google.com/bot.html)"
37.59.210.234 - - [22/Feb/2014:16:56:10 -0600] "GET /22c016f10/KarenMcmu HTTP/1.0" 404 7468 "http://weblog.cs.uiowa.edu/" "Mozilla/5.0 (iPod; CPU iPhone OS 6_1_3 like Mac OS X) AppleWebKit/536.26 (KHTML, like Gecko) Version/6.0 Mobile/10B329 Safari/8536.25"
37.59.210.234 - - [22/Feb/2014:16:56:14 -0600] "GET /22c016f10/KarenMcmu?action=login HTTP/1.0" 200 6113 "http://weblog.cs.uiowa.edu/22c016f10/KarenMcmu" "Mozilla/5.0 (iPod; CPU iPhone OS 6_1_3 like Mac OS X) AppleWebKit/536.26 (KHTML, like Gecko) Version/6.0 Mobile/10B329 Safari/8536.25"
37.59.210.234 - - [22/Feb/2014:16:56:17 -0600] "GET /22c016f10/KarenMcmu?action=newaccount HTTP/1.0" 200 70 "http://weblog.cs.uiowa.edu/22c016f10/KarenMcmu?action=login" "Mozilla/5.0 (iPod; CPU iPhone OS 6_1_3 like Mac OS X) AppleWebKit/536.26 (KHTML, like Gecko) Version/6.0 Mobile/10B329 Safari/8536.25"
41.220.28.54 - - [22/Feb/2014:16:56:18 -0600] "GET /22c016f10/Unsuccessful_Sites:_The_Common_Pitfalls HTTP/1.1" 404 7960 "http://weblog.cs.uiowa.edu/" "Mozilla/5.0 (iPod; CPU iPhone OS 6_1_3 like Mac OS X) AppleWebKit/536.26 (KHTML, like Gecko) Version/6.0 Mobile/10B329 Safari/8536.25"
41.220.28.54 - - [22/Feb/2014:16:56:20 -0600] "GET /22c016f10/Unsuccessful_Sites%3A_The_Common_Pitfalls?action=login HTTP/1.1" 200 6287 "http://weblog.cs.uiowa.edu/22c016f10/Unsuccessful_Sites:_The_Common_Pitfalls" "Mozilla/5.0 (iPod; CPU iPhone OS 6_1_3 like Mac OS X) AppleWebKit/536.26 (KHTML, like Gecko) Version/6.0 Mobile/10B329 Safari/8536.25"
41.220.28.54 - - [22/Feb/2014:16:56:22 -0600] "GET /22c016f10/UserPreferences HTTP/1.1" 200 13046 "http://weblog.cs.uiowa.edu/22c016f10/Unsuccessful_Sites%3A_The_Common_Pitfalls?action=login" "Mozilla/5.0 (iPod; CPU iPhone OS 6_1_3 like Mac OS X) AppleWebKit/536.26 (KHTML, like Gecko) Version/6.0 Mobile/10B329 Safari/8536.25"
41.220.28.54 - - [22/Feb/2014:16:56:25 -0600] "POST /22c016f10/UserPreferences HTTP/1.1" 200 13094 "http://weblog.cs.uiowa.edu/22c016f10/UserPreferences" "Mozilla/5.0 (iPod; CPU iPhone OS 6_1_3 like Mac OS X) AppleWebKit/536.26 (KHTML, like Gecko) Version/6.0 Mobile/10B329 Safari/8536.25"
94.23.101.188 - - [22/Feb/2014:16:57:21 -0600] "GET /22C111f07/22c111/Welcome.html HTTP/1.1" 200 12700 "http://nest.cs.uiowa.edu/" "Mozilla/5.0 (iPod; CPU iPhone OS 6_1_3 like Mac OS X) AppleWebKit/536.26 (KHTML, like Gecko) Version/6.0 Mobile/10B329 Safari/8536.25"
94.23.101.188 - - [22/Feb/2014:16:57:22 -0600] "GET /22c111/Welcome?action=login HTTP/1.1" 404 212 "http://nest.cs.uiowa.edu/22C111f07/22c111/Welcome.html" "Mozilla/5.0 (iPod; CPU iPhone OS 6_1_3 like Mac OS X) AppleWebKit/536.26 (KHTML, like Gecko) Version/6.0 Mobile/10B329 Safari/8536.25"
94.23.101.188 - - [22/Feb/2014:16:57:22 -0600] "GET /22c111/Welcome?action=newaccount HTTP/1.1" 404 212 "http://weblog.cs.uiowa.edu/22c111/Welcome?action=login" "Mozilla/5.0 (iPod; CPU iPhone OS 6_1_3 like Mac OS X) AppleWebKit/536.26 (KHTML, like Gecko) Version/6.0 Mobile/10B329 Safari/8536.25"
192.3.108.177 - - [22/Feb/2014:16:58:41 -0600] "GET /22c016f10/Situations_When_You_Can_t_Reside_Without_Professional_Plumbing_In_Toronto HTTP/1.0" 404 8444 "http://weblog.cs.uiowa.edu/" "Mozilla/5.0 (iPod; CPU iPhone OS 6_1_3 like Mac OS X) AppleWebKit/536.26 (KHTML, like Gecko) Version/6.0 Mobile/10B329 Safari/8536.25"
192.3.108.177 - - [22/Feb/2014:16:58:42 -0600] "GET /22c016f10/Situations_When_You_Can_t_Reside_Without_Professional_Plumbing_In_Toronto?action=login HTTP/1.0" 200 6449 "http://weblog.cs.uiowa.edu/22c016f10/Situations_When_You_Can_t_Reside_Without_Professional_Plumbing_In_Toronto" "Mozilla/5.0 (iPod; CPU iPhone OS 6_1_3 like Mac OS X) AppleWebKit/536.26 (KHTML, like Gecko) Version/6.0 Mobile/10B329 Safari/8536.25"
192.3.108.177 - - [22/Feb/2014:16:58:43 -0600] "GET /22c016f10/UserPreferences HTTP/1.0" 200 13046 "http://weblog.cs.uiowa.edu/22c016f10/Situations_When_You_Can_t_Reside_Without_Professional_Plumbing_In_Toronto?action=login" "Mozilla/5.0 (iPod; CPU iPhone OS 6_1_3 like Mac OS X) AppleWebKit/536.26 (KHTML, like Gecko) Version/6.0 Mobile/10B329 Safari/8536.25"
192.3.108.177 - - [22/Feb/2014:16:58:44 -0600] "POST /22c016f10/UserPreferences HTTP/1.0" 200 13094 "http://weblog.cs.uiowa.edu/22c016f10/UserPreferences" "Mozilla/5.0 (iPod; CPU iPhone OS 6_1_3 like Mac OS X) AppleWebKit/536.26 (KHTML, like Gecko) Version/6.0 Mobile/10B329 Safari/8536.25"
5.10.83.49 - - [22/Feb/2014:17:03:25 -0600] "GET /book/drawex2 HTTP/1.1" 200 3129 "-" "Mozilla/5.0 (compatible; AhrefsBot/5.0; +http://ahrefs.com/robot/)"
110.85.103.41 - - [22/Feb/2014:17:07:39 -0600] "GET /22c016f10/Gabriella_Psychic_Gets_Most HTTP/1.1" 404 7754 "http://weblog.cs.uiowa.edu/" "Mozilla/5.0 (Linux; U; Android 2.2; fr-fr; Desire_A8181 Build/FRF91) App3leWebKit/53.1 (KHTML, like Gecko) Version/4.0 Mobile Safari/533.1"
110.85.103.41 - - [22/Feb/2014:17:07:40 -0600] "GET /22c016f10/Gabriella_Psychic_Gets_Most?action=login HTTP/1.1" 200 6219 "http://weblog.cs.uiowa.edu/22c016f10/Gabriella_Psychic_Gets_Most" "Mozilla/5.0 (Linux; U; Android 2.2; fr-fr; Desire_A8181 Build/FRF91) App3leWebKit/53.1 (KHTML, like Gecko) Version/4.0 Mobile Safari/533.1"
110.85.103.41 - - [22/Feb/2014:17:07:41 -0600] "GET /22c016f10/UserPreferences HTTP/1.1" 200 13046 "http://weblog.cs.uiowa.edu/22c016f10/Gabriella_Psychic_Gets_Most?action=login" "Mozilla/5.0 (Linux; U; Android 2.2; fr-fr; Desire_A8181 Build/FRF91) App3leWebKit/53.1 (KHTML, like Gecko) Version/4.0 Mobile Safari/533.1"
110.85.103.41 - - [22/Feb/2014:17:07:42 -0600] "POST /22c016f10/UserPreferences HTTP/1.1" 200 13094 "http://weblog.cs.uiowa.edu/22c016f10/UserPreferences" "Mozilla/5.0 (Linux; U; Android 2.2; fr-fr; Desire_A8181 Build/FRF91) App3leWebKit/53.1 (KHTML, like Gecko) Version/4.0 Mobile Safari/533.1"
123.125.71.14 - - [22/Feb/2014:17:09:09 -0600] "GET / HTTP/1.1" 200 2998 "-" "Mozilla/5.0 (compatible; Baiduspider/2.0; +http://www.baidu.com/search/spider.html)"
190.138.109.78 - - [22/Feb/2014:17:11:29 -0600] "GET /22c016f11 HTTP/1.0" 200 14831 "-" "-"
190.138.109.78 - - [22/Feb/2014:17:11:33 -0600] "GET /22c016f11 HTTP/1.0" 200 14831 "-" "-"
190.138.109.78 - - [22/Feb/2014:17:11:35 -0600] "GET /22c016f11 HTTP/1.0" 200 14831 "-" "-"
110.85.103.41 - - [22/Feb/2014:17:14:27 -0600] "GET /22c016f10/Gabriella_Psychic_Gets_Most HTTP/1.1" 404 7754 "http://weblog.cs.uiowa.edu/" "Mozilla/5.0 (Linux; U; Android 2.2; fr-fr; Desire_A8181 Build/FRF91) App3leWebKit/53.1 (KHTML, like Gecko) Version/4.0 Mobile Safari/533.1"
