117.26.248.200 - - [22/Feb/2014:07:32:58 -0600] "GET /22c016f10/Moving_Property_Lower_Your_Stress_Level_Throughout_Move?action=login HTTP/1.1" 200 6359 "http://weblog.cs.uiowa.edu/22c016f10/Moving_Property_Lower_Your_Stress_Level_Throughout_Move" "Mozilla/5.0 (iPod; CPU iPhone OS 6_1_3 like Mac OS X) AppleWebKit/536.26 (KHTML, like Gecko) Version/6.0 Mobile/10B329 Safari/8536.25"
117.26.248.200 - - [22/Feb/2014:07:33:00 -0600] "GET /22c016f10/UserPreferences HTTP/1.1" 200 13046 "http://weblog.cs.uiowa.edu/22c016f10/Moving_Property_Lower_Your_Stress_Level_Throughout_Move?action=login" "Mozilla/5.0 (iPod; CPU iPhone OS 6_1_3 like Mac OS X) AppleWebKit/536.26 (KHTML, like Gecko) Version/6.0 Mobile/10B329 Safari/8536.25"
117.26.248.200 - - [22/Feb/2014:07:33:01 -0600] "POST /22c016f10/UserPreferences HTTP/1.1" 200 13094 "http://weblog.cs.uiowa.edu/22c016f10/UserPreferences" "Mozilla/5.0 (iPod; CPU iPhone OS 6_1_3 like Mac OS X) AppleWebKit/536.26 (KHTML, like Gecko) Version/6.0 Mobile/10B329 Safari/8536.25"
184.154.196.99 - - [22/Feb/2014:07:33:17 -0600] "GET /22C111f07/22c111/Welcome.html HTTP/1.0" 200 12700 "http://nest.cs.uiowa.edu/" "Mozilla/5.0 (iPod; CPU iPhone OS 6_1_3 like Mac OS X) AppleWebKit/536.26 (KHTML, like Gecko) Version/6.0 Mobile/10B329 Safari/8536.25"
192.111.145.164 - - [22/Feb/2014:07:33:18 -0600] "GET /22c111/Welcome?action=login HTTP/1.0" 404 212 "http://nest.cs.uiowa.edu/22C111f07/22c111/Welcome.html" "Mozilla/5.0 (iPod; CPU iPhone OS 6_1_3 like Mac OS X) AppleWebKit/536.26 (KHTML, like Gecko) Version/6.0 Mobile/10B329 Safari/8536.25"
192.111.145.164 - - [22/Feb/2014:07:33:18 -0600] "GET /22c111/Welcome?action=newaccount HTTP/1.0" 404 212 "http://weblog.cs.uiowa.edu/22c111/Welcome?action=login" "Mozilla/5.0 (iPod; CPU iPhone OS 6_1_3 like Mac OS X) AppleWebKit/536.26 (KHTML, like Gecko) Version/6.0 Mobile/10B329 Safari/8536.25"
110.85.101.81 - - [22/Feb/2014:07:36:32 -0600] "GET /22c016f10/Situations_When_You_Can_t_Reside_Without_Professional_Plumbing_In_Toronto HTTP/1.1" 404 8444 "http://weblog.cs.uiowa.edu/" "Mozilla/5.0 (iPod; CPU iPhone OS 6_1_3 like Mac OS X) AppleWebKit/536.26 (KHTML, like Gecko) Version/6.0 Mobile/10B329 Safari/8536.25"
110.85.101.81 - - [22/Feb/2014:07:36:33 -0600] "GET /22c016f10/Situations_When_You_Can_t_Reside_Without_Professional_Plumbing_In_Toronto?action=login HTTP/1.1" 200 6449 "http://weblog.cs.uiowa.edu/22c016f10/Situations_When_You_Can_t_Reside_Without_Professional_Plumbing_In_Toronto" "Mozilla/5.0 (iPod; CPU iPhone OS 6_1_3 like Mac OS X) AppleWebKit/536.26 (KHTML, like Gecko) Version/6.0 Mobile/10B329 Safari/8536.25"
110.85.101.81 - - [22/Feb/2014:07:36:35 -0600] "GET /22c016f10/UserPreferences HTTP/1.1" 200 13046 "http://weblog.cs.uiowa.edu/22c016f10/Situations_When_You_Can_t_Reside_Without_Professional_Plumbing_In_Toronto?action=login" "Mozilla/5.0 (iPod; CPU iPhone OS 6_1_3 like Mac OS X) AppleWebKit/536.26 (KHTML, like Gecko) Version/6.0 Mobile/10B329 Safari/8536.25"
110.85.101.81 - - [22/Feb/2014:07:36:36 -0600] "POST /22c016f10/UserPreferences HTTP/1.1" 200 13094 "http://weblog.cs.uiowa.edu/22c016f10/UserPreferences" "Mozilla/5.0 (iPod; CPU iPhone OS 6_1_3 like Mac OS X) AppleWebKit/536.26 (KHTML, like Gecko) Version/6.0 Mobile/10B329 Safari/8536.25"
27.159.199.20 - - [22/Feb/2014:07:37:02 -0600] "GET /22c016f10/UserPreferences HTTP/1.1" 200 13046 "http://weblog.cs.uiowa.edu/" "Mozilla/5.0 (iPod; CPU iPhone OS 6_1_3 like Mac OS X) AppleWebKit/536.26 (KHTML, like Gecko) Version/6.0 Mobile/10B329 Safari/8536.25"
27.159.199.20 - - [22/Feb/2014:07:37:04 -0600] "GET /22c016f10/UserPreferences?action=login HTTP/1.1" 200 9535 "http://weblog.cs.uiowa.edu/22c016f10/UserPreferences" "Mozilla/5.0 (iPod; CPU iPhone OS 6_1_3 like Mac OS X) AppleWebKit/536.26 (KHTML, like Gecko) Version/6.0 Mobile/10B329 Safari/8536.25"
27.159.199.20 - - [22/Feb/2014:07:37:05 -0600] "POST /22c016f10/UserPreferences HTTP/1.1" 200 13147 "http://weblog.cs.uiowa.edu/22c016f10/UserPreferences?action=login" "Mozilla/5.0 (iPod; CPU iPhone OS 6_1_3 like Mac OS X) AppleWebKit/536.26 (KHTML, like Gecko) Version/6.0 Mobile/10B329 Safari/8536.25"
117.26.248.17 - - [22/Feb/2014:07:37:42 -0600] "GET /22c016f10/Unsuccessful_Sites:_The_Common_Pitfalls HTTP/1.1" 404 7960 "http://weblog.cs.uiowa.edu/" "Mozilla/5.0 (iPod; CPU iPhone OS 6_1_3 like Mac OS X) AppleWebKit/536.26 (KHTML, like Gecko) Version/6.0 Mobile/10B329 Safari/8536.25"
117.26.248.17 - - [22/Feb/2014:07:37:44 -0600] "GET /22c016f10/Unsuccessful_Sites%3A_The_Common_Pitfalls?action=login HTTP/1.1" 200 6287 "http://weblog.cs.uiowa.edu/22c016f10/Unsuccessful_Sites:_The_Common_Pitfalls" "Mozilla/5.0 (iPod; CPU iPhone OS 6_1_3 like Mac OS X) AppleWebKit/536.26 (KHTML, like Gecko) Version/6.0 Mobile/10B329 Safari/8536.25"
117.26.248.17 - - [22/Feb/2014:07:37:45 -0600] "GET /22c016f10/UserPreferences HTTP/1.1" 200 13046 "http://weblog.cs.uiowa.edu/22c016f10/Unsuccessful_Sites%3A_The_Common_Pitfalls?action=login" "Mozilla/5.0 (iPod; CPU iPhone OS 6_1_3 like Mac OS X) AppleWebKit/536.26 (KHTML, like Gecko) Version/6.0 Mobile/10B329 Safari/8536.25"
117.26.248.17 - - [22/Feb/2014:07:37:46 -0600] "POST /22c016f10/UserPreferences HTTP/1.1" 200 13094 "http://weblog.cs.uiowa.edu/22c016f10/UserPreferences" "Mozilla/5.0 (iPod; CPU iPhone OS 6_1_3 like Mac OS X) AppleWebKit/536.26 (KHTML, like Gecko) Version/6.0 Mobile/10B329 Safari/8536.25"
184.154.105.21 - - [22/Feb/2014:07:40:17 -0600] "GET /22c016f10/UserPreferences HTTP/1.0" 200 13046 "http://weblog.cs.uiowa.edu/" "Mozilla/5.0 (iPod; CPU iPhone OS 6_1_3 like Mac OS X) AppleWebKit/536.26 (KHTML, like Gecko) Version/6.0 Mobile/10B329 Safari/8536.25"
184.154.105.21 - - [22/Feb/2014:07:40:18 -0600] "GET /22c016f10/UserPreferences?action=login HTTP/1.0" 200 9535 "http://weblog.cs.uiowa.edu/22c016f10/UserPreferences" "Mozilla/5.0 (iPod; CPU iPhone OS 6_1_3 like Mac OS X) AppleWebKit/536.26 (KHTML, like Gecko) Version/6.0 Mobile/10B329 Safari/8536.25"
184.154.105.21 - - [22/Feb/2014:07:40:19 -0600] "POST /22c016f10/UserPreferences HTTP/1.0" 200 13146 "http://weblog.cs.uiowa.edu/22c016f10/UserPreferences?action=login" "Mozilla/5.0 (iPod; CPU iPhone OS 6_1_3 like Mac OS X) AppleWebKit/536.26 (KHTML, like Gecko) Version/6.0 Mobile/10B329 Safari/8536.25"
157.56.92.163 - - [22/Feb/2014:07:41:09 -0600] "GET /sss2010/travel.html HTTP/1.1" 200 3042 "-" "Mozilla/5.0 (compatible; bingbot/2.0; +http://www.bing.com/bingbot.htm)"
66.249.73.104 - - [22/Feb/2014:07:43:06 -0600] "GET /sss2011/track_self-organization.html HTTP/1.1" 304 - "-" "Mozilla/5.0 (iPhone; CPU iPhone OS 6_0 like Mac OS X) AppleWebKit/536.26 (KHTML, like Gecko) Version/6.0 Mobile/10A5376e Safari/8536.25 (compatible; Googlebot/2.1; +http://www.google.com/bot.html)"
157.55.32.94 - - [22/Feb/2014:07:47:58 -0600] "GET /robots.txt HTTP/1.1" 404 208 "-" "Mozilla/5.0 (compatible; bingbot/2.0; +http://www.bing.com/bingbot.htm)"
120.33.217.2 - - [22/Feb/2014:07:48:09 -0600] "GET /22c016f10/UserPreferences HTTP/1.1" 200 13046 "http://weblog.cs.uiowa.edu/" "Mozilla/5.0 (iPod; CPU iPhone OS 6_1_3 like Mac OS X) AppleWebKit/536.26 (KHTML, like Gecko) Version/6.0 Mobile/10B329 Safari/8536.25"
120.33.217.2 - - [22/Feb/2014:07:48:11 -0600] "GET /22c016f10/UserPreferences?action=login HTTP/1.1" 200 9535 "http://weblog.cs.uiowa.edu/22c016f10/UserPreferences" "Mozilla/5.0 (iPod; CPU iPhone OS 6_1_3 like Mac OS X) AppleWebKit/536.26 (KHTML, like Gecko) Version/6.0 Mobile/10B329 Safari/8536.25"
120.33.217.2 - - [22/Feb/2014:07:48:12 -0600] "POST /22c016f10/UserPreferences HTTP/1.1" 200 13147 "http://weblog.cs.uiowa.edu/22c016f10/UserPreferences?action=login" "Mozilla/5.0 (iPod; CPU iPhone OS 6_1_3 like Mac OS X) AppleWebKit/536.26 (KHTML, like Gecko) Version/6.0 Mobile/10B329 Safari/8536.25"
94.23.101.188 - - [22/Feb/2014:07:48:28 -0600] "GET /22C111f07/22c111/Welcome.html HTTP/1.1" 200 12700 "http://nest.cs.uiowa.edu/" "Mozilla/5.0 (iPod; CPU iPhone OS 6_1_3 like Mac OS X) AppleWebKit/536.26 (KHTML, like Gecko) Version/6.0 Mobile/10B329 Safari/8536.25"
94.23.101.188 - - [22/Feb/2014:07:48:29 -0600] "GET /22c111/Welcome?action=login HTTP/1.1" 404 212 "http://nest.cs.uiowa.edu/22C111f07/22c111/Welcome.html" "Mozilla/5.0 (iPod; CPU iPhone OS 6_1_3 like Mac OS X) AppleWebKit/536.26 (KHTML, like Gecko) Version/6.0 Mobile/10B329 Safari/8536.25"
94.23.101.188 - - [22/Feb/2014:07:48:29 -0600] "GET /22c111/Welcome?action=newaccount HTTP/1.1" 404 212 "http://weblog.cs.uiowa.edu/22c111/Welcome?action=login" "Mozilla/5.0 (iPod; CPU iPhone OS 6_1_3 like Mac OS X) AppleWebKit/536.26 (KHTML, like Gecko) Version/6.0 Mobile/10B329 Safari/8536.25"
157.55.32.94 - - [22/Feb/2014:07:50:47 -0600] "GET / HTTP/1.1" 200 2732 "-" "Mozilla/5.0 (compatible; bingbot/2.0; +http://www.bing.com/bingbot.htm)"
188.208.2.56 - - [22/Feb/2014:07:51:29 -0600] "GET /22c016f10/Gabriella_Psychic_Gets_Most_Dependable_Award HTTP/1.0" 404 8009 "http://weblog.cs.uiowa.edu/" "Mozilla/5.0 (iPod; CPU iPhone OS 6_1_3 like Mac OS X) AppleWebKit/536.26 (KHTML, like Gecko) Version/6.0 Mobile/10B329 Safari/8536.25"
188.208.2.56 - - [22/Feb/2014:07:51:30 -0600] "GET /22c016f10/Gabriella_Psychic_Gets_Most_Dependable_Award?action=login HTTP/1.0" 200 6304 "http://weblog.cs.uiowa.edu/22c016f10/Gabriella_Psychic_Gets_Most_Dependable_Award" "Mozilla/5.0 (iPod; CPU iPhone OS 6_1_3 like Mac OS X) AppleWebKit/536.26 (KHTML, like Gecko) Version/6.0 Mobile/10B329 Safari/8536.25"
188.208.2.56 - - [22/Feb/2014:07:51:31 -0600] "GET /22c016f10/UserPreferences HTTP/1.0" 200 13046 "http://weblog.cs.uiowa.edu/22c016f10/Gabriella_Psychic_Gets_Most_Dependable_Award?action=login" "Mozilla/5.0 (iPod; CPU iPhone OS 6_1_3 like Mac OS X) AppleWebKit/536.26 (KHTML, like Gecko) Version/6.0 Mobile/10B329 Safari/8536.25"
188.208.2.56 - - [22/Feb/2014:07:51:32 -0600] "POST /22c016f10/UserPreferences HTTP/1.0" 200 13094 "http://weblog.cs.uiowa.edu/22c016f10/UserPreferences" "Mozilla/5.0 (iPod; CPU iPhone OS 6_1_3 like Mac OS X) AppleWebKit/536.26 (KHTML, like Gecko) Version/6.0 Mobile/10B329 Safari/8536.25"
66.249.73.104 - - [22/Feb/2014:07:52:20 -0600] "GET /sss2009/logo_inria.png HTTP/1.1" 304 - "-" "Googlebot-Image/1.0"
117.26.248.200 - - [22/Feb/2014:07:52:45 -0600] "GET /22c016f10/UserPreferences HTTP/1.1" 200 13046 "http://weblog.cs.uiowa.edu/" "Mozilla/5.0 (iPod; CPU iPhone OS 6_1_3 like Mac OS X) AppleWebKit/536.26 (KHTML, like Gecko) Version/6.0 Mobile/10B329 Safari/8536.25"
117.26.248.200 - - [22/Feb/2014:07:52:49 -0600] "GET /22c016f10/UserPreferences?action=login HTTP/1.1" 200 9535 "http://weblog.cs.uiowa.edu/22c016f10/UserPreferences" "Mozilla/5.0 (iPod; CPU iPhone OS 6_1_3 like Mac OS X) AppleWebKit/536.26 (KHTML, like Gecko) Version/6.0 Mobile/10B329 Safari/8536.25"
117.26.248.200 - - [22/Feb/2014:07:52:51 -0600] "POST /22c016f10/UserPreferences HTTP/1.1" 200 13147 "http://weblog.cs.uiowa.edu/22c016f10/UserPreferences?action=login" "Mozilla/5.0 (iPod; CPU iPhone OS 6_1_3 like Mac OS X) AppleWebKit/536.26 (KHTML, like Gecko) Version/6.0 Mobile/10B329 Safari/8536.25"
66.249.81.93 - - [22/Feb/2014:07:53:01 -0600] "GET / HTTP/1.1" 200 2998 "-" "Mozilla/5.0 (Windows NT 6.1; rv:6.0) Gecko/20110814 Firefox/6.0 Google favicon"
66.249.81.93 - - [22/Feb/2014:07:53:01 -0600] "GET /favicon.ico HTTP/1.1" 200 904 "-" "Mozilla/5.0 (Windows NT 6.1; rv:6.0) Gecko/20110814 Firefox/6.0 Google favicon"
62.210.131.157 - - [22/Feb/2014:07:54:31 -0600] "GET /22c016f10/Zero_Forms_Payday_cash_advances:_Instantaneous__Uncomplicated_Economic_Answers HTTP/1.1" 404 8530 "http://weblog.cs.uiowa.edu/" "Mozilla/5.0 (iPod; CPU iPhone OS 6_1_3 like Mac OS X) AppleWebKit/536.26 (KHTML, like Gecko) Version/6.0 Mobile/10B329 Safari/8536.25"
62.210.131.157 - - [22/Feb/2014:07:54:31 -0600] "GET /22c016f10/Zero_Forms_Payday_cash_advances%3A_Instantaneous_Uncomplicated_Economic_Answers?action=login HTTP/1.1" 200 6477 "http://weblog.cs.uiowa.edu/22c016f10/Zero_Forms_Payday_cash_advances:_Instantaneous__Uncomplicated_Economic_Answers" "Mozilla/5.0 (iPod; CPU iPhone OS 6_1_3 like Mac OS X) AppleWebKit/536.26 (KHTML, like Gecko) Version/6.0 Mobile/10B329 Safari/8536.25"
62.210.131.157 - - [22/Feb/2014:07:54:32 -0600] "GET /22c016f10/UserPreferences HTTP/1.1" 200 13046 "http://weblog.cs.uiowa.edu/22c016f10/Zero_Forms_Payday_cash_advances%3A_Instantaneous_Uncomplicated_Economic_Answers?action=login" "Mozilla/5.0 (iPod; CPU iPhone OS 6_1_3 like Mac OS X) AppleWebKit/536.26 (KHTML, like Gecko) Version/6.0 Mobile/10B329 Safari/8536.25"
62.210.131.157 - - [22/Feb/2014:07:54:32 -0600] "POST /22c016f10/UserPreferences HTTP/1.1" 200 13094 "http://weblog.cs.uiowa.edu/22c016f10/UserPreferences" "Mozilla/5.0 (iPod; CPU iPhone OS 6_1_3 like Mac OS X) AppleWebKit/536.26 (KHTML, like Gecko) Version/6.0 Mobile/10B329 Safari/8536.25"
120.37.235.188 - - [22/Feb/2014:07:54:35 -0600] "GET /22c016f10/UserPreferences HTTP/1.1" 200 13046 "http://weblog.cs.uiowa.edu/" "Mozilla/5.0 (iPod; CPU iPhone OS 6_1_3 like Mac OS X) AppleWebKit/536.26 (KHTML, like Gecko) Version/6.0 Mobile/10B329 Safari/8536.25"
27.159.196.229 - - [22/Feb/2014:07:54:35 -0600] "GET /22c016f10/UserPreferences HTTP/1.1" 200 13046 "http://weblog.cs.uiowa.edu/" "Mozilla/5.0 (iPod; CPU iPhone OS 6_1_3 like Mac OS X) AppleWebKit/536.26 (KHTML, like Gecko) Version/6.0 Mobile/10B329 Safari/8536.25"
120.37.235.188 - - [22/Feb/2014:07:54:36 -0600] "GET /22c016f10/UserPreferences?action=login HTTP/1.1" 200 9535 "http://weblog.cs.uiowa.edu/22c016f10/UserPreferences" "Mozilla/5.0 (iPod; CPU iPhone OS 6_1_3 like Mac OS X) AppleWebKit/536.26 (KHTML, like Gecko) Version/6.0 Mobile/10B329 Safari/8536.25"
27.159.196.229 - - [22/Feb/2014:07:54:37 -0600] "GET /22c016f10/UserPreferences?action=login HTTP/1.1" 200 9535 "http://weblog.cs.uiowa.edu/22c016f10/UserPreferences" "Mozilla/5.0 (iPod; CPU iPhone OS 6_1_3 like Mac OS X) AppleWebKit/536.26 (KHTML, like Gecko) Version/6.0 Mobile/10B329 Safari/8536.25"
120.37.235.188 - - [22/Feb/2014:07:54:38 -0600] "POST /22c016f10/UserPreferences HTTP/1.1" 200 13147 "http://weblog.cs.uiowa.edu/22c016f10/UserPreferences?action=login" "Mozilla/5.0 (iPod; CPU iPhone OS 6_1_3 like Mac OS X) AppleWebKit/536.26 (KHTML, like Gecko) Version/6.0 Mobile/10B329 Safari/8536.25"
27.159.196.229 - - [22/Feb/2014:07:54:38 -0600] "POST /22c016f10/UserPreferences HTTP/1.1" 200 13147 "http://weblog.cs.uiowa.edu/22c016f10/UserPreferences?action=login" "Mozilla/5.0 (iPod; CPU iPhone OS 6_1_3 like Mac OS X) AppleWebKit/536.26 (KHTML, like Gecko) Version/6.0 Mobile/10B329 Safari/8536.25"
107.161.83.98 - - [22/Feb/2014:07:55:54 -0600] "GET /22c016f10/Situations_When_You_Can_t_Reside_Without_Professional_Plumbing_In_Toronto HTTP/1.0" 404 8444 "http://weblog.cs.uiowa.edu/" "Mozilla/5.0 (iPod; CPU iPhone OS 6_1_3 like Mac OS X) AppleWebKit/536.26 (KHTML, like Gecko) Version/6.0 Mobile/10B329 Safari/8536.25"
107.161.83.98 - - [22/Feb/2014:07:55:55 -0600] "GET /22c016f10/Situations_When_You_Can_t_Reside_Without_Professional_Plumbing_In_Toronto?action=login HTTP/1.0" 200 6449 "http://weblog.cs.uiowa.edu/22c016f10/Situations_When_You_Can_t_Reside_Without_Professional_Plumbing_In_Toronto" "Mozilla/5.0 (iPod; CPU iPhone OS 6_1_3 like Mac OS X) AppleWebKit/536.26 (KHTML, like Gecko) Version/6.0 Mobile/10B329 Safari/8536.25"
107.161.83.98 - - [22/Feb/2014:07:55:56 -0600] "GET /22c016f10/UserPreferences HTTP/1.0" 200 13046 "http://weblog.cs.uiowa.edu/22c016f10/Situations_When_You_Can_t_Reside_Without_Professional_Plumbing_In_Toronto?action=login" "Mozilla/5.0 (iPod; CPU iPhone OS 6_1_3 like Mac OS X) AppleWebKit/536.26 (KHTML, like Gecko) Version/6.0 Mobile/10B329 Safari/8536.25"
107.161.83.98 - - [22/Feb/2014:07:55:58 -0600] "POST /22c016f10/UserPreferences HTTP/1.0" 200 13094 "http://weblog.cs.uiowa.edu/22c016f10/UserPreferences" "Mozilla/5.0 (iPod; CPU iPhone OS 6_1_3 like Mac OS X) AppleWebKit/536.26 (KHTML, like Gecko) Version/6.0 Mobile/10B329 Safari/8536.25"
94.23.115.59 - - [22/Feb/2014:07:56:35 -0600] "GET /22c016f10/UserPreferences HTTP/1.0" 200 13046 "http://weblog.cs.uiowa.edu/" "Mozilla/5.0 (iPod; CPU iPhone OS 6_1_3 like Mac OS X) AppleWebKit/536.26 (KHTML, like Gecko) Version/6.0 Mobile/10B329 Safari/8536.25"
94.23.115.59 - - [22/Feb/2014:07:56:36 -0600] "GET /22c016f10/UserPreferences?action=login HTTP/1.0" 200 9535 "http://weblog.cs.uiowa.edu/22c016f10/UserPreferences" "Mozilla/5.0 (iPod; CPU iPhone OS 6_1_3 like Mac OS X) AppleWebKit/536.26 (KHTML, like Gecko) Version/6.0 Mobile/10B329 Safari/8536.25"
94.23.115.59 - - [22/Feb/2014:07:56:38 -0600] "GET /22c016f10/UserPreferences HTTP/1.0" 200 13046 "http://weblog.cs.uiowa.edu/22c016f10/UserPreferences?action=login" "Mozilla/5.0 (iPod; CPU iPhone OS 6_1_3 like Mac OS X) AppleWebKit/536.26 (KHTML, like Gecko) Version/6.0 Mobile/10B329 Safari/8536.25"
94.23.115.59 - - [22/Feb/2014:07:56:39 -0600] "POST /22c016f10/UserPreferences HTTP/1.0" 200 13094 "http://weblog.cs.uiowa.edu/22c016f10/UserPreferences" "Mozilla/5.0 (iPod; CPU iPhone OS 6_1_3 like Mac OS X) AppleWebKit/536.26 (KHTML, like Gecko) Version/6.0 Mobile/10B329 Safari/8536.25"
120.43.29.114 - - [22/Feb/2014:08:00:16 -0600] "GET /22c016f10/Moving_Property_Lower_Your_Stress_Level_Throughout_Move HTTP/1.1" 404 8174 "http://weblog.cs.uiowa.edu/" "Mozilla/5.0 (iPod; CPU iPhone OS 6_1_3 like Mac OS X) AppleWebKit/536.26 (KHTML, like Gecko) Version/6.0 Mobile/10B329 Safari/8536.25"
120.43.29.114 - - [22/Feb/2014:08:00:18 -0600] "GET /22c016f10/Moving_Property_Lower_Your_Stress_Level_Throughout_Move?action=login HTTP/1.1" 200 6359 "http://weblog.cs.uiowa.edu/22c016f10/Moving_Property_Lower_Your_Stress_Level_Throughout_Move" "Mozilla/5.0 (iPod; CPU iPhone OS 6_1_3 like Mac OS X) AppleWebKit/536.26 (KHTML, like Gecko) Version/6.0 Mobile/10B329 Safari/8536.25"
120.43.29.114 - - [22/Feb/2014:08:00:19 -0600] "GET /22c016f10/UserPreferences HTTP/1.1" 200 13046 "http://weblog.cs.uiowa.edu/22c016f10/Moving_Property_Lower_Your_Stress_Level_Throughout_Move?action=login" "Mozilla/5.0 (iPod; CPU iPhone OS 6_1_3 like Mac OS X) AppleWebKit/536.26 (KHTML, like Gecko) Version/6.0 Mobile/10B329 Safari/8536.25"
120.43.29.114 - - [22/Feb/2014:08:00:20 -0600] "POST /22c016f10/UserPreferences HTTP/1.1" 200 13094 "http://weblog.cs.uiowa.edu/22c016f10/UserPreferences" "Mozilla/5.0 (iPod; CPU iPhone OS 6_1_3 like Mac OS X) AppleWebKit/536.26 (KHTML, like Gecko) Version/6.0 Mobile/10B329 Safari/8536.25"
66.249.73.104 - - [22/Feb/2014:08:01:26 -0600] "GET /birs2004/index.html HTTP/1.1" 304 - "-" "Mozilla/5.0 (compatible; Googlebot/2.1; +http://www.google.com/bot.html)"
94.23.101.188 - - [22/Feb/2014:08:01:55 -0600] "GET /22C111f07/22c111/Welcome.html HTTP/1.1" 200 12700 "http://nest.cs.uiowa.edu/" "Mozilla/5.0 (iPod; CPU iPhone OS 6_1_3 like Mac OS X) AppleWebKit/536.26 (KHTML, like Gecko) Version/6.0 Mobile/10B329 Safari/8536.25"
94.23.101.188 - - [22/Feb/2014:08:01:56 -0600] "GET /22c111/Welcome?action=login HTTP/1.1" 404 212 "http://nest.cs.uiowa.edu/22C111f07/22c111/Welcome.html" "Mozilla/5.0 (iPod; CPU iPhone OS 6_1_3 like Mac OS X) AppleWebKit/536.26 (KHTML, like Gecko) Version/6.0 Mobile/10B329 Safari/8536.25"
94.23.101.188 - - [22/Feb/2014:08:01:56 -0600] "GET /22c111/Welcome?action=newaccount HTTP/1.1" 404 212 "http://weblog.cs.uiowa.edu/22c111/Welcome?action=login" "Mozilla/5.0 (iPod; CPU iPhone OS 6_1_3 like Mac OS X) AppleWebKit/536.26 (KHTML, like Gecko) Version/6.0 Mobile/10B329 Safari/8536.25"
117.26.248.200 - - [22/Feb/2014:08:03:40 -0600] "GET /22c016f10/UserPreferences HTTP/1.1" 200 13046 "http://weblog.cs.uiowa.edu/" "Mozilla/5.0 (iPod; CPU iPhone OS 6_1_3 like Mac OS X) AppleWebKit/536.26 (KHTML, like Gecko) Version/6.0 Mobile/10B329 Safari/8536.25"
117.26.248.200 - - [22/Feb/2014:08:03:44 -0600] "GET /22c016f10/UserPreferences?action=login HTTP/1.1" 200 9535 "http://weblog.cs.uiowa.edu/22c016f10/UserPreferences" "Mozilla/5.0 (iPod; CPU iPhone OS 6_1_3 like Mac OS X) AppleWebKit/536.26 (KHTML, like Gecko) Version/6.0 Mobile/10B329 Safari/8536.25"
117.26.248.200 - - [22/Feb/2014:08:03:46 -0600] "POST /22c016f10/UserPreferences HTTP/1.1" 200 13147 "http://weblog.cs.uiowa.edu/22c016f10/UserPreferences?action=login" "Mozilla/5.0 (iPod; CPU iPhone OS 6_1_3 like Mac OS X) AppleWebKit/536.26 (KHTML, like Gecko) Version/6.0 Mobile/10B329 Safari/8536.25"
92.249.127.111 - - [22/Feb/2014:08:06:17 -0600] "GET / HTTP/1.1" 200 2998 "http://chimiver.info/" "Mozilla/5.0 (Windows NT 5.1; U; en) Opera 8.00"
92.249.127.111 - - [22/Feb/2014:08:06:17 -0600] "GET / HTTP/1.1" 200 2998 "http://chimiver.info/" "Mozilla/5.0 (Windows NT 5.1; U; en) Opera 8.00"
92.249.127.111 - - [22/Feb/2014:08:06:18 -0600] "GET / HTTP/1.1" 200 2998 "http://chimiver.info/" "Mozilla/5.0 (Windows NT 5.1; U; en) Opera 8.00"
110.85.100.147 - - [22/Feb/2014:08:07:41 -0600] "GET /22c016f10/UserPreferences HTTP/1.1" 200 13046 "http://weblog.cs.uiowa.edu/" "Mozilla/5.0 (iPod; CPU iPhone OS 6_1_3 like Mac OS X) AppleWebKit/536.26 (KHTML, like Gecko) Version/6.0 Mobile/10B329 Safari/8536.25"
109.121.81.108 - - [22/Feb/2014:08:08:12 -0600] "GET /22c016f10/UserPreferences HTTP/1.1" 200 13046 "http://weblog.cs.uiowa.edu/" "Mozilla/5.0 (iPod; CPU iPhone OS 6_1_3 like Mac OS X) AppleWebKit/536.26 (KHTML, like Gecko) Version/6.0 Mobile/10B329 Safari/8536.25"
178.33.83.70 - - [22/Feb/2014:08:08:13 -0600] "GET /22c016f10/UserPreferences?action=login HTTP/1.0" 200 9535 "http://weblog.cs.uiowa.edu/22c016f10/UserPreferences" "Mozilla/5.0 (iPod; CPU iPhone OS 6_1_3 like Mac OS X) AppleWebKit/536.26 (KHTML, like Gecko) Version/6.0 Mobile/10B329 Safari/8536.25"
178.33.83.70 - - [22/Feb/2014:08:08:13 -0600] "POST /22c016f10/UserPreferences HTTP/1.0" 200 13147 "http://weblog.cs.uiowa.edu/22c016f10/UserPreferences?action=login" "Mozilla/5.0 (iPod; CPU iPhone OS 6_1_3 like Mac OS X) AppleWebKit/536.26 (KHTML, like Gecko) Version/6.0 Mobile/10B329 Safari/8536.25"
117.26.248.200 - - [22/Feb/2014:08:10:01 -0600] "GET /22c016f10/UserPreferences HTTP/1.1" 200 13046 "http://weblog.cs.uiowa.edu/" "Mozilla/5.0 (iPod; CPU iPhone OS 6_1_3 like Mac OS X) AppleWebKit/536.26 (KHTML, like Gecko) Version/6.0 Mobile/10B329 Safari/8536.25"
65.55.52.97 - - [22/Feb/2014:08:10:09 -0600] "GET /robots.txt HTTP/1.1" 200 26 "-" "Mozilla/5.0 (compatible; bingbot/2.0; +http://www.bing.com/bingbot.htm)"
66.249.73.104 - - [22/Feb/2014:08:10:33 -0600] "GET /sss2009/downloads/hotels.doc HTTP/1.1" 200 70656 "-" "DoCoMo/2.0 N905i(c100;TB;W24H16) (compatible; Googlebot-Mobile/2.1; +http://www.google.com/bot.html)"
117.26.248.200 - - [22/Feb/2014:08:10:46 -0600] "GET /22c016f10/UserPreferences HTTP/1.1" 200 13046 "http://weblog.cs.uiowa.edu/" "Mozilla/5.0 (iPod; CPU iPhone OS 6_1_3 like Mac OS X) AppleWebKit/536.26 (KHTML, like Gecko) Version/6.0 Mobile/10B329 Safari/8536.25"
130.185.158.117 - - [22/Feb/2014:08:11:08 -0600] "GET /22c016f10/UserPreferences HTTP/1.0" 200 13046 "http://weblog.cs.uiowa.edu/" "Mozilla/5.0 (iPod; CPU iPhone OS 6_1_3 like Mac OS X) AppleWebKit/536.26 (KHTML, like Gecko) Version/6.0 Mobile/10B329 Safari/8536.25"
66.249.73.104 - - [22/Feb/2014:08:11:08 -0600] "GET /sss2009/tuesday_SSS09/Pages/40.html HTTP/1.1" 304 - "-" "Mozilla/5.0 (iPhone; CPU iPhone OS 6_0 like Mac OS X) AppleWebKit/536.26 (KHTML, like Gecko) Version/6.0 Mobile/10A5376e Safari/8536.25 (compatible; Googlebot/2.1; +http://www.google.com/bot.html)"
130.185.158.117 - - [22/Feb/2014:08:11:59 -0600] "GET /22c016f10/UserPreferences?action=login HTTP/1.0" 200 9535 "http://weblog.cs.uiowa.edu/22c016f10/UserPreferences" "Mozilla/5.0 (iPod; CPU iPhone OS 6_1_3 like Mac OS X) AppleWebKit/536.26 (KHTML, like Gecko) Version/6.0 Mobile/10B329 Safari/8536.25"
37.72.189.124 - - [22/Feb/2014:08:12:11 -0600] "GET /22C111f07/22c111/Welcome.html HTTP/1.0" 200 12700 "http://nest.cs.uiowa.edu/" "Mozilla/5.0 (iPod; CPU iPhone OS 6_1_3 like Mac OS X) AppleWebKit/536.26 (KHTML, like Gecko) Version/6.0 Mobile/10B329 Safari/8536.25"
23.229.67.133 - - [22/Feb/2014:08:12:16 -0600] "GET /22c111/Welcome?action=login HTTP/1.0" 404 212 "http://nest.cs.uiowa.edu/22C111f07/22c111/Welcome.html" "Mozilla/5.0 (iPod; CPU iPhone OS 6_1_3 like Mac OS X) AppleWebKit/536.26 (KHTML, like Gecko) Version/6.0 Mobile/10B329 Safari/8536.25"
23.229.67.133 - - [22/Feb/2014:08:12:17 -0600] "GET /22c111/Welcome?action=newaccount HTTP/1.0" 404 212 "http://weblog.cs.uiowa.edu/22c111/Welcome?action=login" "Mozilla/5.0 (iPod; CPU iPhone OS 6_1_3 like Mac OS X) AppleWebKit/536.26 (KHTML, like Gecko) Version/6.0 Mobile/10B329 Safari/8536.25"
130.185.158.117 - - [22/Feb/2014:08:12:45 -0600] "POST /22c016f10/UserPreferences HTTP/1.0" 200 13147 "http://weblog.cs.uiowa.edu/22c016f10/UserPreferences?action=login" "Mozilla/5.0 (iPod; CPU iPhone OS 6_1_3 like Mac OS X) AppleWebKit/536.26 (KHTML, like Gecko) Version/6.0 Mobile/10B329 Safari/8536.25"
69.175.118.246 - - [22/Feb/2014:08:13:37 -0600] "GET /22c016f10/Gabriella_Psychic_Gets_Most_Dependable_Award HTTP/1.0" 404 8009 "http://weblog.cs.uiowa.edu/" "Mozilla/5.0 (iPod; CPU iPhone OS 6_1_3 like Mac OS X) AppleWebKit/536.26 (KHTML, like Gecko) Version/6.0 Mobile/10B329 Safari/8536.25"
69.175.118.246 - - [22/Feb/2014:08:13:38 -0600] "GET /22c016f10/Gabriella_Psychic_Gets_Most_Dependable_Award?action=login HTTP/1.0" 200 6304 "http://weblog.cs.uiowa.edu/22c016f10/Gabriella_Psychic_Gets_Most_Dependable_Award" "Mozilla/5.0 (iPod; CPU iPhone OS 6_1_3 like Mac OS X) AppleWebKit/536.26 (KHTML, like Gecko) Version/6.0 Mobile/10B329 Safari/8536.25"
69.175.118.246 - - [22/Feb/2014:08:13:39 -0600] "GET /22c016f10/UserPreferences HTTP/1.0" 200 13046 "http://weblog.cs.uiowa.edu/22c016f10/Gabriella_Psychic_Gets_Most_Dependable_Award?action=login" "Mozilla/5.0 (iPod; CPU iPhone OS 6_1_3 like Mac OS X) AppleWebKit/536.26 (KHTML, like Gecko) Version/6.0 Mobile/10B329 Safari/8536.25"
69.175.118.246 - - [22/Feb/2014:08:13:39 -0600] "POST /22c016f10/UserPreferences HTTP/1.0" 200 13094 "http://weblog.cs.uiowa.edu/22c016f10/UserPreferences" "Mozilla/5.0 (iPod; CPU iPhone OS 6_1_3 like Mac OS X) AppleWebKit/536.26 (KHTML, like Gecko) Version/6.0 Mobile/10B329 Safari/8536.25"
95.108.158.237 - - [22/Feb/2014:08:15:39 -0600] "GET /sss2003/image/line1.gif HTTP/1.1" 304 - "-" "Mozilla/5.0 (compatible; YandexImages/3.0; +http://yandex.com/bots)"
27.159.199.20 - - [22/Feb/2014:08:16:38 -0600] "GET /22c016f10/UserPreferences HTTP/1.1" 200 13046 "http://weblog.cs.uiowa.edu/" "Mozilla/5.0 (iPod; CPU iPhone OS 6_1_3 like Mac OS X) AppleWebKit/536.26 (KHTML, like Gecko) Version/6.0 Mobile/10B329 Safari/8536.25"
27.159.199.20 - - [22/Feb/2014:08:16:41 -0600] "GET /22c016f10/UserPreferences?action=login HTTP/1.1" 200 9535 "http://weblog.cs.uiowa.edu/22c016f10/UserPreferences" "Mozilla/5.0 (iPod; CPU iPhone OS 6_1_3 like Mac OS X) AppleWebKit/536.26 (KHTML, like Gecko) Version/6.0 Mobile/10B329 Safari/8536.25"
27.159.199.20 - - [22/Feb/2014:08:16:42 -0600] "POST /22c016f10/UserPreferences HTTP/1.1" 200 13147 "http://weblog.cs.uiowa.edu/22c016f10/UserPreferences?action=login" "Mozilla/5.0 (iPod; CPU iPhone OS 6_1_3 like Mac OS X) AppleWebKit/536.26 (KHTML, like Gecko) Version/6.0 Mobile/10B329 Safari/8536.25"
144.76.137.226 - - [22/Feb/2014:08:22:18 -0600] "GET /robots.txt HTTP/1.0" 404 208 "-" "Mozilla/5.0 (compatible; MJ12bot/v1.4.4; http://www.majestic12.co.uk/bot.php?+)"
144.76.137.226 - - [22/Feb/2014:08:22:25 -0600] "GET /sss2008/index.html HTTP/1.0" 200 1941 "-" "Mozilla/5.0 (compatible; MJ12bot/v1.4.4; http://www.majestic12.co.uk/bot.php?+)"
144.76.137.226 - - [22/Feb/2014:08:22:35 -0600] "GET /sss2010/program.html HTTP/1.0" 200 4215 "-" "Mozilla/5.0 (compatible; MJ12bot/v1.4.4; http://www.majestic12.co.uk/bot.php?+)"
5.135.214.250 - - [22/Feb/2014:08:23:12 -0600] "GET /22c016f10/UserPreferences HTTP/1.0" 200 13046 "http://weblog.cs.uiowa.edu/" "Mozilla/5.0 (iPod; CPU iPhone OS 6_1_3 like Mac OS X) AppleWebKit/536.26 (KHTML, like Gecko) Version/6.0 Mobile/10B329 Safari/8536.25"
5.135.214.250 - - [22/Feb/2014:08:23:20 -0600] "GET /22c016f10/UserPreferences?action=login HTTP/1.0" 200 9535 "http://weblog.cs.uiowa.edu/22c016f10/UserPreferences" "Mozilla/5.0 (iPod; CPU iPhone OS 6_1_3 like Mac OS X) AppleWebKit/536.26 (KHTML, like Gecko) Version/6.0 Mobile/10B329 Safari/8536.25"
5.135.214.250 - - [22/Feb/2014:08:23:28 -0600] "POST /22c016f10/UserPreferences HTTP/1.0" 200 13147 "http://weblog.cs.uiowa.edu/22c016f10/UserPreferences?action=login" "Mozilla/5.0 (iPod; CPU iPhone OS 6_1_3 like Mac OS X) AppleWebKit/536.26 (KHTML, like Gecko) Version/6.0 Mobile/10B329 Safari/8536.25"
208.115.113.83 - - [22/Feb/2014:08:24:50 -0600] "GET /robots.txt HTTP/1.1" 404 208 "-" "Mozilla/5.0 (compatible; Ezooms/1.0; help@moz.com)"
117.26.248.17 - - [22/Feb/2014:08:30:23 -0600] "GET /22c016f10/UserPreferences HTTP/1.1" 200 13046 "http://weblog.cs.uiowa.edu/" "Mozilla/5.0 (iPod; CPU iPhone OS 6_1_3 like Mac OS X) AppleWebKit/536.26 (KHTML, like Gecko) Version/6.0 Mobile/10B329 Safari/8536.25"
117.26.248.17 - - [22/Feb/2014:08:30:25 -0600] "GET /22c016f10/UserPreferences?action=login HTTP/1.1" 200 9535 "http://weblog.cs.uiowa.edu/22c016f10/UserPreferences" "Mozilla/5.0 (iPod; CPU iPhone OS 6_1_3 like Mac OS X) AppleWebKit/536.26 (KHTML, like Gecko) Version/6.0 Mobile/10B329 Safari/8536.25"
117.26.248.17 - - [22/Feb/2014:08:30:26 -0600] "POST /22c016f10/UserPreferences HTTP/1.1" 200 13147 "http://weblog.cs.uiowa.edu/22c016f10/UserPreferences?action=login" "Mozilla/5.0 (iPod; CPU iPhone OS 6_1_3 like Mac OS X) AppleWebKit/536.26 (KHTML, like Gecko) Version/6.0 Mobile/10B329 Safari/8536.25"
98.176.55.3 - - [22/Feb/2014:08:32:09 -0600] "GET /22C111f07/22c111/Welcome.html HTTP/1.1" 200 12700 "http://nest.cs.uiowa.edu/" "Mozilla/5.0 (iPod; CPU iPhone OS 6_1_3 like Mac OS X) AppleWebKit/536.26 (KHTML, like Gecko) Version/6.0 Mobile/10B329 Safari/8536.25"
184.154.90.101 - - [22/Feb/2014:08:32:10 -0600] "GET /22c111/Welcome?action=login HTTP/1.0" 404 212 "http://nest.cs.uiowa.edu/22C111f07/22c111/Welcome.html" "Mozilla/5.0 (iPod; CPU iPhone OS 6_1_3 like Mac OS X) AppleWebKit/536.26 (KHTML, like Gecko) Version/6.0 Mobile/10B329 Safari/8536.25"
184.154.90.101 - - [22/Feb/2014:08:32:10 -0600] "GET /22c111/Welcome?action=newaccount HTTP/1.0" 404 212 "http://weblog.cs.uiowa.edu/22c111/Welcome?action=login" "Mozilla/5.0 (iPod; CPU iPhone OS 6_1_3 like Mac OS X) AppleWebKit/536.26 (KHTML, like Gecko) Version/6.0 Mobile/10B329 Safari/8536.25"
184.154.94.70 - - [22/Feb/2014:08:32:11 -0600] "GET /22C111f07/22c111/Welcome.html HTTP/1.0" 200 12700 "http://nest.cs.uiowa.edu/" "Mozilla/5.0 (iPod; CPU iPhone OS 6_1_3 like Mac OS X) AppleWebKit/536.26 (KHTML, like Gecko) Version/6.0 Mobile/10B329 Safari/8536.25"
184.154.94.70 - - [22/Feb/2014:08:32:12 -0600] "GET /22C111f07/22c111/Welcome.html?action=fullsearch&context=180&value=&titlesearch=Titles HTTP/1.0" 200 12700 "http://nest.cs.uiowa.edu/22C111f07/22c111/Welcome.html" "Mozilla/5.0 (iPod; CPU iPhone OS 6_1_3 like Mac OS X) AppleWebKit/536.26 (KHTML, like Gecko) Version/6.0 Mobile/10B329 Safari/8536.25"
66.249.73.104 - - [22/Feb/2014:08:32:19 -0600] "GET /sss2009/logo_ministere.jpg HTTP/1.1" 304 - "-" "Googlebot-Image/1.0"
5.10.83.58 - - [22/Feb/2014:08:32:22 -0600] "GET /sss2009/ASM_pc.html HTTP/1.1" 200 3085 "-" "Mozilla/5.0 (compatible; AhrefsBot/5.0; +http://ahrefs.com/robot/)"
173.26.136.58 - - [22/Feb/2014:08:33:29 -0600] "GET /cs4980s14 HTTP/1.1" 200 11455 "-" "Mozilla/5.0 (X11; Linux i686) AppleWebKit/537.36 (KHTML, like Gecko) Chrome/30.0.1599.66 Safari/537.36"
::1 - - [22/Feb/2014:08:33:46 -0600] "OPTIONS * HTTP/1.0" 200 - "-" "Apache/2.2.17 (Unix) DAV/2 (internal dummy connection)"
120.43.28.114 - - [22/Feb/2014:08:34:43 -0600] "GET /22c016f10/Moving_Property_Lower_Your_Stress_Level_Throughout_Move HTTP/1.1" 404 8174 "http://weblog.cs.uiowa.edu/" "Mozilla/5.0 (iPod; CPU iPhone OS 6_1_3 like Mac OS X) AppleWebKit/536.26 (KHTML, like Gecko) Version/6.0 Mobile/10B329 Safari/8536.25"
120.43.28.114 - - [22/Feb/2014:08:34:45 -0600] "GET /22c016f10/Moving_Property_Lower_Your_Stress_Level_Throughout_Move?action=login HTTP/1.1" 200 6359 "http://weblog.cs.uiowa.edu/22c016f10/Moving_Property_Lower_Your_Stress_Level_Throughout_Move" "Mozilla/5.0 (iPod; CPU iPhone OS 6_1_3 like Mac OS X) AppleWebKit/536.26 (KHTML, like Gecko) Version/6.0 Mobile/10B329 Safari/8536.25"
120.43.28.114 - - [22/Feb/2014:08:34:46 -0600] "GET /22c016f10/UserPreferences HTTP/1.1" 200 13046 "http://weblog.cs.uiowa.edu/22c016f10/Moving_Property_Lower_Your_Stress_Level_Throughout_Move?action=login" "Mozilla/5.0 (iPod; CPU iPhone OS 6_1_3 like Mac OS X) AppleWebKit/536.26 (KHTML, like Gecko) Version/6.0 Mobile/10B329 Safari/8536.25"
120.43.28.114 - - [22/Feb/2014:08:34:47 -0600] "POST /22c016f10/UserPreferences HTTP/1.1" 200 13094 "http://weblog.cs.uiowa.edu/22c016f10/UserPreferences" "Mozilla/5.0 (iPod; CPU iPhone OS 6_1_3 like Mac OS X) AppleWebKit/536.26 (KHTML, like Gecko) Version/6.0 Mobile/10B329 Safari/8536.25"
173.208.182.13 - - [22/Feb/2014:08:35:30 -0600] "GET /22c016f10/medical_imaging_equipment_attached_articles HTTP/1.1" 404 7994 "-" "Mozilla/4.0 (compatible; MSIE 6.0; Windows NT 5.1; SV1; Mozilla/4.0 (compatible; MSIE 6.0; Windows NT 5.1; SV1) ; .NET CLR 2.0.50727 ; .NET CLR 4.0.30319)"
110.85.100.147 - - [22/Feb/2014:08:37:47 -0600] "GET /22c016f10/Gabriella_Psychic_Gets_Most HTTP/1.1" 404 7754 "http://weblog.cs.uiowa.edu/" "Mozilla/5.0 (iPod; CPU iPhone OS 6_1_3 like Mac OS X) AppleWebKit/536.26 (KHTML, like Gecko) Version/6.0 Mobile/10B329 Safari/8536.25"
110.85.100.147 - - [22/Feb/2014:08:37:50 -0600] "GET /22c016f10/Gabriella_Psychic_Gets_Most?action=login HTTP/1.1" 200 6219 "http://weblog.cs.uiowa.edu/22c016f10/Gabriella_Psychic_Gets_Most" "Mozilla/5.0 (iPod; CPU iPhone OS 6_1_3 like Mac OS X) AppleWebKit/536.26 (KHTML, like Gecko) Version/6.0 Mobile/10B329 Safari/8536.25"
110.85.100.147 - - [22/Feb/2014:08:37:51 -0600] "GET /22c016f10/UserPreferences HTTP/1.1" 200 13046 "http://weblog.cs.uiowa.edu/22c016f10/Gabriella_Psychic_Gets_Most?action=login" "Mozilla/5.0 (iPod; CPU iPhone OS 6_1_3 like Mac OS X) AppleWebKit/536.26 (KHTML, like Gecko) Version/6.0 Mobile/10B329 Safari/8536.25"
110.85.100.147 - - [22/Feb/2014:08:37:56 -0600] "POST /22c016f10/UserPreferences HTTP/1.1" 200 13094 "http://weblog.cs.uiowa.edu/22c016f10/UserPreferences" "Mozilla/5.0 (iPod; CPU iPhone OS 6_1_3 like Mac OS X) AppleWebKit/536.26 (KHTML, like Gecko) Version/6.0 Mobile/10B329 Safari/8536.25"
5.10.83.38 - - [22/Feb/2014:08:38:10 -0600] "GET /sss2009/wednesday_SSS09/index.html HTTP/1.1" 200 26874 "-" "Mozilla/5.0 (compatible; AhrefsBot/5.0; +http://ahrefs.com/robot/)"
66.249.73.165 - - [22/Feb/2014:08:38:36 -0600] "GET /book/mutateex1 HTTP/1.1" 304 - "-" "Mozilla/5.0 (iPhone; CPU iPhone OS 6_0 like Mac OS X) AppleWebKit/536.26 (KHTML, like Gecko) Version/6.0 Mobile/10A5376e Safari/8536.25 (compatible; Googlebot/2.1; +http://www.google.com/bot.html)"
108.178.26.58 - - [22/Feb/2014:08:42:25 -0600] "GET /22c016f10/UserPreferences HTTP/1.0" 200 13046 "http://weblog.cs.uiowa.edu/" "Mozilla/5.0 (iPod; CPU iPhone OS 6_1_3 like Mac OS X) AppleWebKit/536.26 (KHTML, like Gecko) Version/6.0 Mobile/10B329 Safari/8536.25"
108.178.26.58 - - [22/Feb/2014:08:42:27 -0600] "GET /22c016f10/UserPreferences?action=login HTTP/1.0" 200 9535 "http://weblog.cs.uiowa.edu/22c016f10/UserPreferences" "Mozilla/5.0 (iPod; CPU iPhone OS 6_1_3 like Mac OS X) AppleWebKit/536.26 (KHTML, like Gecko) Version/6.0 Mobile/10B329 Safari/8536.25"
108.178.26.58 - - [22/Feb/2014:08:42:29 -0600] "POST /22c016f10/UserPreferences HTTP/1.0" 200 13147 "http://weblog.cs.uiowa.edu/22c016f10/UserPreferences?action=login" "Mozilla/5.0 (iPod; CPU iPhone OS 6_1_3 like Mac OS X) AppleWebKit/536.26 (KHTML, like Gecko) Version/6.0 Mobile/10B329 Safari/8536.25"
110.85.100.147 - - [22/Feb/2014:08:42:37 -0600] "GET /22c016f10/Gabriella_Psychic_Gets_Most HTTP/1.1" 404 7754 "http://weblog.cs.uiowa.edu/" "Mozilla/5.0 (iPod; CPU iPhone OS 6_1_3 like Mac OS X) AppleWebKit/536.26 (KHTML, like Gecko) Version/6.0 Mobile/10B329 Safari/8536.25"
110.85.100.147 - - [22/Feb/2014:08:42:38 -0600] "GET /22c016f10/Gabriella_Psychic_Gets_Most?action=login HTTP/1.1" 200 6219 "http://weblog.cs.uiowa.edu/22c016f10/Gabriella_Psychic_Gets_Most" "Mozilla/5.0 (iPod; CPU iPhone OS 6_1_3 like Mac OS X) AppleWebKit/536.26 (KHTML, like Gecko) Version/6.0 Mobile/10B329 Safari/8536.25"
110.85.100.147 - - [22/Feb/2014:08:42:42 -0600] "GET /22c016f10/UserPreferences HTTP/1.1" 200 13046 "http://weblog.cs.uiowa.edu/22c016f10/Gabriella_Psychic_Gets_Most?action=login" "Mozilla/5.0 (iPod; CPU iPhone OS 6_1_3 like Mac OS X) AppleWebKit/536.26 (KHTML, like Gecko) Version/6.0 Mobile/10B329 Safari/8536.25"
110.85.100.147 - - [22/Feb/2014:08:42:50 -0600] "POST /22c016f10/UserPreferences HTTP/1.1" 200 13094 "http://weblog.cs.uiowa.edu/22c016f10/UserPreferences" "Mozilla/5.0 (iPod; CPU iPhone OS 6_1_3 like Mac OS X) AppleWebKit/536.26 (KHTML, like Gecko) Version/6.0 Mobile/10B329 Safari/8536.25"
5.10.83.103 - - [22/Feb/2014:08:45:31 -0600] "GET /sss2013/hotels.html HTTP/1.1" 200 10718 "-" "Mozilla/5.0 (compatible; AhrefsBot/5.0; +http://ahrefs.com/robot/)"
27.159.196.229 - - [22/Feb/2014:08:48:04 -0600] "GET /22c016f10/Moving_Property_Lower_Your_Stress_Level_Throughout_Move HTTP/1.1" 404 8174 "http://weblog.cs.uiowa.edu/" "Mozilla/5.0 (iPod; CPU iPhone OS 6_1_3 like Mac OS X) AppleWebKit/536.26 (KHTML, like Gecko) Version/6.0 Mobile/10B329 Safari/8536.25"
27.159.196.229 - - [22/Feb/2014:08:48:06 -0600] "GET /22c016f10/Moving_Property_Lower_Your_Stress_Level_Throughout_Move?action=login HTTP/1.1" 200 6359 "http://weblog.cs.uiowa.edu/22c016f10/Moving_Property_Lower_Your_Stress_Level_Throughout_Move" "Mozilla/5.0 (iPod; CPU iPhone OS 6_1_3 like Mac OS X) AppleWebKit/536.26 (KHTML, like Gecko) Version/6.0 Mobile/10B329 Safari/8536.25"
27.159.196.229 - - [22/Feb/2014:08:48:07 -0600] "GET /22c016f10/UserPreferences HTTP/1.1" 200 13046 "http://weblog.cs.uiowa.edu/22c016f10/Moving_Property_Lower_Your_Stress_Level_Throughout_Move?action=login" "Mozilla/5.0 (iPod; CPU iPhone OS 6_1_3 like Mac OS X) AppleWebKit/536.26 (KHTML, like Gecko) Version/6.0 Mobile/10B329 Safari/8536.25"
27.159.196.229 - - [22/Feb/2014:08:48:08 -0600] "POST /22c016f10/UserPreferences HTTP/1.1" 200 13094 "http://weblog.cs.uiowa.edu/22c016f10/UserPreferences" "Mozilla/5.0 (iPod; CPU iPhone OS 6_1_3 like Mac OS X) AppleWebKit/536.26 (KHTML, like Gecko) Version/6.0 Mobile/10B329 Safari/8536.25"
65.55.213.72 - - [22/Feb/2014:08:48:14 -0600] "GET /robots.txt HTTP/1.1" 404 208 "-" "msnbot/2.0b (+http://search.msn.com/msnbot.htm)"
65.55.213.72 - - [22/Feb/2014:08:48:14 -0600] "GET / HTTP/1.1" 200 2998 "-" "msnbot/2.0b (+http://search.msn.com/msnbot.htm)"
208.115.111.74 - - [22/Feb/2014:08:53:11 -0600] "GET /book/ioex2 HTTP/1.1" 200 5727 "-" "Mozilla/5.0 (compatible; Ezooms/1.0; help@moz.com)"
208.115.111.74 - - [22/Feb/2014:08:53:32 -0600] "GET /book/loopaccumex5 HTTP/1.1" 200 5415 "-" "Mozilla/5.0 (compatible; Ezooms/1.0; help@moz.com)"
27.159.213.77 - - [22/Feb/2014:08:54:41 -0600] "GET /22c016f10/UserPreferences HTTP/1.1" 200 13046 "http://weblog.cs.uiowa.edu/" "Mozilla/5.0 (iPod; CPU iPhone OS 6_1_3 like Mac OS X) AppleWebKit/536.26 (KHTML, like Gecko) Version/6.0 Mobile/10B329 Safari/8536.25"
27.159.213.77 - - [22/Feb/2014:08:54:43 -0600] "GET /22c016f10/UserPreferences?action=login HTTP/1.1" 200 9535 "http://weblog.cs.uiowa.edu/22c016f10/UserPreferences" "Mozilla/5.0 (iPod; CPU iPhone OS 6_1_3 like Mac OS X) AppleWebKit/536.26 (KHTML, like Gecko) Version/6.0 Mobile/10B329 Safari/8536.25"
27.159.213.77 - - [22/Feb/2014:08:54:44 -0600] "POST /22c016f10/UserPreferences HTTP/1.1" 200 13147 "http://weblog.cs.uiowa.edu/22c016f10/UserPreferences?action=login" "Mozilla/5.0 (iPod; CPU iPhone OS 6_1_3 like Mac OS X) AppleWebKit/536.26 (KHTML, like Gecko) Version/6.0 Mobile/10B329 Safari/8536.25"
217.212.224.183 - - [22/Feb/2014:08:55:41 -0600] "GET /robots.txt HTTP/1.0" 404 208 "-" "psbot/0.1 (+http://www.picsearch.com/bot.html)"
217.212.224.181 - - [22/Feb/2014:08:55:41 -0600] "GET /luminy2002/Beauquier02.html HTTP/1.0" 304 - "-" "psbot/0.1 (+http://www.picsearch.com/bot.html)"
66.249.73.104 - - [22/Feb/2014:08:57:42 -0600] "GET /sss2012/program.html HTTP/1.1" 200 6131 "-" "Mozilla/5.0 (iPhone; CPU iPhone OS 6_0 like Mac OS X) AppleWebKit/536.26 (KHTML, like Gecko) Version/6.0 Mobile/10A5376e Safari/8536.25 (compatible; Googlebot/2.1; +http://www.google.com/bot.html)"
202.46.57.63 - - [22/Feb/2014:08:58:29 -0600] "GET / HTTP/1.1" 200 2998 "-" "Mozilla/4.0 (compatible; MSIE 7.0; Windows NT 6.0)"
94.23.101.188 - - [22/Feb/2014:08:58:30 -0600] "GET /22C111f07/22c111/Welcome.html HTTP/1.1" 200 12700 "http://nest.cs.uiowa.edu/" "Mozilla/5.0 (iPod; CPU iPhone OS 6_1_3 like Mac OS X) AppleWebKit/536.26 (KHTML, like Gecko) Version/6.0 Mobile/10B329 Safari/8536.25"
94.23.101.188 - - [22/Feb/2014:08:58:31 -0600] "GET /22c111/Welcome?action=login HTTP/1.1" 404 212 "http://nest.cs.uiowa.edu/22C111f07/22c111/Welcome.html" "Mozilla/5.0 (iPod; CPU iPhone OS 6_1_3 like Mac OS X) AppleWebKit/536.26 (KHTML, like Gecko) Version/6.0 Mobile/10B329 Safari/8536.25"
94.23.101.188 - - [22/Feb/2014:08:58:31 -0600] "GET /22c111/Welcome?action=newaccount HTTP/1.1" 404 212 "http://weblog.cs.uiowa.edu/22c111/Welcome?action=login" "Mozilla/5.0 (iPod; CPU iPhone OS 6_1_3 like Mac OS X) AppleWebKit/536.26 (KHTML, like Gecko) Version/6.0 Mobile/10B329 Safari/8536.25"
210.211.107.150 - - [22/Feb/2014:08:58:37 -0600] "GET /robots.txt HTTP/1.1" 404 208 "-" "Wada.vn Vietnamese Search"
117.26.248.200 - - [22/Feb/2014:08:58:46 -0600] "GET /22c016f10/Moving_Property_Lower_Your_Stress_Level_Throughout_Move HTTP/1.1" 404 8174 "http://weblog.cs.uiowa.edu/" "Mozilla/5.0 (iPod; CPU iPhone OS 6_1_3 like Mac OS X) AppleWebKit/536.26 (KHTML, like Gecko) Version/6.0 Mobile/10B329 Safari/8536.25"
117.26.248.200 - - [22/Feb/2014:08:58:47 -0600] "GET /22c016f10/Moving_Property_Lower_Your_Stress_Level_Throughout_Move?action=login HTTP/1.1" 200 6359 "http://weblog.cs.uiowa.edu/22c016f10/Moving_Property_Lower_Your_Stress_Level_Throughout_Move" "Mozilla/5.0 (iPod; CPU iPhone OS 6_1_3 like Mac OS X) AppleWebKit/536.26 (KHTML, like Gecko) Version/6.0 Mobile/10B329 Safari/8536.25"
117.26.248.200 - - [22/Feb/2014:08:58:48 -0600] "GET /22c016f10/UserPreferences HTTP/1.1" 200 13046 "http://weblog.cs.uiowa.edu/22c016f10/Moving_Property_Lower_Your_Stress_Level_Throughout_Move?action=login" "Mozilla/5.0 (iPod; CPU iPhone OS 6_1_3 like Mac OS X) AppleWebKit/536.26 (KHTML, like Gecko) Version/6.0 Mobile/10B329 Safari/8536.25"
117.26.248.200 - - [22/Feb/2014:08:58:50 -0600] "POST /22c016f10/UserPreferences HTTP/1.1" 200 13094 "http://weblog.cs.uiowa.edu/22c016f10/UserPreferences" "Mozilla/5.0 (iPod; CPU iPhone OS 6_1_3 like Mac OS X) AppleWebKit/536.26 (KHTML, like Gecko) Version/6.0 Mobile/10B329 Safari/8536.25"
119.63.193.195 - - [22/Feb/2014:08:59:17 -0600] "GET / HTTP/1.1" 200 2998 "-" "Mozilla/4.0 (compatible; MSIE 7.0; Windows NT 6.0)"
27.150.211.131 - - [22/Feb/2014:08:59:21 -0600] "GET /22c016f10/UserPreferences HTTP/1.1" 200 13046 "http://weblog.cs.uiowa.edu/" "Mozilla/5.0 (iPod; CPU iPhone OS 6_1_3 like Mac OS X) AppleWebKit/536.26 (KHTML, like Gecko) Version/6.0 Mobile/10B329 Safari/8536.25"
27.150.211.131 - - [22/Feb/2014:08:59:22 -0600] "GET /22c016f10/UserPreferences?action=login HTTP/1.1" 200 9535 "http://weblog.cs.uiowa.edu/22c016f10/UserPreferences" "Mozilla/5.0 (iPod; CPU iPhone OS 6_1_3 like Mac OS X) AppleWebKit/536.26 (KHTML, like Gecko) Version/6.0 Mobile/10B329 Safari/8536.25"
27.150.211.131 - - [22/Feb/2014:08:59:23 -0600] "POST /22c016f10/UserPreferences HTTP/1.1" 200 13147 "http://weblog.cs.uiowa.edu/22c016f10/UserPreferences?action=login" "Mozilla/5.0 (iPod; CPU iPhone OS 6_1_3 like Mac OS X) AppleWebKit/536.26 (KHTML, like Gecko) Version/6.0 Mobile/10B329 Safari/8536.25"
66.249.73.104 - - [22/Feb/2014:08:59:46 -0600] "GET /bibliography/index.html HTTP/1.1" 304 - "-" "Mozilla/5.0 (compatible; Googlebot/2.1; +http://www.google.com/bot.html)"
117.26.248.200 - - [22/Feb/2014:09:01:43 -0600] "GET /22c016f10/Moving_Property_Lower_Your_Stress_Level_Throughout_Move HTTP/1.1" 404 8174 "http://weblog.cs.uiowa.edu/" "Mozilla/5.0 (iPod; CPU iPhone OS 6_1_3 like Mac OS X) AppleWebKit/536.26 (KHTML, like Gecko) Version/6.0 Mobile/10B329 Safari/8536.25"
117.26.248.200 - - [22/Feb/2014:09:01:45 -0600] "GET /22c016f10/Moving_Property_Lower_Your_Stress_Level_Throughout_Move?action=login HTTP/1.1" 200 6359 "http://weblog.cs.uiowa.edu/22c016f10/Moving_Property_Lower_Your_Stress_Level_Throughout_Move" "Mozilla/5.0 (iPod; CPU iPhone OS 6_1_3 like Mac OS X) AppleWebKit/536.26 (KHTML, like Gecko) Version/6.0 Mobile/10B329 Safari/8536.25"
117.26.248.200 - - [22/Feb/2014:09:01:46 -0600] "GET /22c016f10/UserPreferences HTTP/1.1" 200 13046 "http://weblog.cs.uiowa.edu/22c016f10/Moving_Property_Lower_Your_Stress_Level_Throughout_Move?action=login" "Mozilla/5.0 (iPod; CPU iPhone OS 6_1_3 like Mac OS X) AppleWebKit/536.26 (KHTML, like Gecko) Version/6.0 Mobile/10B329 Safari/8536.25"
117.26.248.200 - - [22/Feb/2014:09:01:48 -0600] "POST /22c016f10/UserPreferences HTTP/1.1" 200 13094 "http://weblog.cs.uiowa.edu/22c016f10/UserPreferences" "Mozilla/5.0 (iPod; CPU iPhone OS 6_1_3 like Mac OS X) AppleWebKit/536.26 (KHTML, like Gecko) Version/6.0 Mobile/10B329 Safari/8536.25"
65.55.24.245 - - [22/Feb/2014:09:04:02 -0600] "GET /robots.txt HTTP/1.1" 200 26 "-" "Mozilla/5.0 (compatible; bingbot/2.0; +http://www.bing.com/bingbot.htm)"
172.23.117.192 - - [22/Feb/2014:09:04:49 -0600] "GET /cs4980s14 HTTP/1.1" 200 10440 "-" "Mozilla/5.0 (Windows NT 6.3; WOW64; rv:27.0) Gecko/20100101 Firefox/27.0"
172.23.117.192 - - [22/Feb/2014:09:04:51 -0600] "GET /wiki/common/js/common.js HTTP/1.1" 200 3892 "http://weblog.cs.uiowa.edu/cs4980s14" "Mozilla/5.0 (Windows NT 6.3; WOW64; rv:27.0) Gecko/20100101 Firefox/27.0"
172.23.117.192 - - [22/Feb/2014:09:04:51 -0600] "GET /wiki/modern/css/common.css HTTP/1.1" 200 7048 "http://weblog.cs.uiowa.edu/cs4980s14" "Mozilla/5.0 (Windows NT 6.3; WOW64; rv:27.0) Gecko/20100101 Firefox/27.0"
172.23.117.192 - - [22/Feb/2014:09:04:51 -0600] "GET /wiki/modern/css/print.css HTTP/1.1" 200 775 "http://weblog.cs.uiowa.edu/cs4980s14" "Mozilla/5.0 (Windows NT 6.3; WOW64; rv:27.0) Gecko/20100101 Firefox/27.0"
172.23.117.192 - - [22/Feb/2014:09:04:51 -0600] "GET /wiki/modern/css/projection.css HTTP/1.1" 200 587 "http://weblog.cs.uiowa.edu/cs4980s14" "Mozilla/5.0 (Windows NT 6.3; WOW64; rv:27.0) Gecko/20100101 Firefox/27.0"
172.23.117.192 - - [22/Feb/2014:09:04:51 -0600] "GET /wiki/modern/css/screen.css HTTP/1.1" 200 7558 "http://weblog.cs.uiowa.edu/cs4980s14" "Mozilla/5.0 (Windows NT 6.3; WOW64; rv:27.0) Gecko/20100101 Firefox/27.0"
172.23.117.192 - - [22/Feb/2014:09:04:51 -0600] "GET /wiki/cs4980s14.gif HTTP/1.1" 200 7038 "http://weblog.cs.uiowa.edu/cs4980s14" "Mozilla/5.0 (Windows NT 6.3; WOW64; rv:27.0) Gecko/20100101 Firefox/27.0"
172.23.117.192 - - [22/Feb/2014:09:04:51 -0600] "GET /favicon.ico HTTP/1.1" 200 904 "-" "Mozilla/5.0 (Windows NT 6.3; WOW64; rv:27.0) Gecko/20100101 Firefox/27.0"
172.23.117.192 - - [22/Feb/2014:09:04:56 -0600] "GET /cs4980s14/RecentChanges HTTP/1.1" 200 20928 "http://weblog.cs.uiowa.edu/cs4980s14" "Mozilla/5.0 (Windows NT 6.3; WOW64; rv:27.0) Gecko/20100101 Firefox/27.0"
172.23.117.192 - - [22/Feb/2014:09:04:56 -0600] "GET /wiki/modern/img/moin-diff.png HTTP/1.1" 200 219 "http://weblog.cs.uiowa.edu/cs4980s14/RecentChanges" "Mozilla/5.0 (Windows NT 6.3; WOW64; rv:27.0) Gecko/20100101 Firefox/27.0"
172.23.117.192 - - [22/Feb/2014:09:04:56 -0600] "GET /wiki/modern/img/moin-info.png HTTP/1.1" 200 116 "http://weblog.cs.uiowa.edu/cs4980s14/RecentChanges" "Mozilla/5.0 (Windows NT 6.3; WOW64; rv:27.0) Gecko/20100101 Firefox/27.0"
172.23.117.192 - - [22/Feb/2014:09:04:56 -0600] "GET /wiki/modern/img/moin-updated.png HTTP/1.1" 200 236 "http://weblog.cs.uiowa.edu/cs4980s14/RecentChanges" "Mozilla/5.0 (Windows NT 6.3; WOW64; rv:27.0) Gecko/20100101 Firefox/27.0"
172.23.117.192 - - [22/Feb/2014:09:04:56 -0600] "GET /wiki/modern/img/moin-new.png HTTP/1.1" 200 254 "http://weblog.cs.uiowa.edu/cs4980s14/RecentChanges" "Mozilla/5.0 (Windows NT 6.3; WOW64; rv:27.0) Gecko/20100101 Firefox/27.0"
172.23.117.192 - - [22/Feb/2014:09:04:56 -0600] "GET /wiki/modern/img/moin-deleted.png HTTP/1.1" 200 232 "http://weblog.cs.uiowa.edu/cs4980s14/RecentChanges" "Mozilla/5.0 (Windows NT 6.3; WOW64; rv:27.0) Gecko/20100101 Firefox/27.0"
172.23.117.192 - - [22/Feb/2014:09:04:56 -0600] "GET /wiki/modern/img/alert.png HTTP/1.1" 200 220 "http://weblog.cs.uiowa.edu/cs4980s14/RecentChanges" "Mozilla/5.0 (Windows NT 6.3; WOW64; rv:27.0) Gecko/20100101 Firefox/27.0"
172.23.117.192 - - [22/Feb/2014:09:05:00 -0600] "GET /cs4980s14/Paper_Presentations HTTP/1.1" 200 19227 "http://weblog.cs.uiowa.edu/cs4980s14/RecentChanges" "Mozilla/5.0 (Windows NT 6.3; WOW64; rv:27.0) Gecko/20100101 Firefox/27.0"
172.23.117.192 - - [22/Feb/2014:09:05:00 -0600] "GET /wiki/modern/img/moin-www.png HTTP/1.1" 200 150 "http://weblog.cs.uiowa.edu/wiki/modern/css/common.css" "Mozilla/5.0 (Windows NT 6.3; WOW64; rv:27.0) Gecko/20100101 Firefox/27.0"
172.23.117.192 - - [22/Feb/2014:09:05:00 -0600] "GET /wiki/modern/img/moin-attach.png HTTP/1.1" 200 178 "http://weblog.cs.uiowa.edu/wiki/modern/css/common.css" "Mozilla/5.0 (Windows NT 6.3; WOW64; rv:27.0) Gecko/20100101 Firefox/27.0"
::1 - - [22/Feb/2014:09:05:05 -0600] "OPTIONS * HTTP/1.0" 200 - "-" "Apache/2.2.17 (Unix) DAV/2 (internal dummy connection)"
110.85.101.81 - - [22/Feb/2014:09:06:03 -0600] "GET /22c016f10/UserPreferences HTTP/1.1" 200 13046 "http://weblog.cs.uiowa.edu/" "Mozilla/5.0 (iPod; CPU iPhone OS 6_1_3 like Mac OS X) AppleWebKit/536.26 (KHTML, like Gecko) Version/6.0 Mobile/10B329 Safari/8536.25"
