66.249.73.165 - - [22/Feb/2014:19:01:55 -0600] "GET /book/varsex3 HTTP/1.1" 304 - "-" "Mozilla/5.0 (iPhone; CPU iPhone OS 6_0 like Mac OS X) AppleWebKit/536.26 (KHTML, like Gecko) Version/6.0 Mobile/10A5376e Safari/8536.25 (compatible; Googlebot/2.1; +http://www.google.com/bot.html)"
208.115.111.66 - - [22/Feb/2014:19:07:11 -0600] "GET /Dagstuhl1998/Titles/index.html HTTP/1.1" 200 10806 "-" "Mozilla/5.0 (compatible; Ezooms/1.0; help@moz.com)"
208.115.111.66 - - [22/Feb/2014:19:07:14 -0600] "GET /sss2009/thursday_SSS09/Pages/11.html HTTP/1.1" 200 978 "-" "Mozilla/5.0 (compatible; Ezooms/1.0; help@moz.com)"
208.115.111.66 - - [22/Feb/2014:19:07:21 -0600] "GET /sss2009/friday_SSS09/Pages/1.html HTTP/1.1" 200 973 "-" "Mozilla/5.0 (compatible; Ezooms/1.0; help@moz.com)"
110.85.103.41 - - [22/Feb/2014:19:08:39 -0600] "GET /22c016f10/UserPreferences HTTP/1.1" 200 13046 "http://weblog.cs.uiowa.edu/" "Mozilla/5.0 (Linux; U; Android 2.2; fr-fr; Desire_A8181 Build/FRF91) App3leWebKit/53.1 (KHTML, like Gecko) Version/4.0 Mobile Safari/533.1"
110.85.103.41 - - [22/Feb/2014:19:08:40 -0600] "GET /22c016f10/UserPreferences?action=login HTTP/1.1" 200 9535 "http://weblog.cs.uiowa.edu/22c016f10/UserPreferences" "Mozilla/5.0 (Linux; U; Android 2.2; fr-fr; Desire_A8181 Build/FRF91) App3leWebKit/53.1 (KHTML, like Gecko) Version/4.0 Mobile Safari/533.1"
110.85.103.41 - - [22/Feb/2014:19:08:41 -0600] "POST /22c016f10/UserPreferences HTTP/1.1" 200 13146 "http://weblog.cs.uiowa.edu/22c016f10/UserPreferences?action=login" "Mozilla/5.0 (Linux; U; Android 2.2; fr-fr; Desire_A8181 Build/FRF91) App3leWebKit/53.1 (KHTML, like Gecko) Version/4.0 Mobile Safari/533.1"
208.115.111.74 - - [22/Feb/2014:19:13:02 -0600] "GET /robots.txt HTTP/1.1" 404 208 "-" "Mozilla/5.0 (compatible; Ezooms/1.0; help@moz.com)"
192.3.183.150 - - [22/Feb/2014:19:14:48 -0600] "GET /22c016f10/Zero_Forms_Payday_cash_advances:_Instantaneous__Uncomplicated_Economic_Answers HTTP/1.0" 404 8530 "http://weblog.cs.uiowa.edu/" "Mozilla/5.0 (iPod; CPU iPhone OS 6_1_3 like Mac OS X) AppleWebKit/536.26 (KHTML, like Gecko) Version/6.0 Mobile/10B329 Safari/8536.25"
192.3.183.150 - - [22/Feb/2014:19:14:48 -0600] "GET /22c016f10/Zero_Forms_Payday_cash_advances%3A_Instantaneous_Uncomplicated_Economic_Answers?action=login HTTP/1.0" 200 6477 "http://weblog.cs.uiowa.edu/22c016f10/Zero_Forms_Payday_cash_advances:_Instantaneous__Uncomplicated_Economic_Answers" "Mozilla/5.0 (iPod; CPU iPhone OS 6_1_3 like Mac OS X) AppleWebKit/536.26 (KHTML, like Gecko) Version/6.0 Mobile/10B329 Safari/8536.25"
192.3.183.150 - - [22/Feb/2014:19:14:49 -0600] "GET /22c016f10/UserPreferences HTTP/1.0" 200 13046 "http://weblog.cs.uiowa.edu/22c016f10/Zero_Forms_Payday_cash_advances%3A_Instantaneous_Uncomplicated_Economic_Answers?action=login" "Mozilla/5.0 (iPod; CPU iPhone OS 6_1_3 like Mac OS X) AppleWebKit/536.26 (KHTML, like Gecko) Version/6.0 Mobile/10B329 Safari/8536.25"
192.3.183.150 - - [22/Feb/2014:19:14:49 -0600] "POST /22c016f10/UserPreferences HTTP/1.0" 200 13094 "http://weblog.cs.uiowa.edu/22c016f10/UserPreferences" "Mozilla/5.0 (iPod; CPU iPhone OS 6_1_3 like Mac OS X) AppleWebKit/536.26 (KHTML, like Gecko) Version/6.0 Mobile/10B329 Safari/8536.25"
220.181.108.106 - - [22/Feb/2014:19:23:59 -0600] "GET / HTTP/1.1" 200 2732 "-" "Mozilla/5.0 (compatible; Baiduspider/2.0; +http://www.baidu.com/search/spider.html)"
66.249.73.104 - - [22/Feb/2014:19:27:48 -0600] "GET /birs2004/index.html HTTP/1.1" 304 - "-" "Mozilla/5.0 (iPhone; CPU iPhone OS 6_0 like Mac OS X) AppleWebKit/536.26 (KHTML, like Gecko) Version/6.0 Mobile/10A5376e Safari/8536.25 (compatible; Googlebot/2.1; +http://www.google.com/bot.html)"
95.108.158.237 - - [22/Feb/2014:19:30:16 -0600] "GET /sss2009/wednesday_SSS09/Thumbnails/5.jpg HTTP/1.1" 304 - "-" "Mozilla/5.0 (compatible; YandexImages/3.0; +http://yandex.com/bots)"
37.203.212.162 - - [22/Feb/2014:19:35:10 -0600] "GET /22c016f10/Breast_Augmentation_Surgery_And_Its_Ins_And_Outs HTTP/1.0" 404 8069 "http://weblog.cs.uiowa.edu/" "Mozilla/5.0 (Linux; U; Android 2.2; fr-fr; Desire_A8181 Build/FRF91) App3leWebKit/53.1 (KHTML, like Gecko) Version/4.0 Mobile Safari/533.1"
220.161.169.240 - - [22/Feb/2014:19:35:12 -0600] "GET /22c016f10/UserPreferences HTTP/1.1" 200 13046 "http://weblog.cs.uiowa.edu/" "Mozilla/5.0 (Linux; U; Android 2.2; fr-fr; Desire_A8181 Build/FRF91) App3leWebKit/53.1 (KHTML, like Gecko) Version/4.0 Mobile Safari/533.1"
220.161.169.240 - - [22/Feb/2014:19:35:14 -0600] "GET /22c016f10/UserPreferences?action=login HTTP/1.1" 200 9535 "http://weblog.cs.uiowa.edu/22c016f10/UserPreferences" "Mozilla/5.0 (Linux; U; Android 2.2; fr-fr; Desire_A8181 Build/FRF91) App3leWebKit/53.1 (KHTML, like Gecko) Version/4.0 Mobile Safari/533.1"
37.203.212.162 - - [22/Feb/2014:19:35:14 -0600] "GET /22c016f10/Breast_Augmentation_Surgery_And_Its_Ins_And_Outs?action=login HTTP/1.0" 200 6324 "http://weblog.cs.uiowa.edu/22c016f10/Breast_Augmentation_Surgery_And_Its_Ins_And_Outs" "Mozilla/5.0 (Linux; U; Android 2.2; fr-fr; Desire_A8181 Build/FRF91) App3leWebKit/53.1 (KHTML, like Gecko) Version/4.0 Mobile Safari/533.1"
220.161.169.240 - - [22/Feb/2014:19:35:15 -0600] "POST /22c016f10/UserPreferences HTTP/1.1" 200 13146 "http://weblog.cs.uiowa.edu/22c016f10/UserPreferences?action=login" "Mozilla/5.0 (Linux; U; Android 2.2; fr-fr; Desire_A8181 Build/FRF91) App3leWebKit/53.1 (KHTML, like Gecko) Version/4.0 Mobile Safari/533.1"
37.203.212.162 - - [22/Feb/2014:19:35:16 -0600] "GET /22c016f10/UserPreferences HTTP/1.0" 200 13046 "http://weblog.cs.uiowa.edu/22c016f10/Breast_Augmentation_Surgery_And_Its_Ins_And_Outs?action=login" "Mozilla/5.0 (Linux; U; Android 2.2; fr-fr; Desire_A8181 Build/FRF91) App3leWebKit/53.1 (KHTML, like Gecko) Version/4.0 Mobile Safari/533.1"
37.203.212.162 - - [22/Feb/2014:19:35:20 -0600] "POST /22c016f10/UserPreferences HTTP/1.0" 200 13094 "http://weblog.cs.uiowa.edu/22c016f10/UserPreferences" "Mozilla/5.0 (Linux; U; Android 2.2; fr-fr; Desire_A8181 Build/FRF91) App3leWebKit/53.1 (KHTML, like Gecko) Version/4.0 Mobile Safari/533.1"
177.0.18.114 - - [22/Feb/2014:19:35:56 -0600] "HEAD / HTTP/1.0" 200 - "-" "-"
113.212.69.206 - - [22/Feb/2014:19:38:05 -0600] "GET /22c016f10/Unsuccessful_Sites:_The_Common_Pitfalls HTTP/1.1" 404 7960 "http://weblog.cs.uiowa.edu/" "Mozilla/5.0 (iPod; CPU iPhone OS 6_1_3 like Mac OS X) AppleWebKit/536.26 (KHTML, like Gecko) Version/6.0 Mobile/10B329 Safari/8536.25"
117.170.184.147 - - [22/Feb/2014:19:38:07 -0600] "GET /22c016f10/Unsuccessful_Sites%3A_The_Common_Pitfalls?action=login HTTP/1.1" 200 6287 "http://weblog.cs.uiowa.edu/22c016f10/Unsuccessful_Sites:_The_Common_Pitfalls" "Mozilla/5.0 (iPod; CPU iPhone OS 6_1_3 like Mac OS X) AppleWebKit/536.26 (KHTML, like Gecko) Version/6.0 Mobile/10B329 Safari/8536.25"
107.161.81.99 - - [22/Feb/2014:19:38:20 -0600] "GET /22c016f10/Situations_When_You_Can_t_Reside_Without_Professional_Plumbing_In_Toronto HTTP/1.0" 404 8444 "http://weblog.cs.uiowa.edu/" "Mozilla/5.0 (iPod; CPU iPhone OS 6_1_3 like Mac OS X) AppleWebKit/536.26 (KHTML, like Gecko) Version/6.0 Mobile/10B329 Safari/8536.25"
107.161.81.99 - - [22/Feb/2014:19:38:21 -0600] "GET /22c016f10/Situations_When_You_Can_t_Reside_Without_Professional_Plumbing_In_Toronto?action=login HTTP/1.0" 200 6449 "http://weblog.cs.uiowa.edu/22c016f10/Situations_When_You_Can_t_Reside_Without_Professional_Plumbing_In_Toronto" "Mozilla/5.0 (iPod; CPU iPhone OS 6_1_3 like Mac OS X) AppleWebKit/536.26 (KHTML, like Gecko) Version/6.0 Mobile/10B329 Safari/8536.25"
107.161.81.99 - - [22/Feb/2014:19:38:23 -0600] "GET /22c016f10/UserPreferences HTTP/1.0" 200 13046 "http://weblog.cs.uiowa.edu/22c016f10/Situations_When_You_Can_t_Reside_Without_Professional_Plumbing_In_Toronto?action=login" "Mozilla/5.0 (iPod; CPU iPhone OS 6_1_3 like Mac OS X) AppleWebKit/536.26 (KHTML, like Gecko) Version/6.0 Mobile/10B329 Safari/8536.25"
107.161.81.99 - - [22/Feb/2014:19:38:25 -0600] "POST /22c016f10/UserPreferences HTTP/1.0" 200 13094 "http://weblog.cs.uiowa.edu/22c016f10/UserPreferences" "Mozilla/5.0 (iPod; CPU iPhone OS 6_1_3 like Mac OS X) AppleWebKit/536.26 (KHTML, like Gecko) Version/6.0 Mobile/10B329 Safari/8536.25"
157.55.34.179 - - [22/Feb/2014:19:38:30 -0600] "GET /robots.txt HTTP/1.1" 404 208 "-" "Mozilla/5.0 (compatible; bingbot/2.0; +http://www.bing.com/bingbot.htm)"
117.170.184.147 - - [22/Feb/2014:19:38:41 -0600] "GET /22c016f10/UserPreferences HTTP/1.1" 200 13046 "http://weblog.cs.uiowa.edu/22c016f10/Unsuccessful_Sites%3A_The_Common_Pitfalls?action=login" "Mozilla/5.0 (iPod; CPU iPhone OS 6_1_3 like Mac OS X) AppleWebKit/536.26 (KHTML, like Gecko) Version/6.0 Mobile/10B329 Safari/8536.25"
117.170.184.147 - - [22/Feb/2014:19:38:47 -0600] "POST /22c016f10/UserPreferences HTTP/1.1" 200 13094 "http://weblog.cs.uiowa.edu/22c016f10/UserPreferences" "Mozilla/5.0 (iPod; CPU iPhone OS 6_1_3 like Mac OS X) AppleWebKit/536.26 (KHTML, like Gecko) Version/6.0 Mobile/10B329 Safari/8536.25"
222.33.193.71 - - [22/Feb/2014:19:39:29 -0600] "GET http://www.sciencedirect.com/ HTTP/1.1" 200 2534 "-" "Mozilla/4.0 (compatible; MSIE 4.01; Windows 95)"
113.212.69.206 - - [22/Feb/2014:19:39:41 -0600] "GET /22c016f10/UserPreferences HTTP/1.1" 200 13046 "http://weblog.cs.uiowa.edu/" "Mozilla/5.0 (iPod; CPU iPhone OS 6_1_3 like Mac OS X) AppleWebKit/536.26 (KHTML, like Gecko) Version/6.0 Mobile/10B329 Safari/8536.25"
183.220.43.228 - - [22/Feb/2014:19:40:45 -0600] "GET /22c016f10/UserPreferences?action=login HTTP/1.1" 200 9535 "http://weblog.cs.uiowa.edu/22c016f10/UserPreferences" "Mozilla/5.0 (iPod; CPU iPhone OS 6_1_3 like Mac OS X) AppleWebKit/536.26 (KHTML, like Gecko) Version/6.0 Mobile/10B329 Safari/8536.25"
183.220.43.228 - - [22/Feb/2014:19:41:23 -0600] "POST /22c016f10/UserPreferences HTTP/1.1" 200 13147 "http://weblog.cs.uiowa.edu/22c016f10/UserPreferences?action=login" "Mozilla/5.0 (iPod; CPU iPhone OS 6_1_3 like Mac OS X) AppleWebKit/536.26 (KHTML, like Gecko) Version/6.0 Mobile/10B329 Safari/8536.25"
27.159.253.80 - - [22/Feb/2014:19:41:42 -0600] "GET /22c016f10/Unsuccessful_Sites:_The_Common_Pitfalls HTTP/1.1" 404 7960 "http://weblog.cs.uiowa.edu/" "Mozilla/5.0 (Linux; U; Android 2.2; fr-fr; Desire_A8181 Build/FRF91) App3leWebKit/53.1 (KHTML, like Gecko) Version/4.0 Mobile Safari/533.1"
27.159.253.80 - - [22/Feb/2014:19:41:43 -0600] "GET /22c016f10/Unsuccessful_Sites%3A_The_Common_Pitfalls?action=login HTTP/1.1" 200 6287 "http://weblog.cs.uiowa.edu/22c016f10/Unsuccessful_Sites:_The_Common_Pitfalls" "Mozilla/5.0 (Linux; U; Android 2.2; fr-fr; Desire_A8181 Build/FRF91) App3leWebKit/53.1 (KHTML, like Gecko) Version/4.0 Mobile Safari/533.1"
27.159.253.80 - - [22/Feb/2014:19:41:44 -0600] "GET /22c016f10/UserPreferences HTTP/1.1" 200 13046 "http://weblog.cs.uiowa.edu/22c016f10/Unsuccessful_Sites%3A_The_Common_Pitfalls?action=login" "Mozilla/5.0 (Linux; U; Android 2.2; fr-fr; Desire_A8181 Build/FRF91) App3leWebKit/53.1 (KHTML, like Gecko) Version/4.0 Mobile Safari/533.1"
27.159.253.80 - - [22/Feb/2014:19:41:45 -0600] "POST /22c016f10/UserPreferences HTTP/1.1" 200 13094 "http://weblog.cs.uiowa.edu/22c016f10/UserPreferences" "Mozilla/5.0 (Linux; U; Android 2.2; fr-fr; Desire_A8181 Build/FRF91) App3leWebKit/53.1 (KHTML, like Gecko) Version/4.0 Mobile Safari/533.1"
5.10.83.95 - - [22/Feb/2014:19:44:21 -0600] "GET /sss2009/tuesday_SSS09/Pages/45.html HTTP/1.1" 200 978 "-" "Mozilla/5.0 (compatible; AhrefsBot/5.0; +http://ahrefs.com/robot/)"
37.203.212.197 - - [22/Feb/2014:19:44:39 -0600] "GET /22c016f10/UserPreferences HTTP/1.0" 200 13046 "http://weblog.cs.uiowa.edu/" "Mozilla/5.0 (Linux; U; Android 2.2; fr-fr; Desire_A8181 Build/FRF91) App3leWebKit/53.1 (KHTML, like Gecko) Version/4.0 Mobile Safari/533.1"
37.203.212.197 - - [22/Feb/2014:19:44:44 -0600] "GET /22c016f10/UserPreferences?action=login HTTP/1.0" 200 9535 "http://weblog.cs.uiowa.edu/22c016f10/UserPreferences" "Mozilla/5.0 (Linux; U; Android 2.2; fr-fr; Desire_A8181 Build/FRF91) App3leWebKit/53.1 (KHTML, like Gecko) Version/4.0 Mobile Safari/533.1"
37.203.212.197 - - [22/Feb/2014:19:44:46 -0600] "POST /22c016f10/UserPreferences HTTP/1.0" 200 13147 "http://weblog.cs.uiowa.edu/22c016f10/UserPreferences?action=login" "Mozilla/5.0 (Linux; U; Android 2.2; fr-fr; Desire_A8181 Build/FRF91) App3leWebKit/53.1 (KHTML, like Gecko) Version/4.0 Mobile Safari/533.1"
110.85.101.81 - - [22/Feb/2014:19:46:05 -0600] "GET /22c016f10/Situations_When_You_Can_t_Reside_Without_Professional_Plumbing_In_Toronto HTTP/1.1" 404 8444 "http://weblog.cs.uiowa.edu/" "Mozilla/5.0 (Linux; U; Android 2.2; fr-fr; Desire_A8181 Build/FRF91) App3leWebKit/53.1 (KHTML, like Gecko) Version/4.0 Mobile Safari/533.1"
110.85.101.81 - - [22/Feb/2014:19:46:06 -0600] "GET /22c016f10/Situations_When_You_Can_t_Reside_Without_Professional_Plumbing_In_Toronto?action=login HTTP/1.1" 200 6449 "http://weblog.cs.uiowa.edu/22c016f10/Situations_When_You_Can_t_Reside_Without_Professional_Plumbing_In_Toronto" "Mozilla/5.0 (Linux; U; Android 2.2; fr-fr; Desire_A8181 Build/FRF91) App3leWebKit/53.1 (KHTML, like Gecko) Version/4.0 Mobile Safari/533.1"
110.85.101.81 - - [22/Feb/2014:19:46:07 -0600] "GET /22c016f10/UserPreferences HTTP/1.1" 200 13046 "http://weblog.cs.uiowa.edu/22c016f10/Situations_When_You_Can_t_Reside_Without_Professional_Plumbing_In_Toronto?action=login" "Mozilla/5.0 (Linux; U; Android 2.2; fr-fr; Desire_A8181 Build/FRF91) App3leWebKit/53.1 (KHTML, like Gecko) Version/4.0 Mobile Safari/533.1"
110.85.101.81 - - [22/Feb/2014:19:46:08 -0600] "POST /22c016f10/UserPreferences HTTP/1.1" 200 13094 "http://weblog.cs.uiowa.edu/22c016f10/UserPreferences" "Mozilla/5.0 (Linux; U; Android 2.2; fr-fr; Desire_A8181 Build/FRF91) App3leWebKit/53.1 (KHTML, like Gecko) Version/4.0 Mobile Safari/533.1"
62.210.131.157 - - [22/Feb/2014:19:46:41 -0600] "GET /22c016f10/Zero_Forms_Payday_cash_advances:_Instantaneous__Uncomplicated_Economic_Answers HTTP/1.1" 404 8530 "http://weblog.cs.uiowa.edu/" "Mozilla/5.0 (Linux; U; Android 2.2; fr-fr; Desire_A8181 Build/FRF91) App3leWebKit/53.1 (KHTML, like Gecko) Version/4.0 Mobile Safari/533.1"
62.210.131.157 - - [22/Feb/2014:19:46:42 -0600] "GET /22c016f10/Zero_Forms_Payday_cash_advances%3A_Instantaneous_Uncomplicated_Economic_Answers?action=login HTTP/1.1" 200 6477 "http://weblog.cs.uiowa.edu/22c016f10/Zero_Forms_Payday_cash_advances:_Instantaneous__Uncomplicated_Economic_Answers" "Mozilla/5.0 (Linux; U; Android 2.2; fr-fr; Desire_A8181 Build/FRF91) App3leWebKit/53.1 (KHTML, like Gecko) Version/4.0 Mobile Safari/533.1"
62.210.131.157 - - [22/Feb/2014:19:46:42 -0600] "GET /22c016f10/UserPreferences HTTP/1.1" 200 13046 "http://weblog.cs.uiowa.edu/22c016f10/Zero_Forms_Payday_cash_advances%3A_Instantaneous_Uncomplicated_Economic_Answers?action=login" "Mozilla/5.0 (Linux; U; Android 2.2; fr-fr; Desire_A8181 Build/FRF91) App3leWebKit/53.1 (KHTML, like Gecko) Version/4.0 Mobile Safari/533.1"
62.210.131.157 - - [22/Feb/2014:19:46:43 -0600] "POST /22c016f10/UserPreferences HTTP/1.1" 200 13094 "http://weblog.cs.uiowa.edu/22c016f10/UserPreferences" "Mozilla/5.0 (Linux; U; Android 2.2; fr-fr; Desire_A8181 Build/FRF91) App3leWebKit/53.1 (KHTML, like Gecko) Version/4.0 Mobile Safari/533.1"
157.55.34.179 - - [22/Feb/2014:19:47:20 -0600] "GET / HTTP/1.1" 200 2732 "-" "Mozilla/5.0 (compatible; bingbot/2.0; +http://www.bing.com/bingbot.htm)"
5.10.83.58 - - [22/Feb/2014:19:47:20 -0600] "GET /flashcards/set002.html HTTP/1.1" 200 10271 "-" "Mozilla/5.0 (compatible; AhrefsBot/5.0; +http://ahrefs.com/robot/)"
184.105.235.40 - - [22/Feb/2014:19:47:37 -0600] "GET /22c016f10/UserPreferences HTTP/1.1" 200 13046 "http://weblog.cs.uiowa.edu/" "Mozilla/5.0 (iPod; CPU iPhone OS 6_1_3 like Mac OS X) AppleWebKit/536.26 (KHTML, like Gecko) Version/6.0 Mobile/10B329 Safari/8536.25"
184.105.235.40 - - [22/Feb/2014:19:47:38 -0600] "GET /22c016f10/UserPreferences?action=login HTTP/1.1" 200 9535 "http://weblog.cs.uiowa.edu/22c016f10/UserPreferences" "Mozilla/5.0 (iPod; CPU iPhone OS 6_1_3 like Mac OS X) AppleWebKit/536.26 (KHTML, like Gecko) Version/6.0 Mobile/10B329 Safari/8536.25"
184.105.235.40 - - [22/Feb/2014:19:47:38 -0600] "POST /22c016f10/UserPreferences HTTP/1.1" 200 13145 "http://weblog.cs.uiowa.edu/22c016f10/UserPreferences?action=login" "Mozilla/5.0 (iPod; CPU iPhone OS 6_1_3 like Mac OS X) AppleWebKit/536.26 (KHTML, like Gecko) Version/6.0 Mobile/10B329 Safari/8536.25"
94.23.101.188 - - [22/Feb/2014:19:48:43 -0600] "GET /22C111f07/22c111/Welcome.html HTTP/1.1" 200 12700 "http://nest.cs.uiowa.edu/" "Mozilla/5.0 (iPod; CPU iPhone OS 6_1_3 like Mac OS X) AppleWebKit/536.26 (KHTML, like Gecko) Version/6.0 Mobile/10B329 Safari/8536.25"
94.23.101.188 - - [22/Feb/2014:19:48:43 -0600] "GET /22c111/Welcome?action=login HTTP/1.1" 404 212 "http://nest.cs.uiowa.edu/22C111f07/22c111/Welcome.html" "Mozilla/5.0 (iPod; CPU iPhone OS 6_1_3 like Mac OS X) AppleWebKit/536.26 (KHTML, like Gecko) Version/6.0 Mobile/10B329 Safari/8536.25"
94.23.101.188 - - [22/Feb/2014:19:48:44 -0600] "GET /22c111/Welcome?action=newaccount HTTP/1.1" 404 212 "http://weblog.cs.uiowa.edu/22c111/Welcome?action=login" "Mozilla/5.0 (iPod; CPU iPhone OS 6_1_3 like Mac OS X) AppleWebKit/536.26 (KHTML, like Gecko) Version/6.0 Mobile/10B329 Safari/8536.25"
66.249.73.104 - - [22/Feb/2014:19:50:30 -0600] "GET /sss2009/invited.html HTTP/1.1" 200 3787 "-" "Mozilla/5.0 (compatible; Googlebot/2.1; +http://www.google.com/bot.html)"
157.55.35.101 - - [22/Feb/2014:19:50:32 -0600] "GET /robots.txt HTTP/1.1" 200 26 "-" "Mozilla/5.0 (compatible; bingbot/2.0; +http://www.bing.com/bingbot.htm)"
91.207.7.13 - - [22/Feb/2014:19:51:48 -0600] "GET /22c016f10/UserPreferences HTTP/1.1" 200 13046 "http://weblog.cs.uiowa.edu/" "Mozilla/5.0 (iPod; CPU iPhone OS 6_1_3 like Mac OS X) AppleWebKit/536.26 (KHTML, like Gecko) Version/6.0 Mobile/10B329 Safari/8536.25"
91.207.7.13 - - [22/Feb/2014:19:51:49 -0600] "GET /22c016f10/UserPreferences?action=login HTTP/1.1" 200 9535 "http://weblog.cs.uiowa.edu/22c016f10/UserPreferences" "Mozilla/5.0 (iPod; CPU iPhone OS 6_1_3 like Mac OS X) AppleWebKit/536.26 (KHTML, like Gecko) Version/6.0 Mobile/10B329 Safari/8536.25"
91.207.7.13 - - [22/Feb/2014:19:51:50 -0600] "POST /22c016f10/UserPreferences HTTP/1.1" 200 13147 "http://weblog.cs.uiowa.edu/22c016f10/UserPreferences?action=login" "Mozilla/5.0 (iPod; CPU iPhone OS 6_1_3 like Mac OS X) AppleWebKit/536.26 (KHTML, like Gecko) Version/6.0 Mobile/10B329 Safari/8536.25"
172.245.214.203 - - [22/Feb/2014:19:51:59 -0600] "GET /22c016f10/The_Top_Rated_Consignment_Outlets_And_Thrift_Retailers_In_Chapel_Hill__North_Carolina HTTP/1.0" 404 8609 "http://weblog.cs.uiowa.edu/" "Mozilla/5.0 (Linux; U; Android 2.2; fr-fr; Desire_A8181 Build/FRF91) App3leWebKit/53.1 (KHTML, like Gecko) Version/4.0 Mobile Safari/533.1"
172.245.214.203 - - [22/Feb/2014:19:52:00 -0600] "GET /22c016f10/The_Top_Rated_Consignment_Outlets_And_Thrift_Retailers_In_Chapel_Hill_North_Carolina?action=login HTTP/1.0" 200 6504 "http://weblog.cs.uiowa.edu/22c016f10/The_Top_Rated_Consignment_Outlets_And_Thrift_Retailers_In_Chapel_Hill__North_Carolina" "Mozilla/5.0 (Linux; U; Android 2.2; fr-fr; Desire_A8181 Build/FRF91) App3leWebKit/53.1 (KHTML, like Gecko) Version/4.0 Mobile Safari/533.1"
172.245.214.203 - - [22/Feb/2014:19:52:01 -0600] "GET /22c016f10/UserPreferences HTTP/1.0" 200 13046 "http://weblog.cs.uiowa.edu/22c016f10/The_Top_Rated_Consignment_Outlets_And_Thrift_Retailers_In_Chapel_Hill_North_Carolina?action=login" "Mozilla/5.0 (Linux; U; Android 2.2; fr-fr; Desire_A8181 Build/FRF91) App3leWebKit/53.1 (KHTML, like Gecko) Version/4.0 Mobile Safari/533.1"
172.245.214.203 - - [22/Feb/2014:19:52:02 -0600] "POST /22c016f10/UserPreferences HTTP/1.0" 200 13094 "http://weblog.cs.uiowa.edu/22c016f10/UserPreferences" "Mozilla/5.0 (Linux; U; Android 2.2; fr-fr; Desire_A8181 Build/FRF91) App3leWebKit/53.1 (KHTML, like Gecko) Version/4.0 Mobile Safari/533.1"
172.245.214.203 - - [22/Feb/2014:19:52:26 -0600] "GET /22c016f10/The_Top_Rated_Consignment_Outlets_And_Thrift_Retailers_In_Chapel_Hill__North_Carolina HTTP/1.0" 404 8609 "http://weblog.cs.uiowa.edu/" "Mozilla/5.0 (Linux; U; Android 2.2; fr-fr; Desire_A8181 Build/FRF91) App3leWebKit/53.1 (KHTML, like Gecko) Version/4.0 Mobile Safari/533.1"
172.245.214.203 - - [22/Feb/2014:19:52:27 -0600] "GET /22c016f10/The_Top_Rated_Consignment_Outlets_And_Thrift_Retailers_In_Chapel_Hill_North_Carolina?action=login HTTP/1.0" 200 6504 "http://weblog.cs.uiowa.edu/22c016f10/The_Top_Rated_Consignment_Outlets_And_Thrift_Retailers_In_Chapel_Hill__North_Carolina" "Mozilla/5.0 (Linux; U; Android 2.2; fr-fr; Desire_A8181 Build/FRF91) App3leWebKit/53.1 (KHTML, like Gecko) Version/4.0 Mobile Safari/533.1"
172.245.214.203 - - [22/Feb/2014:19:52:28 -0600] "GET /22c016f10/UserPreferences HTTP/1.0" 200 13046 "http://weblog.cs.uiowa.edu/22c016f10/The_Top_Rated_Consignment_Outlets_And_Thrift_Retailers_In_Chapel_Hill_North_Carolina?action=login" "Mozilla/5.0 (Linux; U; Android 2.2; fr-fr; Desire_A8181 Build/FRF91) App3leWebKit/53.1 (KHTML, like Gecko) Version/4.0 Mobile Safari/533.1"
172.245.214.203 - - [22/Feb/2014:19:52:29 -0600] "POST /22c016f10/UserPreferences HTTP/1.0" 200 13094 "http://weblog.cs.uiowa.edu/22c016f10/UserPreferences" "Mozilla/5.0 (Linux; U; Android 2.2; fr-fr; Desire_A8181 Build/FRF91) App3leWebKit/53.1 (KHTML, like Gecko) Version/4.0 Mobile Safari/533.1"
66.249.73.104 - - [22/Feb/2014:19:56:45 -0600] "GET /sss2009/tuesday_SSS09/Pages/11.html HTTP/1.1" 304 - "-" "Mozilla/5.0 (iPhone; CPU iPhone OS 6_0 like Mac OS X) AppleWebKit/536.26 (KHTML, like Gecko) Version/6.0 Mobile/10A5376e Safari/8536.25 (compatible; Googlebot/2.1; +http://www.google.com/bot.html)"
176.31.89.80 - - [22/Feb/2014:19:57:21 -0600] "GET /22c016f10/UserPreferences HTTP/1.0" 200 13046 "http://weblog.cs.uiowa.edu/" "Mozilla/5.0 (Linux; U; Android 2.2; fr-fr; Desire_A8181 Build/FRF91) App3leWebKit/53.1 (KHTML, like Gecko) Version/4.0 Mobile Safari/533.1"
176.31.89.80 - - [22/Feb/2014:19:57:23 -0600] "GET /22c016f10/UserPreferences?action=login HTTP/1.0" 200 9535 "http://weblog.cs.uiowa.edu/22c016f10/UserPreferences" "Mozilla/5.0 (Linux; U; Android 2.2; fr-fr; Desire_A8181 Build/FRF91) App3leWebKit/53.1 (KHTML, like Gecko) Version/4.0 Mobile Safari/533.1"
176.31.89.80 - - [22/Feb/2014:19:57:24 -0600] "GET /22c016f10/UserPreferences HTTP/1.0" 200 13046 "http://weblog.cs.uiowa.edu/22c016f10/UserPreferences?action=login" "Mozilla/5.0 (Linux; U; Android 2.2; fr-fr; Desire_A8181 Build/FRF91) App3leWebKit/53.1 (KHTML, like Gecko) Version/4.0 Mobile Safari/533.1"
50.3.117.107 - - [22/Feb/2014:19:57:27 -0600] "GET /22c016f10/Simple_nikon_coolpix_Methods HTTP/1.0" 404 7769 "http://weblog.cs.uiowa.edu/" "Mozilla/5.0 (iPod; CPU iPhone OS 6_1_3 like Mac OS X) AppleWebKit/536.26 (KHTML, like Gecko) Version/6.0 Mobile/10B329 Safari/8536.25"
176.31.89.80 - - [22/Feb/2014:19:57:27 -0600] "POST /22c016f10/UserPreferences HTTP/1.0" 200 13094 "http://weblog.cs.uiowa.edu/22c016f10/UserPreferences" "Mozilla/5.0 (Linux; U; Android 2.2; fr-fr; Desire_A8181 Build/FRF91) App3leWebKit/53.1 (KHTML, like Gecko) Version/4.0 Mobile Safari/533.1"
50.3.117.107 - - [22/Feb/2014:19:57:31 -0600] "GET /22c016f10/Simple_nikon_coolpix_Methods?action=login HTTP/1.0" 200 6224 "http://weblog.cs.uiowa.edu/22c016f10/Simple_nikon_coolpix_Methods" "Mozilla/5.0 (iPod; CPU iPhone OS 6_1_3 like Mac OS X) AppleWebKit/536.26 (KHTML, like Gecko) Version/6.0 Mobile/10B329 Safari/8536.25"
50.3.117.107 - - [22/Feb/2014:19:57:47 -0600] "POST /22c016f10/Simple_nikon_coolpix_Methods HTTP/1.0" 404 8010 "http://weblog.cs.uiowa.edu/22c016f10/Simple_nikon_coolpix_Methods?action=login" "Mozilla/5.0 (iPod; CPU iPhone OS 6_1_3 like Mac OS X) AppleWebKit/536.26 (KHTML, like Gecko) Version/6.0 Mobile/10B329 Safari/8536.25"
5.10.83.95 - - [22/Feb/2014:20:00:07 -0600] "GET /sss2007/pmwiki.php/Main/ConferenceOrganization.html HTTP/1.1" 200 13840 "-" "Mozilla/5.0 (compatible; AhrefsBot/5.0; +http://ahrefs.com/robot/)"
192.236.132.194 - - [22/Feb/2014:20:01:04 -0600] "GET /22c016f10/Gabriella_Psychic_Gets_Most HTTP/1.1" 404 7754 "http://weblog.cs.uiowa.edu/" "Mozilla/5.0 (Linux; U; Android 2.2; fr-fr; Desire_A8181 Build/FRF91) App3leWebKit/53.1 (KHTML, like Gecko) Version/4.0 Mobile Safari/533.1"
172.245.214.131 - - [22/Feb/2014:20:01:04 -0600] "GET /22c016f10/Gabriella_Psychic_Gets_Most?action=login HTTP/1.0" 200 6219 "http://weblog.cs.uiowa.edu/22c016f10/Gabriella_Psychic_Gets_Most" "Mozilla/5.0 (Linux; U; Android 2.2; fr-fr; Desire_A8181 Build/FRF91) App3leWebKit/53.1 (KHTML, like Gecko) Version/4.0 Mobile Safari/533.1"
172.245.214.131 - - [22/Feb/2014:20:01:05 -0600] "GET /22c016f10/UserPreferences HTTP/1.0" 200 13046 "http://weblog.cs.uiowa.edu/22c016f10/Gabriella_Psychic_Gets_Most?action=login" "Mozilla/5.0 (Linux; U; Android 2.2; fr-fr; Desire_A8181 Build/FRF91) App3leWebKit/53.1 (KHTML, like Gecko) Version/4.0 Mobile Safari/533.1"
172.245.214.131 - - [22/Feb/2014:20:01:06 -0600] "POST /22c016f10/UserPreferences HTTP/1.0" 200 13094 "http://weblog.cs.uiowa.edu/22c016f10/UserPreferences" "Mozilla/5.0 (Linux; U; Android 2.2; fr-fr; Desire_A8181 Build/FRF91) App3leWebKit/53.1 (KHTML, like Gecko) Version/4.0 Mobile Safari/533.1"
5.10.83.29 - - [22/Feb/2014:20:02:48 -0600] "GET /flashcards/set025.html HTTP/1.1" 200 17725 "-" "Mozilla/5.0 (compatible; AhrefsBot/5.0; +http://ahrefs.com/robot/)"
203.171.233.91 - - [22/Feb/2014:20:07:20 -0600] "GET / HTTP/1.0" 200 2534 "-" "-"
203.171.233.91 - - [22/Feb/2014:20:07:24 -0600] "GET / HTTP/1.0" 200 2534 "-" "-"
31.6.71.235 - - [22/Feb/2014:20:12:47 -0600] "GET /22c016f10/Zero_Forms_Payday_cash_advances:_Instantaneous__Uncomplicated_Economic_Answers HTTP/1.1" 404 8530 "http://weblog.cs.uiowa.edu/" "Mozilla/5.0 (iPod; CPU iPhone OS 6_1_3 like Mac OS X) AppleWebKit/536.26 (KHTML, like Gecko) Version/6.0 Mobile/10B329 Safari/8536.25"
74.221.222.209 - - [22/Feb/2014:20:14:29 -0600] "GET /22c016f10/Zero_Forms_Payday_cash_advances:_Instantaneous__Uncomplicated_Economic_Answers HTTP/1.0" 404 8530 "http://weblog.cs.uiowa.edu/" "Mozilla/5.0 (iPod; CPU iPhone OS 6_1_3 like Mac OS X) AppleWebKit/536.26 (KHTML, like Gecko) Version/6.0 Mobile/10B329 Safari/8536.25"
74.221.222.209 - - [22/Feb/2014:20:14:31 -0600] "GET /22c016f10/Zero_Forms_Payday_cash_advances%3A_Instantaneous_Uncomplicated_Economic_Answers?action=login HTTP/1.0" 200 6477 "http://weblog.cs.uiowa.edu/22c016f10/Zero_Forms_Payday_cash_advances:_Instantaneous__Uncomplicated_Economic_Answers" "Mozilla/5.0 (iPod; CPU iPhone OS 6_1_3 like Mac OS X) AppleWebKit/536.26 (KHTML, like Gecko) Version/6.0 Mobile/10B329 Safari/8536.25"
74.221.222.209 - - [22/Feb/2014:20:14:32 -0600] "GET /22c016f10/UserPreferences HTTP/1.0" 200 13046 "http://weblog.cs.uiowa.edu/22c016f10/Zero_Forms_Payday_cash_advances%3A_Instantaneous_Uncomplicated_Economic_Answers?action=login" "Mozilla/5.0 (iPod; CPU iPhone OS 6_1_3 like Mac OS X) AppleWebKit/536.26 (KHTML, like Gecko) Version/6.0 Mobile/10B329 Safari/8536.25"
74.221.222.209 - - [22/Feb/2014:20:14:34 -0600] "POST /22c016f10/UserPreferences HTTP/1.0" 200 13094 "http://weblog.cs.uiowa.edu/22c016f10/UserPreferences" "Mozilla/5.0 (iPod; CPU iPhone OS 6_1_3 like Mac OS X) AppleWebKit/536.26 (KHTML, like Gecko) Version/6.0 Mobile/10B329 Safari/8536.25"
208.115.113.83 - - [22/Feb/2014:20:22:45 -0600] "GET /robots.txt HTTP/1.1" 404 208 "-" "Mozilla/5.0 (compatible; Ezooms/1.0; help@moz.com)"
208.115.113.83 - - [22/Feb/2014:20:22:45 -0600] "GET /robots.txt HTTP/1.1" 404 208 "-" "Mozilla/5.0 (compatible; Ezooms/1.0; help@moz.com)"
120.37.238.137 - - [22/Feb/2014:20:24:08 -0600] "GET /22c016f10/UserPreferences HTTP/1.1" 200 13046 "http://weblog.cs.uiowa.edu/" "Mozilla/5.0 (Linux; U; Android 2.2; fr-fr; Desire_A8181 Build/FRF91) App3leWebKit/53.1 (KHTML, like Gecko) Version/4.0 Mobile Safari/533.1"
120.37.238.137 - - [22/Feb/2014:20:24:10 -0600] "GET /22c016f10/UserPreferences?action=login HTTP/1.1" 200 9535 "http://weblog.cs.uiowa.edu/22c016f10/UserPreferences" "Mozilla/5.0 (Linux; U; Android 2.2; fr-fr; Desire_A8181 Build/FRF91) App3leWebKit/53.1 (KHTML, like Gecko) Version/4.0 Mobile Safari/533.1"
120.37.238.137 - - [22/Feb/2014:20:24:11 -0600] "POST /22c016f10/UserPreferences HTTP/1.1" 200 13147 "http://weblog.cs.uiowa.edu/22c016f10/UserPreferences?action=login" "Mozilla/5.0 (Linux; U; Android 2.2; fr-fr; Desire_A8181 Build/FRF91) App3leWebKit/53.1 (KHTML, like Gecko) Version/4.0 Mobile Safari/533.1"
66.249.73.104 - - [22/Feb/2014:20:25:06 -0600] "GET /sss2011/venue.html HTTP/1.1" 304 - "-" "Mozilla/5.0 (iPhone; CPU iPhone OS 6_0 like Mac OS X) AppleWebKit/536.26 (KHTML, like Gecko) Version/6.0 Mobile/10A5376e Safari/8536.25 (compatible; Googlebot/2.1; +http://www.google.com/bot.html)"
198.50.235.33 - - [22/Feb/2014:20:32:29 -0600] "GET /22c016f10/UserPreferences HTTP/1.1" 200 13046 "http://weblog.cs.uiowa.edu/" "Mozilla/5.0 (iPod; CPU iPhone OS 6_1_3 like Mac OS X) AppleWebKit/536.26 (KHTML, like Gecko) Version/6.0 Mobile/10B329 Safari/8536.25"
198.50.235.33 - - [22/Feb/2014:20:32:29 -0600] "GET /22c016f10/UserPreferences?action=login HTTP/1.1" 200 9535 "http://weblog.cs.uiowa.edu/22c016f10/UserPreferences" "Mozilla/5.0 (iPod; CPU iPhone OS 6_1_3 like Mac OS X) AppleWebKit/536.26 (KHTML, like Gecko) Version/6.0 Mobile/10B329 Safari/8536.25"
198.50.235.33 - - [22/Feb/2014:20:32:30 -0600] "POST /22c016f10/UserPreferences HTTP/1.1" 200 13147 "http://weblog.cs.uiowa.edu/22c016f10/UserPreferences?action=login" "Mozilla/5.0 (iPod; CPU iPhone OS 6_1_3 like Mac OS X) AppleWebKit/536.26 (KHTML, like Gecko) Version/6.0 Mobile/10B329 Safari/8536.25"
202.46.52.29 - - [22/Feb/2014:20:37:24 -0600] "GET / HTTP/1.0" 200 2534 "-" "Mozilla/5.0 (Windows NT 6.1) AppleWebKit/535.19 (KHTML, like Gecko) Chrome/18.0.1025.162 Safari/535.19"
27.159.206.141 - - [22/Feb/2014:20:40:41 -0600] "GET /22c016f10/UserPreferences HTTP/1.1" 200 13046 "http://weblog.cs.uiowa.edu/" "Mozilla/5.0 (Linux; U; Android 2.2; fr-fr; Desire_A8181 Build/FRF91) App3leWebKit/53.1 (KHTML, like Gecko) Version/4.0 Mobile Safari/533.1"
27.159.206.141 - - [22/Feb/2014:20:40:42 -0600] "GET /22c016f10/UserPreferences?action=login HTTP/1.1" 200 9535 "http://weblog.cs.uiowa.edu/22c016f10/UserPreferences" "Mozilla/5.0 (Linux; U; Android 2.2; fr-fr; Desire_A8181 Build/FRF91) App3leWebKit/53.1 (KHTML, like Gecko) Version/4.0 Mobile Safari/533.1"
27.159.206.141 - - [22/Feb/2014:20:40:43 -0600] "POST /22c016f10/UserPreferences HTTP/1.1" 200 13147 "http://weblog.cs.uiowa.edu/22c016f10/UserPreferences?action=login" "Mozilla/5.0 (Linux; U; Android 2.2; fr-fr; Desire_A8181 Build/FRF91) App3leWebKit/53.1 (KHTML, like Gecko) Version/4.0 Mobile Safari/533.1"
5.39.1.98 - - [22/Feb/2014:20:41:41 -0600] "GET /22c016f10/UserPreferences HTTP/1.0" 200 13046 "http://weblog.cs.uiowa.edu/" "Mozilla/5.0 (Linux; U; Android 2.2; fr-fr; Desire_A8181 Build/FRF91) App3leWebKit/53.1 (KHTML, like Gecko) Version/4.0 Mobile Safari/533.1"
5.39.1.98 - - [22/Feb/2014:20:41:43 -0600] "GET /22c016f10/UserPreferences?action=login HTTP/1.0" 200 9535 "http://weblog.cs.uiowa.edu/22c016f10/UserPreferences" "Mozilla/5.0 (Linux; U; Android 2.2; fr-fr; Desire_A8181 Build/FRF91) App3leWebKit/53.1 (KHTML, like Gecko) Version/4.0 Mobile Safari/533.1"
5.39.1.98 - - [22/Feb/2014:20:41:44 -0600] "POST /22c016f10/UserPreferences HTTP/1.0" 200 13147 "http://weblog.cs.uiowa.edu/22c016f10/UserPreferences?action=login" "Mozilla/5.0 (Linux; U; Android 2.2; fr-fr; Desire_A8181 Build/FRF91) App3leWebKit/53.1 (KHTML, like Gecko) Version/4.0 Mobile Safari/533.1"
184.105.235.40 - - [22/Feb/2014:20:41:47 -0600] "GET /22c016f10/Payday_Loans_United_Kingdom HTTP/1.1" 404 7754 "http://weblog.cs.uiowa.edu/" "Mozilla/5.0 (iPod; CPU iPhone OS 6_1_3 like Mac OS X) AppleWebKit/536.26 (KHTML, like Gecko) Version/6.0 Mobile/10B329 Safari/8536.25"
184.105.235.40 - - [22/Feb/2014:20:41:47 -0600] "GET /22c016f10/Payday_Loans_United_Kingdom?action=login HTTP/1.1" 200 6219 "http://weblog.cs.uiowa.edu/22c016f10/Payday_Loans_United_Kingdom" "Mozilla/5.0 (iPod; CPU iPhone OS 6_1_3 like Mac OS X) AppleWebKit/536.26 (KHTML, like Gecko) Version/6.0 Mobile/10B329 Safari/8536.25"
184.105.235.40 - - [22/Feb/2014:20:41:47 -0600] "GET /22c016f10/UserPreferences HTTP/1.1" 200 13046 "http://weblog.cs.uiowa.edu/22c016f10/Payday_Loans_United_Kingdom?action=login" "Mozilla/5.0 (iPod; CPU iPhone OS 6_1_3 like Mac OS X) AppleWebKit/536.26 (KHTML, like Gecko) Version/6.0 Mobile/10B329 Safari/8536.25"
184.105.235.40 - - [22/Feb/2014:20:41:48 -0600] "POST /22c016f10/UserPreferences HTTP/1.1" 200 13094 "http://weblog.cs.uiowa.edu/22c016f10/UserPreferences" "Mozilla/5.0 (iPod; CPU iPhone OS 6_1_3 like Mac OS X) AppleWebKit/536.26 (KHTML, like Gecko) Version/6.0 Mobile/10B329 Safari/8536.25"
173.25.194.244 - - [22/Feb/2014:20:42:42 -0600] "GET / HTTP/1.1" 200 2998 "http://www.google.com/url?sa=t&rct=j&q=&esrc=s&source=web&cd=11&cad=rja&ved=0CCMQFjAAOAo&url=http%3A%2F%2Fwww.selfstabilization.org%2F&ei=xWAJU6wgppzJAY7zgdAN&usg=AFQjCNFhTquXtOH0rPwpGk5s3OatK5xPGA&bvm=bv.61725948,d.aWc" "Mozilla/5.0 (Macintosh; Intel Mac OS X 10.9; rv:27.0) Gecko/20100101 Firefox/27.0"
173.25.194.244 - - [22/Feb/2014:20:42:42 -0600] "GET /favicon.ico HTTP/1.1" 200 904 "-" "Mozilla/5.0 (Macintosh; Intel Mac OS X 10.9; rv:27.0) Gecko/20100101 Firefox/27.0"
94.23.101.188 - - [22/Feb/2014:20:44:03 -0600] "GET /22C111f07/22c111/Welcome.html HTTP/1.1" 200 12700 "http://nest.cs.uiowa.edu/" "Mozilla/5.0 (iPod; CPU iPhone OS 6_1_3 like Mac OS X) AppleWebKit/536.26 (KHTML, like Gecko) Version/6.0 Mobile/10B329 Safari/8536.25"
94.23.101.188 - - [22/Feb/2014:20:44:03 -0600] "GET /22c111/Welcome?action=login HTTP/1.1" 404 212 "http://nest.cs.uiowa.edu/22C111f07/22c111/Welcome.html" "Mozilla/5.0 (iPod; CPU iPhone OS 6_1_3 like Mac OS X) AppleWebKit/536.26 (KHTML, like Gecko) Version/6.0 Mobile/10B329 Safari/8536.25"
94.23.101.188 - - [22/Feb/2014:20:44:03 -0600] "GET /22c111/Welcome?action=newaccount HTTP/1.1" 404 212 "http://weblog.cs.uiowa.edu/22c111/Welcome?action=login" "Mozilla/5.0 (iPod; CPU iPhone OS 6_1_3 like Mac OS X) AppleWebKit/536.26 (KHTML, like Gecko) Version/6.0 Mobile/10B329 Safari/8536.25"
95.108.158.237 - - [22/Feb/2014:20:44:54 -0600] "GET /sss2009/tuesday_SSS09/Images/24.jpg HTTP/1.1" 304 - "-" "Mozilla/5.0 (compatible; YandexImages/3.0; +http://yandex.com/bots)"
27.159.213.77 - - [22/Feb/2014:20:46:18 -0600] "GET /22c016f10/Breast_Augmentation_Surgery_And_Its_Ins_And_Outs HTTP/1.1" 404 8069 "http://weblog.cs.uiowa.edu/" "Mozilla/5.0 (Linux; U; Android 2.2; fr-fr; Desire_A8181 Build/FRF91) App3leWebKit/53.1 (KHTML, like Gecko) Version/4.0 Mobile Safari/533.1"
27.159.213.77 - - [22/Feb/2014:20:46:19 -0600] "GET /22c016f10/Breast_Augmentation_Surgery_And_Its_Ins_And_Outs?action=login HTTP/1.1" 200 6324 "http://weblog.cs.uiowa.edu/22c016f10/Breast_Augmentation_Surgery_And_Its_Ins_And_Outs" "Mozilla/5.0 (Linux; U; Android 2.2; fr-fr; Desire_A8181 Build/FRF91) App3leWebKit/53.1 (KHTML, like Gecko) Version/4.0 Mobile Safari/533.1"
27.159.213.77 - - [22/Feb/2014:20:46:20 -0600] "GET /22c016f10/UserPreferences HTTP/1.1" 200 13046 "http://weblog.cs.uiowa.edu/22c016f10/Breast_Augmentation_Surgery_And_Its_Ins_And_Outs?action=login" "Mozilla/5.0 (Linux; U; Android 2.2; fr-fr; Desire_A8181 Build/FRF91) App3leWebKit/53.1 (KHTML, like Gecko) Version/4.0 Mobile Safari/533.1"
27.159.213.77 - - [22/Feb/2014:20:46:21 -0600] "POST /22c016f10/UserPreferences HTTP/1.1" 200 13094 "http://weblog.cs.uiowa.edu/22c016f10/UserPreferences" "Mozilla/5.0 (Linux; U; Android 2.2; fr-fr; Desire_A8181 Build/FRF91) App3leWebKit/53.1 (KHTML, like Gecko) Version/4.0 Mobile Safari/533.1"
208.115.111.74 - - [22/Feb/2014:20:46:47 -0600] "GET /book/mutateex6 HTTP/1.1" 200 5664 "-" "Mozilla/5.0 (compatible; Ezooms/1.0; help@moz.com)"
208.115.111.74 - - [22/Feb/2014:20:47:16 -0600] "GET /flashcards/set011.html HTTP/1.1" 200 34724 "-" "Mozilla/5.0 (compatible; Ezooms/1.0; help@moz.com)"
66.249.73.104 - - [22/Feb/2014:20:47:28 -0600] "GET /sss2008/cfp.html HTTP/1.1" 200 29712 "-" "Mozilla/5.0 (compatible; Googlebot/2.1; +http://www.google.com/bot.html)"
94.23.101.188 - - [22/Feb/2014:20:48:56 -0600] "GET /22C111f07/22c111/Welcome.html HTTP/1.1" 200 12700 "http://nest.cs.uiowa.edu/" "Mozilla/5.0 (iPod; CPU iPhone OS 6_1_3 like Mac OS X) AppleWebKit/536.26 (KHTML, like Gecko) Version/6.0 Mobile/10B329 Safari/8536.25"
94.23.101.188 - - [22/Feb/2014:20:48:57 -0600] "GET /22c111/Welcome?action=login HTTP/1.1" 404 212 "http://nest.cs.uiowa.edu/22C111f07/22c111/Welcome.html" "Mozilla/5.0 (iPod; CPU iPhone OS 6_1_3 like Mac OS X) AppleWebKit/536.26 (KHTML, like Gecko) Version/6.0 Mobile/10B329 Safari/8536.25"
94.23.101.188 - - [22/Feb/2014:20:48:57 -0600] "GET /22c111/Welcome?action=newaccount HTTP/1.1" 404 212 "http://weblog.cs.uiowa.edu/22c111/Welcome?action=login" "Mozilla/5.0 (iPod; CPU iPhone OS 6_1_3 like Mac OS X) AppleWebKit/536.26 (KHTML, like Gecko) Version/6.0 Mobile/10B329 Safari/8536.25"
173.25.194.244 - - [22/Feb/2014:20:50:23 -0600] "GET /favicon.ico HTTP/1.1" 200 904 "-" "Mozilla/5.0 (Macintosh; Intel Mac OS X 10.9; rv:27.0) Gecko/20100101 Firefox/27.0"
27.159.253.80 - - [22/Feb/2014:20:52:50 -0600] "GET /22c016f10/Breast_Augmentation_Surgery_And_Its_Ins_And_Outs HTTP/1.1" 404 8069 "http://weblog.cs.uiowa.edu/" "Mozilla/5.0 (Linux; U; Android 2.2; fr-fr; Desire_A8181 Build/FRF91) App3leWebKit/53.1 (KHTML, like Gecko) Version/4.0 Mobile Safari/533.1"
27.159.253.80 - - [22/Feb/2014:20:52:51 -0600] "GET /22c016f10/Breast_Augmentation_Surgery_And_Its_Ins_And_Outs?action=login HTTP/1.1" 200 6324 "http://weblog.cs.uiowa.edu/22c016f10/Breast_Augmentation_Surgery_And_Its_Ins_And_Outs" "Mozilla/5.0 (Linux; U; Android 2.2; fr-fr; Desire_A8181 Build/FRF91) App3leWebKit/53.1 (KHTML, like Gecko) Version/4.0 Mobile Safari/533.1"
27.159.253.80 - - [22/Feb/2014:20:52:52 -0600] "GET /22c016f10/UserPreferences HTTP/1.1" 200 13046 "http://weblog.cs.uiowa.edu/22c016f10/Breast_Augmentation_Surgery_And_Its_Ins_And_Outs?action=login" "Mozilla/5.0 (Linux; U; Android 2.2; fr-fr; Desire_A8181 Build/FRF91) App3leWebKit/53.1 (KHTML, like Gecko) Version/4.0 Mobile Safari/533.1"
27.159.253.80 - - [22/Feb/2014:20:52:53 -0600] "POST /22c016f10/UserPreferences HTTP/1.1" 200 13094 "http://weblog.cs.uiowa.edu/22c016f10/UserPreferences" "Mozilla/5.0 (Linux; U; Android 2.2; fr-fr; Desire_A8181 Build/FRF91) App3leWebKit/53.1 (KHTML, like Gecko) Version/4.0 Mobile Safari/533.1"
27.159.207.153 - - [22/Feb/2014:20:53:26 -0600] "GET /22c016f10/UserPreferences HTTP/1.1" 200 13046 "http://weblog.cs.uiowa.edu/" "Mozilla/5.0 (Linux; U; Android 2.2; fr-fr; Desire_A8181 Build/FRF91) App3leWebKit/53.1 (KHTML, like Gecko) Version/4.0 Mobile Safari/533.1"
66.249.73.104 - - [22/Feb/2014:20:53:27 -0600] "GET /sss2012/call.html HTTP/1.1" 200 9319 "-" "Mozilla/5.0 (iPhone; CPU iPhone OS 6_0 like Mac OS X) AppleWebKit/536.26 (KHTML, like Gecko) Version/6.0 Mobile/10A5376e Safari/8536.25 (compatible; Googlebot/2.1; +http://www.google.com/bot.html)"
27.159.207.153 - - [22/Feb/2014:20:53:28 -0600] "GET /22c016f10/UserPreferences?action=login HTTP/1.1" 200 9535 "http://weblog.cs.uiowa.edu/22c016f10/UserPreferences" "Mozilla/5.0 (Linux; U; Android 2.2; fr-fr; Desire_A8181 Build/FRF91) App3leWebKit/53.1 (KHTML, like Gecko) Version/4.0 Mobile Safari/533.1"
27.159.207.153 - - [22/Feb/2014:20:53:29 -0600] "POST /22c016f10/UserPreferences HTTP/1.1" 200 13147 "http://weblog.cs.uiowa.edu/22c016f10/UserPreferences?action=login" "Mozilla/5.0 (Linux; U; Android 2.2; fr-fr; Desire_A8181 Build/FRF91) App3leWebKit/53.1 (KHTML, like Gecko) Version/4.0 Mobile Safari/533.1"
199.200.120.136 - - [22/Feb/2014:20:54:21 -0600] "GET /22c016f10/UserPreferences HTTP/1.0" 200 13046 "http://weblog.cs.uiowa.edu/" "Mozilla/5.0 (iPod; CPU iPhone OS 6_1_3 like Mac OS X) AppleWebKit/536.26 (KHTML, like Gecko) Version/6.0 Mobile/10B329 Safari/8536.25"
199.200.120.136 - - [22/Feb/2014:20:54:22 -0600] "GET /22c016f10/UserPreferences?action=login HTTP/1.0" 200 9535 "http://weblog.cs.uiowa.edu/22c016f10/UserPreferences" "Mozilla/5.0 (iPod; CPU iPhone OS 6_1_3 like Mac OS X) AppleWebKit/536.26 (KHTML, like Gecko) Version/6.0 Mobile/10B329 Safari/8536.25"
199.200.120.136 - - [22/Feb/2014:20:54:22 -0600] "POST /22c016f10/UserPreferences HTTP/1.0" 200 13145 "http://weblog.cs.uiowa.edu/22c016f10/UserPreferences?action=login" "Mozilla/5.0 (iPod; CPU iPhone OS 6_1_3 like Mac OS X) AppleWebKit/536.26 (KHTML, like Gecko) Version/6.0 Mobile/10B329 Safari/8536.25"
68.180.224.226 - - [22/Feb/2014:20:56:02 -0600] "GET /robots.txt HTTP/1.1" 404 208 "-" "Mozilla/5.0 (compatible; Yahoo! Slurp; http://help.yahoo.com/help/us/ysearch/slurp)"
68.180.224.226 - - [22/Feb/2014:20:56:02 -0600] "GET /wss2001/ HTTP/1.1" 200 10646 "-" "Mozilla/5.0 (compatible; Yahoo! Slurp; http://help.yahoo.com/help/us/ysearch/slurp)"
68.180.224.226 - - [22/Feb/2014:20:57:02 -0600] "GET /wss2001/program.htm HTTP/1.1" 200 26400 "-" "Mozilla/5.0 (compatible; Yahoo! Slurp; http://help.yahoo.com/help/us/ysearch/slurp)"
68.180.224.226 - - [22/Feb/2014:20:57:17 -0600] "GET /sss2003/ HTTP/1.1" 200 675 "-" "Mozilla/5.0 (compatible; Yahoo! Slurp; http://help.yahoo.com/help/us/ysearch/slurp)"
68.180.224.226 - - [22/Feb/2014:20:57:18 -0600] "GET /sss2003/title.htm HTTP/1.1" 200 92 "-" "Mozilla/5.0 (compatible; Yahoo! Slurp; http://help.yahoo.com/help/us/ysearch/slurp)"
68.180.224.226 - - [22/Feb/2014:20:57:19 -0600] "GET /sss2003/left.htm HTTP/1.1" 200 5035 "-" "Mozilla/5.0 (compatible; Yahoo! Slurp; http://help.yahoo.com/help/us/ysearch/slurp)"
68.180.224.226 - - [22/Feb/2014:20:57:21 -0600] "GET /sss2003/right.htm HTTP/1.1" 200 1397 "-" "Mozilla/5.0 (compatible; Yahoo! Slurp; http://help.yahoo.com/help/us/ysearch/slurp)"
68.180.224.226 - - [22/Feb/2014:20:57:46 -0600] "GET /wss2001/registration.htm HTTP/1.1" 200 7608 "-" "Mozilla/5.0 (compatible; Yahoo! Slurp; http://help.yahoo.com/help/us/ysearch/slurp)"
68.180.224.226 - - [22/Feb/2014:20:57:49 -0600] "GET /wss2001/contents.htm HTTP/1.1" 200 5597 "-" "Mozilla/5.0 (compatible; Yahoo! Slurp; http://help.yahoo.com/help/us/ysearch/slurp)"
68.180.224.226 - - [22/Feb/2014:20:58:08 -0600] "GET /wss2001/location.htm HTTP/1.1" 200 12145 "-" "Mozilla/5.0 (compatible; Yahoo! Slurp; http://help.yahoo.com/help/us/ysearch/slurp)"
68.180.224.226 - - [22/Feb/2014:20:58:13 -0600] "GET /wss2001/contacts.htm HTTP/1.1" 200 10446 "-" "Mozilla/5.0 (compatible; Yahoo! Slurp; http://help.yahoo.com/help/us/ysearch/slurp)"
68.180.224.226 - - [22/Feb/2014:20:58:16 -0600] "GET /wss2001/sponsors.htm HTTP/1.1" 200 8994 "-" "Mozilla/5.0 (compatible; Yahoo! Slurp; http://help.yahoo.com/help/us/ysearch/slurp)"
68.180.224.226 - - [22/Feb/2014:20:58:23 -0600] "GET /sss2003/author_kit.htm HTTP/1.1" 200 2207 "-" "Mozilla/5.0 (compatible; Yahoo! Slurp; http://help.yahoo.com/help/us/ysearch/slurp)"
68.180.224.226 - - [22/Feb/2014:20:58:29 -0600] "GET /sss2003/committee.htm HTTP/1.1" 200 1822 "-" "Mozilla/5.0 (compatible; Yahoo! Slurp; http://help.yahoo.com/help/us/ysearch/slurp)"
68.180.224.226 - - [22/Feb/2014:20:58:35 -0600] "GET /sss2003/scope.htm HTTP/1.1" 200 1769 "-" "Mozilla/5.0 (compatible; Yahoo! Slurp; http://help.yahoo.com/help/us/ysearch/slurp)"
68.180.224.226 - - [22/Feb/2014:20:58:40 -0600] "GET /wss2001/accepted_papers.htm HTTP/1.1" 200 14530 "-" "Mozilla/5.0 (compatible; Yahoo! Slurp; http://help.yahoo.com/help/us/ysearch/slurp)"
68.180.224.226 - - [22/Feb/2014:20:58:47 -0600] "GET /sss2003/final_program.htm HTTP/1.1" 200 6850 "-" "Mozilla/5.0 (compatible; Yahoo! Slurp; http://help.yahoo.com/help/us/ysearch/slurp)"
68.180.224.226 - - [22/Feb/2014:20:58:47 -0600] "GET /wss2001/index.html HTTP/1.1" 200 10646 "-" "Mozilla/5.0 (compatible; Yahoo! Slurp; http://help.yahoo.com/help/us/ysearch/slurp)"
68.180.224.226 - - [22/Feb/2014:20:58:48 -0600] "GET /wss2001/links_of_interest.htm HTTP/1.1" 200 9294 "-" "Mozilla/5.0 (compatible; Yahoo! Slurp; http://help.yahoo.com/help/us/ysearch/slurp)"
68.180.224.226 - - [22/Feb/2014:20:58:57 -0600] "GET /sss2003/history.htm HTTP/1.1" 200 1113 "-" "Mozilla/5.0 (compatible; Yahoo! Slurp; http://help.yahoo.com/help/us/ysearch/slurp)"
68.180.224.226 - - [22/Feb/2014:20:59:16 -0600] "GET /sss2003/index.html HTTP/1.1" 200 675 "-" "Mozilla/5.0 (compatible; Yahoo! Slurp; http://help.yahoo.com/help/us/ysearch/slurp)"
68.180.224.226 - - [22/Feb/2014:20:59:28 -0600] "GET /sss2003/acccepted.htm HTTP/1.1" 200 5837 "-" "Mozilla/5.0 (compatible; Yahoo! Slurp; http://help.yahoo.com/help/us/ysearch/slurp)"
68.180.224.226 - - [22/Feb/2014:20:59:37 -0600] "GET /sss2003/submissions.htm HTTP/1.1" 200 2073 "-" "Mozilla/5.0 (compatible; Yahoo! Slurp; http://help.yahoo.com/help/us/ysearch/slurp)"
5.10.83.82 - - [22/Feb/2014:21:00:25 -0600] "GET /sss2011/call.html HTTP/1.1" 200 9085 "-" "Mozilla/5.0 (compatible; AhrefsBot/5.0; +http://ahrefs.com/robot/)"
202.46.60.19 - - [22/Feb/2014:21:01:08 -0600] "GET / HTTP/1.1" 200 2998 "-" "Mozilla/4.0 (compatible; MSIE 7.0; Windows NT 6.0)"
192.236.132.194 - - [22/Feb/2014:21:01:49 -0600] "GET /22c016f10/UserPreferences HTTP/1.1" 200 13046 "http://weblog.cs.uiowa.edu/" "Mozilla/5.0 (Linux; U; Android 2.2; fr-fr; Desire_A8181 Build/FRF91) App3leWebKit/53.1 (KHTML, like Gecko) Version/4.0 Mobile Safari/533.1"
23.94.36.164 - - [22/Feb/2014:21:01:49 -0600] "GET /22c016f10/UserPreferences?action=login HTTP/1.0" 200 9535 "http://weblog.cs.uiowa.edu/22c016f10/UserPreferences" "Mozilla/5.0 (Linux; U; Android 2.2; fr-fr; Desire_A8181 Build/FRF91) App3leWebKit/53.1 (KHTML, like Gecko) Version/4.0 Mobile Safari/533.1"
23.94.36.164 - - [22/Feb/2014:21:01:50 -0600] "POST /22c016f10/UserPreferences HTTP/1.0" 200 13147 "http://weblog.cs.uiowa.edu/22c016f10/UserPreferences?action=login" "Mozilla/5.0 (Linux; U; Android 2.2; fr-fr; Desire_A8181 Build/FRF91) App3leWebKit/53.1 (KHTML, like Gecko) Version/4.0 Mobile Safari/533.1"
119.63.193.196 - - [22/Feb/2014:21:02:05 -0600] "GET / HTTP/1.1" 200 2998 "-" "Mozilla/4.0 (compatible; MSIE 7.0; Windows NT 6.0)"
222.77.201.71 - - [22/Feb/2014:21:04:45 -0600] "GET /22c016f10/Gabriella_Psychic_Gets_Most_Dependable_Award HTTP/1.1" 404 8009 "http://weblog.cs.uiowa.edu/" "Mozilla/5.0 (Linux; U; Android 2.2; fr-fr; Desire_A8181 Build/FRF91) App3leWebKit/53.1 (KHTML, like Gecko) Version/4.0 Mobile Safari/533.1"
222.77.201.71 - - [22/Feb/2014:21:04:46 -0600] "GET /22c016f10/Gabriella_Psychic_Gets_Most_Dependable_Award?action=login HTTP/1.1" 200 6304 "http://weblog.cs.uiowa.edu/22c016f10/Gabriella_Psychic_Gets_Most_Dependable_Award" "Mozilla/5.0 (Linux; U; Android 2.2; fr-fr; Desire_A8181 Build/FRF91) App3leWebKit/53.1 (KHTML, like Gecko) Version/4.0 Mobile Safari/533.1"
222.77.201.71 - - [22/Feb/2014:21:04:47 -0600] "GET /22c016f10/UserPreferences HTTP/1.1" 200 13046 "http://weblog.cs.uiowa.edu/22c016f10/Gabriella_Psychic_Gets_Most_Dependable_Award?action=login" "Mozilla/5.0 (Linux; U; Android 2.2; fr-fr; Desire_A8181 Build/FRF91) App3leWebKit/53.1 (KHTML, like Gecko) Version/4.0 Mobile Safari/533.1"
222.77.201.71 - - [22/Feb/2014:21:04:48 -0600] "POST /22c016f10/UserPreferences HTTP/1.1" 200 13094 "http://weblog.cs.uiowa.edu/22c016f10/UserPreferences" "Mozilla/5.0 (Linux; U; Android 2.2; fr-fr; Desire_A8181 Build/FRF91) App3leWebKit/53.1 (KHTML, like Gecko) Version/4.0 Mobile Safari/533.1"
27.159.214.16 - - [22/Feb/2014:21:08:01 -0600] "GET /22c016f10/Gabriella_Psychic_Gets_Most HTTP/1.1" 404 7754 "http://weblog.cs.uiowa.edu/" "Mozilla/5.0 (Linux; U; Android 2.2; fr-fr; Desire_A8181 Build/FRF91) App3leWebKit/53.1 (KHTML, like Gecko) Version/4.0 Mobile Safari/533.1"
27.159.214.16 - - [22/Feb/2014:21:08:02 -0600] "GET /22c016f10/Gabriella_Psychic_Gets_Most?action=login HTTP/1.1" 200 6219 "http://weblog.cs.uiowa.edu/22c016f10/Gabriella_Psychic_Gets_Most" "Mozilla/5.0 (Linux; U; Android 2.2; fr-fr; Desire_A8181 Build/FRF91) App3leWebKit/53.1 (KHTML, like Gecko) Version/4.0 Mobile Safari/533.1"
27.159.214.16 - - [22/Feb/2014:21:08:03 -0600] "GET /22c016f10/UserPreferences HTTP/1.1" 200 13046 "http://weblog.cs.uiowa.edu/22c016f10/Gabriella_Psychic_Gets_Most?action=login" "Mozilla/5.0 (Linux; U; Android 2.2; fr-fr; Desire_A8181 Build/FRF91) App3leWebKit/53.1 (KHTML, like Gecko) Version/4.0 Mobile Safari/533.1"
27.159.214.16 - - [22/Feb/2014:21:08:05 -0600] "POST /22c016f10/UserPreferences HTTP/1.1" 200 13094 "http://weblog.cs.uiowa.edu/22c016f10/UserPreferences" "Mozilla/5.0 (Linux; U; Android 2.2; fr-fr; Desire_A8181 Build/FRF91) App3leWebKit/53.1 (KHTML, like Gecko) Version/4.0 Mobile Safari/533.1"
192.73.235.221 - - [22/Feb/2014:21:08:21 -0600] "GET /22c016f10/Gabriella_Psychic_Gets_Most_Dependable_Award HTTP/1.0" 404 8009 "http://weblog.cs.uiowa.edu/" "Mozilla/5.0 (iPod; CPU iPhone OS 6_1_3 like Mac OS X) AppleWebKit/536.26 (KHTML, like Gecko) Version/6.0 Mobile/10B329 Safari/8536.25"
180.76.5.97 - - [22/Feb/2014:21:16:09 -0600] "GET /book/sliceex3 HTTP/1.1" 200 5163 "-" "Mozilla/5.0 (compatible; Baiduspider/2.0; +http://www.baidu.com/search/spider.html)"
27.159.253.80 - - [22/Feb/2014:21:17:38 -0600] "GET /22c016f10/UserPreferences HTTP/1.1" 200 13046 "http://weblog.cs.uiowa.edu/" "Mozilla/5.0 (Linux; U; Android 2.2; fr-fr; Desire_A8181 Build/FRF91) App3leWebKit/53.1 (KHTML, like Gecko) Version/4.0 Mobile Safari/533.1"
27.159.253.80 - - [22/Feb/2014:21:17:40 -0600] "GET /22c016f10/UserPreferences?action=login HTTP/1.1" 200 9535 "http://weblog.cs.uiowa.edu/22c016f10/UserPreferences" "Mozilla/5.0 (Linux; U; Android 2.2; fr-fr; Desire_A8181 Build/FRF91) App3leWebKit/53.1 (KHTML, like Gecko) Version/4.0 Mobile Safari/533.1"
27.159.253.80 - - [22/Feb/2014:21:17:41 -0600] "POST /22c016f10/UserPreferences HTTP/1.1" 200 13145 "http://weblog.cs.uiowa.edu/22c016f10/UserPreferences?action=login" "Mozilla/5.0 (Linux; U; Android 2.2; fr-fr; Desire_A8181 Build/FRF91) App3leWebKit/53.1 (KHTML, like Gecko) Version/4.0 Mobile Safari/533.1"
